Microchip MPLAB XC8 Compiler V1.45 ()

Linker command line:

-W-3 --edf=C:\Program Files (x86)\Microchip\xc8\v1.45\dat\en_msgs.txt -cs \
  -h+dist/default/production\RN2483_LoRAWAN_v1.00.X.production.sym \
  --cmf=dist/default/production\RN2483_LoRAWAN_v1.00.X.production.cmf -z \
  -Q18LF46K22 -oC:\Users\KAMEN~1.VAL\AppData\Local\Temp\s97s.2 \
  -Mdist/default/production/RN2483_LoRAWAN_v1.00.X.production.map -E1 \
  -ver=XC8 -ASTACK=06FEh-0f37h -pstack=STACK -ACODE=00h-0FFFFh \
  -ACONST=00h-0FFFFh -ASMALLCONST=01000h-010FFhx240 \
  -AMEDIUMCONST=01000h-0FFFFh -ACOMRAM=01h-05Fh -AABS1=00h-0F37h \
  -ABIGRAM=01h-0F37h -ARAM=060h-0FFh,0100h-01FFhx14,0F00h-0F37h \
  -ABANK0=060h-0FFh -ABANK1=0100h-01FFh -ABANK2=0200h-02FFh \
  -ABANK3=0300h-03FFh -ABANK4=0400h-04FFh -ABANK5=0500h-05FFh \
  -ABANK6=0600h-06FFh -ABANK7=0700h-07FFh -ABANK8=0800h-08FFh \
  -ABANK9=0900h-09FFh -ABANK10=0A00h-0AFFh -ABANK11=0B00h-0BFFh \
  -ABANK12=0C00h-0CFFh -ABANK13=0D00h-0DFFh -ABANK14=0E00h-0EFFh \
  -ABANK15=0F00h-0F37h -ASFR=0F38h-0F5Fh,0F60h-0FFFh \
  -preset_vec=00h,intcode=08h,intcodelo,powerup,init -pramtop=01000h \
  -psmallconst=SMALLCONST -pmediumconst=MEDIUMCONST -pconst=CONST \
  -AFARRAM=00h-00h -ACONFIG=0300000h-030000Dh -pconfig=CONFIG \
  -AIDLOC=0200000h-0200007h -pidloc=IDLOC -AEEDATA=0F00000h-0F003FFh \
  -peeprom_data=EEDATA \
  -prdata=COMRAM,nvrram=COMRAM,nvbit=COMRAM,rbss=COMRAM,rbit=COMRAM \
  -pfarbss=FARRAM,fardata=FARRAM,nvFARRAM=FARRAM \
  -pintsave_regs=BIGRAM,bigbss=BIGRAM,bigdata=BIGRAM -pbss=RAM \
  -pidata=CODE,irdata=CODE,ibigdata=CODE,ifardata=CODE -prparam=COMRAM \
  C:\Users\KAMEN~1.VAL\AppData\Local\Temp\s97s.obj \
  dist/default/production\RN2483_LoRAWAN_v1.00.X.production.obj 

Object code version is 3.11

Machine type is 18LF46K22

Call graph: (short form)




                Name                               Link     Load   Length Selector   Space Scale
C:\Users\KAMEN~1.VAL\AppData\Local\Temp\s97s.obj
                stack                               6FE      6FE      83A      6FE       2
                init                                 7E       7E        8        4       0
                reset_vec                             0        0        4        0       0
                idloc                            200000   200000        8   200000       0
                config                           300000   300000        E   300000       0
dist/default/production\RN2483_LoRAWAN_v1.00.X.production.obj
                intcode                               8        8       76        4       0
                temp                                 48       48        C        1       1
                mediumconst                        FE66     FE66      19A     7F33       0
                text215                            8CD6     8CD6        2        4       0
                text214                            8CA8     8CA8        6        4       0
                text213                            89B6     89B6       20        4       0
                text212                            8C82     8C82        8        4       0
                text211                            8CD4     8CD4        2        4       0
                text210                            8CA2     8CA2        6        4       0
                text209                            8996     8996       20        4       0
                text208                            8C7A     8C7A        8        4       0
                text207                            8CD2     8CD2        2        4       0
                text206                            8C9C     8C9C        6        4       0
                text205                            8976     8976       20        4       0
                text204                            8C68     8C68        A        4       0
                text203                            8956     8956       20        4       0
                text202                            4DC4     4DC4      16C        4       0
                text201                            5CCE     5CCE      100        4       0
                text200                            8A2C     8A2C       1C        4       0
                text199                            81D0     81D0       44        4       0
                text198                            7D1E     7D1E       56        4       0
                text197                            8CD0     8CD0        2        4       0
                text196                            8936     8936       20        4       0
                text195                            8B02     8B02       14        4       0
                text193                            6FBE     6FBE       8C        4       0
                text192                            7EC0     7EC0       52        4       0
                text191                            7A44     7A44       60        4       0
                text190                            84DC     84DC       30        4       0
                text189                            715E     715E       8A        4       0
                text188                            70D4     70D4       8A        4       0
                text187                            818C     818C       44        4       0
                text186                            8894     8894       22        4       0
                text185                            4622     4622      198        4       0
                text184                            5BCC     5BCC      102        4       0
                text183                            8916     8916       20        4       0
                text182                            7F60     7F60       4A        4       0
                text181                            6E98     6E98       96        4       0
                text180                            6E02     6E02       96        4       0
                text179                            87BC     87BC       28        4       0
                text178                            72F4     72F4       84        4       0
                text177                            7C70     7C70       58        4       0
                text176                            51FA     51FA      15E        4       0
                text175                            8CC2     8CC2        4        4       0
                text174                            8CBE     8CBE        4        4       0
                text173                            8A62     8A62       1A        4       0
                text172                            84AC     84AC       30        4       0
                text171                            8036     8036       46        4       0
                text170                            8CBA     8CBA        4        4       0
                text169                            8CB6     8CB6        4        4       0
                text168                            8B3A     8B3A       12        4       0
                text167                            8BB8     8BB8        E        4       0
                text166                            88F6     88F6       20        4       0
                text165                            778A     778A       68        4       0
                text164                            61AA     61AA       F0        4       0
                text163                            8BC6     8BC6        C        4       0
                text162                            8794     8794       28        4       0
                text161                            5DCE     5DCE       FE        4       0
                text160                            8148     8148       44        4       0
                text159                            4458     4458      1CA        4       0
                text158                            8C5E     8C5E        A        4       0
                text157                            7E6E     7E6E       52        4       0
                text156                            5ECC     5ECC       FA        4       0
                text155                            428A     428A      1CE        4       0
                text154                            6D5E     6D5E       A4        4       0
                text153                            6542     6542       DE        4       0
                text152                            8B8C     8B8C       10        4       0
                text151                            7982     7982       62        4       0
                text150                            350C     350C      2A4        4       0
                text149                            5096     5096      164        4       0
                text148                            28FE     28FE      34A        4       0
                text147                            8350     8350       36        4       0
                text146                            7920     7920       62        4       0
                text145                            54A6     54A6      14C        4       0
                text144                            21F0     21F0      3AA        4       0
                text143                            78BE     78BE       62        4       0
                text142                            8104     8104       44        4       0
                text141                            7B60     7B60       5C        4       0
                text140                            8872     8872       22        4       0
                text139                            47BA     47BA      190        4       0
                text138                            7722     7722       68        4       0
                text137                            76B8     76B8       6A        4       0
                text136                            60BA     60BA       F0        4       0
                text135                            14DE     14DE      500        4       0
                text134                            3A20     3A20      238        4       0
                text133                            8C54     8C54        A        4       0
                text132                            704A     704A       8A        4       0
                text131                            847C     847C       30        4       0
                text130                            8C4A     8C4A        A        4       0
                text129                            8C40     8C40        A        4       0
                text128                            8C36     8C36        A        4       0
                text127                            6C12     6C12       A8        4       0
                text126                            8C2C     8C2C        A        4       0
                text125                            8C22     8C22        A        4       0
                text124                            8C18     8C18        A        4       0
                text123                            7E1C     7E1C       52        4       0
                text122                            585E     585E      12A        4       0
                text121                            764C     764C       6C        4       0
                text120                            8A48     8A48       1A        4       0
                text119                            6CBA     6CBA       A4        4       0
                text118                            8AEE     8AEE       14        4       0
                text117                            86CA     86CA       2A        4       0
                text116                            3C58     3C58      230        4       0
                text115                            88D6     88D6       20        4       0
                text114                            8C96     8C96        6        4       0
                text113                            8B28     8B28       12        4       0
                text112                            8ADA     8ADA       14        4       0
                text111                            8CCE     8CCE        2        4       0
                text110                            7478     7478       7E        4       0
                text109                            8C90     8C90        6        4       0
                text108                            86A0     86A0       2A        4       0
                text107                            8296     8296       40        4       0
                text106                             D2C      D2C      7B2        4       0
                text105                            5730     5730      12E        4       0
                text104                            7B02     7B02       5E        4       0
                text103                            7378     7378       82        4       0
                text102                            6B66     6B66       AC        4       0
                text101                            726E     726E       86        4       0
                text100                            7C16     7C16       5A        4       0
                text99                             67CA     67CA       CA        4       0
                text98                             5FC6     5FC6       F4        4       0
                text97                             71E8     71E8       86        4       0
                text96                             494A     494A      18C        4       0
                text95                             6464     6464       DE        4       0
                text94                             8C8A     8C8A        6        4       0
                text93                             19DE     19DE      462        4       0
                text92                             1E40     1E40      3B0        4       0
                text91                             79E4     79E4       60        4       0
                text90                             66F8     66F8       D2        4       0
                text89                             8C0E     8C0E        A        4       0
                text88                             7DC8     7DC8       54        4       0
                text87                             4F30     4F30      166        4       0
                text86                             75E0     75E0       6C        4       0
                text85                             8A10     8A10       1C        4       0
                text84                             8C04     8C04        A        4       0
                text83                             8BFA     8BFA        A        4       0
                text82                             7AA4     7AA4       5E        4       0
                text81                             88B6     88B6       20        4       0
                text80                             8AAC     8AAC       18        4       0
                text79                             8676     8676       2A        4       0
                text78                             3244     3244      2C8        4       0
                text77                             83EA     83EA       32        4       0
                text76                             880A     880A       24        4       0
                text75                             7BBC     7BBC       5A        4       0
                text74                             5358     5358      14E        4       0
                text73                             80C0     80C0       44        4       0
                text72                             807C     807C       44        4       0
                text71                             7FF0     7FF0       46        4       0
                text70                             7858     7858       66        4       0
                text69                             37B0     37B0      270        4       0
                text68                             8AC4     8AC4       16        4       0
                text67                             8A94     8A94       18        4       0
                text66                             3E88     3E88      214        4       0
                text65                             876C     876C       28        4       0
                text64                             8214     8214       42        4       0
                text63                             8744     8744       28        4       0
                text62                             2F4E     2F4E      2F6        4       0
                text61                             8CCC     8CCC        2        4       0
                text60                             844C     844C       30        4       0
                text59                             73FA     73FA       7E        4       0
                text58                             4AD6     4AD6      182        4       0
                text57                             409C     409C      1EE        4       0
                text56                             89F4     89F4       1C        4       0
                text55                             756E     756E       72        4       0
                text54                               86       86      CA6        4       0
                text53                             259A     259A      364        4       0
                text52                             6A06     6A06       B4        4       0
                text51                             77F2     77F2       66        4       0
                text50                             6380     6380       E4        4       0
                text49                             5988     5988      126        4       0
                text48                             83B8     83B8       32        4       0
                text47                             6F2E     6F2E       90        4       0
                text46                             8256     8256       40        4       0
                text45                             85F2     85F2       2E        4       0
                text44                             7F12     7F12       4E        4       0
                text43                             7CC8     7CC8       56        4       0
                text42                             8850     8850       22        4       0
                text41                             8386     8386       32        4       0
                text40                             871C     871C       28        4       0
                text39                             8B16     8B16       12        4       0
                text38                             74F6     74F6       78        4       0
                text37                             8314     8314       3C        4       0
                text36                             7FAA     7FAA       46        4       0
                text35                             6620     6620       D8        4       0
                text34                             694E     694E       B8        4       0
                text33                             4C58     4C58      16C        4       0
                text32                             5AAE     5AAE      11E        4       0
                text31                             87E4     87E4       26        4       0
                text30                             55F2     55F2      13E        4       0
                text29                             2C48     2C48      306        4       0
                text28                             629A     629A       E6        4       0
                text27                             82D6     82D6       3E        4       0
                text26                             85C4     85C4       2E        4       0
                text25                             8596     8596       2E        4       0
                text24                             8568     8568       2E        4       0
                text23                             8A7C     8A7C       18        4       0
                text22                             853A     853A       2E        4       0
                text21                             850C     850C       2E        4       0
                text20                             8BF0     8BF0        A        4       0
                text19                             8BE6     8BE6        A        4       0
                text18                             864C     864C       2A        4       0
                text17                             8CB2     8CB2        4        4       0
                text16                             8B7C     8B7C       10        4       0
                text15                             8B6C     8B6C       10        4       0
                text14                             8BDC     8BDC        A        4       0
                text13                             8B5C     8B5C       10        4       0
                text12                             8CCA     8CCA        2        4       0
                text11                             8CC8     8CC8        2        4       0
                text10                             8CC6     8CC6        2        4       0
                text9                              8C72     8C72        8        4       0
                text8                              8BD2     8BD2        A        4       0
                text7                              8B4C     8B4C       10        4       0
                text6                              882E     882E       22        4       0
                text5                              8BAA     8BAA        E        4       0
                text4                              7D74     7D74       54        4       0
                text3                              8B9C     8B9C        E        4       0
                text2                              8620     8620       2C        4       0
                text1                              89D6     89D6       1E        4       0
                text0                              6ABA     6ABA       AC        4       0
                cstackCOMRAM                          1        1       3B        1       1
                cstackBANK0                          60       60       99       60       1
                cstackBANK1                         100      100       69      100       1
                bssBIGRAM                           4E0      4E0      21E      4E0       1
                bssBANK4                            400      400       E0      400       1
                dataBANK3                           3A0      3A0       30      300       1
                bssBANK3                            300      300       A0      300       1
                bssBANK2                            200      200       F5      200       1
                dataBANK1                           1C9      1C9       28      100       1
                bssBANK1                            169      169       60      100       1
                bssBANK0                             F9       F9        1       60       1
                dataCOMRAM                           54       54        4        1       1
                bssCOMRAM                            3C       3C        C        1       1
                cinit                              6894     6894       BA        4       0
                nvBANK1                             1F1      1F1        A      100       1
                idataBANK3                         841C     841C       30        4       0
                idataBANK1                         86F4     86F4       28        4       0
                idataCOMRAM                        8CAE     8CAE        4        4       0

TOTAL           Name                               Link     Load   Length     Space
        CLASS   STACK          
                stack                               6FE      6FE      83A         2

        CLASS   CODE           
                intcode                               8        8       76         0
                init                                 7E       7E        8         0
                reset_vec                             0        0        4         0
                text215                            8CD6     8CD6        2         0
                text214                            8CA8     8CA8        6         0
                text213                            89B6     89B6       20         0
                text212                            8C82     8C82        8         0
                text211                            8CD4     8CD4        2         0
                text210                            8CA2     8CA2        6         0
                text209                            8996     8996       20         0
                text208                            8C7A     8C7A        8         0
                text207                            8CD2     8CD2        2         0
                text206                            8C9C     8C9C        6         0
                text205                            8976     8976       20         0
                text204                            8C68     8C68        A         0
                text203                            8956     8956       20         0
                text202                            4DC4     4DC4      16C         0
                text201                            5CCE     5CCE      100         0
                text200                            8A2C     8A2C       1C         0
                text199                            81D0     81D0       44         0
                text198                            7D1E     7D1E       56         0
                text197                            8CD0     8CD0        2         0
                text196                            8936     8936       20         0
                text195                            8B02     8B02       14         0
                text193                            6FBE     6FBE       8C         0
                text192                            7EC0     7EC0       52         0
                text191                            7A44     7A44       60         0
                text190                            84DC     84DC       30         0
                text189                            715E     715E       8A         0
                text188                            70D4     70D4       8A         0
                text187                            818C     818C       44         0
                text186                            8894     8894       22         0
                text185                            4622     4622      198         0
                text184                            5BCC     5BCC      102         0
                text183                            8916     8916       20         0
                text182                            7F60     7F60       4A         0
                text181                            6E98     6E98       96         0
                text180                            6E02     6E02       96         0
                text179                            87BC     87BC       28         0
                text178                            72F4     72F4       84         0
                text177                            7C70     7C70       58         0
                text176                            51FA     51FA      15E         0
                text175                            8CC2     8CC2        4         0
                text174                            8CBE     8CBE        4         0
                text173                            8A62     8A62       1A         0
                text172                            84AC     84AC       30         0
                text171                            8036     8036       46         0
                text170                            8CBA     8CBA        4         0
                text169                            8CB6     8CB6        4         0
                text168                            8B3A     8B3A       12         0
                text167                            8BB8     8BB8        E         0
                text166                            88F6     88F6       20         0
                text165                            778A     778A       68         0
                text164                            61AA     61AA       F0         0
                text163                            8BC6     8BC6        C         0
                text162                            8794     8794       28         0
                text161                            5DCE     5DCE       FE         0
                text160                            8148     8148       44         0
                text159                            4458     4458      1CA         0
                text158                            8C5E     8C5E        A         0
                text157                            7E6E     7E6E       52         0
                text156                            5ECC     5ECC       FA         0
                text155                            428A     428A      1CE         0
                text154                            6D5E     6D5E       A4         0
                text153                            6542     6542       DE         0
                text152                            8B8C     8B8C       10         0
                text151                            7982     7982       62         0
                text150                            350C     350C      2A4         0
                text149                            5096     5096      164         0
                text148                            28FE     28FE      34A         0
                text147                            8350     8350       36         0
                text146                            7920     7920       62         0
                text145                            54A6     54A6      14C         0
                text144                            21F0     21F0      3AA         0
                text143                            78BE     78BE       62         0
                text142                            8104     8104       44         0
                text141                            7B60     7B60       5C         0
                text140                            8872     8872       22         0
                text139                            47BA     47BA      190         0
                text138                            7722     7722       68         0
                text137                            76B8     76B8       6A         0
                text136                            60BA     60BA       F0         0
                text135                            14DE     14DE      500         0
                text134                            3A20     3A20      238         0
                text133                            8C54     8C54        A         0
                text132                            704A     704A       8A         0
                text131                            847C     847C       30         0
                text130                            8C4A     8C4A        A         0
                text129                            8C40     8C40        A         0
                text128                            8C36     8C36        A         0
                text127                            6C12     6C12       A8         0
                text126                            8C2C     8C2C        A         0
                text125                            8C22     8C22        A         0
                text124                            8C18     8C18        A         0
                text123                            7E1C     7E1C       52         0
                text122                            585E     585E      12A         0
                text121                            764C     764C       6C         0
                text120                            8A48     8A48       1A         0
                text119                            6CBA     6CBA       A4         0
                text118                            8AEE     8AEE       14         0
                text117                            86CA     86CA       2A         0
                text116                            3C58     3C58      230         0
                text115                            88D6     88D6       20         0
                text114                            8C96     8C96        6         0
                text113                            8B28     8B28       12         0
                text112                            8ADA     8ADA       14         0
                text111                            8CCE     8CCE        2         0
                text110                            7478     7478       7E         0
                text109                            8C90     8C90        6         0
                text108                            86A0     86A0       2A         0
                text107                            8296     8296       40         0
                text106                             D2C      D2C      7B2         0
                text105                            5730     5730      12E         0
                text104                            7B02     7B02       5E         0
                text103                            7378     7378       82         0
                text102                            6B66     6B66       AC         0
                text101                            726E     726E       86         0
                text100                            7C16     7C16       5A         0
                text99                             67CA     67CA       CA         0
                text98                             5FC6     5FC6       F4         0
                text97                             71E8     71E8       86         0
                text96                             494A     494A      18C         0
                text95                             6464     6464       DE         0
                text94                             8C8A     8C8A        6         0
                text93                             19DE     19DE      462         0
                text92                             1E40     1E40      3B0         0
                text91                             79E4     79E4       60         0
                text90                             66F8     66F8       D2         0
                text89                             8C0E     8C0E        A         0
                text88                             7DC8     7DC8       54         0
                text87                             4F30     4F30      166         0
                text86                             75E0     75E0       6C         0
                text85                             8A10     8A10       1C         0
                text84                             8C04     8C04        A         0
                text83                             8BFA     8BFA        A         0
                text82                             7AA4     7AA4       5E         0
                text81                             88B6     88B6       20         0
                text80                             8AAC     8AAC       18         0
                text79                             8676     8676       2A         0
                text78                             3244     3244      2C8         0
                text77                             83EA     83EA       32         0
                text76                             880A     880A       24         0
                text75                             7BBC     7BBC       5A         0
                text74                             5358     5358      14E         0
                text73                             80C0     80C0       44         0
                text72                             807C     807C       44         0
                text71                             7FF0     7FF0       46         0
                text70                             7858     7858       66         0
                text69                             37B0     37B0      270         0
                text68                             8AC4     8AC4       16         0
                text67                             8A94     8A94       18         0
                text66                             3E88     3E88      214         0
                text65                             876C     876C       28         0
                text64                             8214     8214       42         0
                text63                             8744     8744       28         0
                text62                             2F4E     2F4E      2F6         0
                text61                             8CCC     8CCC        2         0
                text60                             844C     844C       30         0
                text59                             73FA     73FA       7E         0
                text58                             4AD6     4AD6      182         0
                text57                             409C     409C      1EE         0
                text56                             89F4     89F4       1C         0
                text55                             756E     756E       72         0
                text54                               86       86      CA6         0
                text53                             259A     259A      364         0
                text52                             6A06     6A06       B4         0
                text51                             77F2     77F2       66         0
                text50                             6380     6380       E4         0
                text49                             5988     5988      126         0
                text48                             83B8     83B8       32         0
                text47                             6F2E     6F2E       90         0
                text46                             8256     8256       40         0
                text45                             85F2     85F2       2E         0
                text44                             7F12     7F12       4E         0
                text43                             7CC8     7CC8       56         0
                text42                             8850     8850       22         0
                text41                             8386     8386       32         0
                text40                             871C     871C       28         0
                text39                             8B16     8B16       12         0
                text38                             74F6     74F6       78         0
                text37                             8314     8314       3C         0
                text36                             7FAA     7FAA       46         0
                text35                             6620     6620       D8         0
                text34                             694E     694E       B8         0
                text33                             4C58     4C58      16C         0
                text32                             5AAE     5AAE      11E         0
                text31                             87E4     87E4       26         0
                text30                             55F2     55F2      13E         0
                text29                             2C48     2C48      306         0
                text28                             629A     629A       E6         0
                text27                             82D6     82D6       3E         0
                text26                             85C4     85C4       2E         0
                text25                             8596     8596       2E         0
                text24                             8568     8568       2E         0
                text23                             8A7C     8A7C       18         0
                text22                             853A     853A       2E         0
                text21                             850C     850C       2E         0
                text20                             8BF0     8BF0        A         0
                text19                             8BE6     8BE6        A         0
                text18                             864C     864C       2A         0
                text17                             8CB2     8CB2        4         0
                text16                             8B7C     8B7C       10         0
                text15                             8B6C     8B6C       10         0
                text14                             8BDC     8BDC        A         0
                text13                             8B5C     8B5C       10         0
                text12                             8CCA     8CCA        2         0
                text11                             8CC8     8CC8        2         0
                text10                             8CC6     8CC6        2         0
                text9                              8C72     8C72        8         0
                text8                              8BD2     8BD2        A         0
                text7                              8B4C     8B4C       10         0
                text6                              882E     882E       22         0
                text5                              8BAA     8BAA        E         0
                text4                              7D74     7D74       54         0
                text3                              8B9C     8B9C        E         0
                text2                              8620     8620       2C         0
                text1                              89D6     89D6       1E         0
                text0                              6ABA     6ABA       AC         0
                cinit                              6894     6894       BA         0
                idataBANK3                         841C     841C       30         0
                idataBANK1                         86F4     86F4       28         0
                idataCOMRAM                        8CAE     8CAE        4         0

        CLASS   CONST          

        CLASS   SMALLCONST     

        CLASS   MEDIUMCONST    
                mediumconst                        FE66     FE66      19A         0

        CLASS   COMRAM         
                temp                                 48       48        C         1
                cstackCOMRAM                          1        1       3B         1
                dataCOMRAM                           54       54        4         1
                bssCOMRAM                            3C       3C        C         1

        CLASS   ABS1           

        CLASS   BIGRAM         
                bssBIGRAM                           4E0      4E0      21E         1

        CLASS   RAM            

        CLASS   BANK0          
                cstackBANK0                          60       60       99         1
                bssBANK0                             F9       F9        1         1

        CLASS   BANK1          
                cstackBANK1                         100      100       69         1
                dataBANK1                           1C9      1C9       28         1
                bssBANK1                            169      169       60         1
                nvBANK1                             1F1      1F1        A         1

        CLASS   BANK2          
                bssBANK2                            200      200       F5         1

        CLASS   BANK3          
                dataBANK3                           3A0      3A0       30         1
                bssBANK3                            300      300       A0         1

        CLASS   BANK4          
                bssBANK4                            400      400       E0         1

        CLASS   BANK5          

        CLASS   BANK6          

        CLASS   BANK7          

        CLASS   BANK8          

        CLASS   BANK9          

        CLASS   BANK10         

        CLASS   BANK11         

        CLASS   BANK12         

        CLASS   BANK13         

        CLASS   BANK14         

        CLASS   BANK15         

        CLASS   SFR            

        CLASS   FARRAM         

        CLASS   CONFIG         
                config                           300000   300000        E         0

        CLASS   IDLOC          
                idloc                            200000   200000        8         0

        CLASS   EEDATA         



SEGMENTS        Name                           Load    Length   Top    Selector   Space  Class

                reset_vec                      000000  000004  000004         0       0  CODE    
                cstackCOMRAM                   000001  000057  000058         1       1  COMRAM  
                intcode                        000008  008CD0  008CD8         4       0  CODE    
                cstackBANK0                    000060  00009A  0000FA        60       1  BANK0   
                cstackBANK1                    000100  0000FB  0001FB       100       1  BANK1   
                bssBANK2                       000200  0000F5  0002F5       200       1  BANK2   
                bssBANK3                       000300  0000D0  0003D0       300       1  BANK3   
                bssBANK4                       000400  0000E0  0004E0       400       1  BANK4   
                bssBIGRAM                      0004E0  00021E  0006FE       4E0       1  BIGRAM  
                stack                          0006FE  00083A  000F38       6FE       2  STACK   
                mediumconst                    00FE66  00019A  010000      7F33       0  MEDIUMCO
                idloc                          200000  000008  200008    200000       0  IDLOC   
                config                         300000  00000E  30000E    300000       0  CONFIG  


UNUSED ADDRESS RANGES

        Name                Unused          Largest block    Delta
        BANK0            0000FA-0000FF                6
        BANK1            0001FB-0001FF                5
        BANK10           000A00-000AFF              100
        BANK11           000B00-000BFF              100
        BANK12           000C00-000CFF              100
        BANK13           000D00-000DFF              100
        BANK14           000E00-000EFF              100
        BANK15           000F00-000F37               38
        BANK2            0002F5-0002FF                B
        BANK3            0003D0-0003FF               30
        BANK6            0006FE-0006FF                2
        BANK7            000700-0007FF              100
        BANK8            000800-0008FF              100
        BANK9            000900-0009FF              100
        BIGRAM           000058-00005F                8
                         0000FA-0000FF                6
                         0001FB-0001FF                5
                         0002F5-0002FF                B
                         0003D0-0003FF               30
                         0006FE-000F37              83A
        CODE             000004-000007                4
                         008CD8-00FE65             718E
        COMRAM           000058-00005F                8
        CONST            000004-000007                4
                         008CD8-00FE65             718E
        EEDATA           F00000-F003FF              400
        MEDIUMCONST      008CD8-00FE65             718E
        RAM              0000FA-0000FF                6
                         0001FB-0001FF                5
                         0002F5-0002FF                B
                         0003D0-0003FF               30
                         0006FE-000F37              100
        SFR              000F38-000FFF               28
        SMALLCONST       008CD8-00FE65              100

                                  Symbol Table

?_ComputeMic                                              cstackBANK0  0000C7
?_ExecuteDevStatus                                        cstackBANK0  000060
?_ExecuteDutyCycle                                        cstackBANK0  000060
?_ExecuteLinkAdr                                          cstackBANK0  00006F
?_ExecuteLinkCheck                                        cstackBANK0  000060
?_ExecuteNewChannel                                       cstackBANK0  0000A6
?_ExecuteRxParamSetupReq                                  cstackBANK0  0000A6
?_ExecuteRxTimingSetup                                    cstackBANK0  000067
?_ExtractMic                                              cstackBANK0  00006B
?_GetRx1Freq                                              cstackBANK0  000060
?_MacExecuteCommands                                      cstackBANK0  0000B0
?_RADIO_ReadRandom                                        cstackBANK0  00006C
?_RADIO_ReceiveStart                                      cstackBANK0  0000B1
?_RADIO_Transmit                                          cstackBANK0  0000B1
?_Random                                                  cstackBANK0  0000AD
?_SwTimerReadValue                                        cstackBANK0  000091
?_SwTimersInterrupt                                       cstackBANK0  000080
?_TMR1_ReadTimer                                          cstackBANK0  000060
?_TMR_GetDeltaTime                                        cstackBANK0  000068
?_TMR_SwapTimer                                           cstackBANK0  000068
?___awdiv                                                 cstackBANK0  000060
?___lldiv                                                 cstackBANK0  000060
?___llmod                                                 cstackBANK0  000060
?___lmul                                                  cstackBANK0  00009A
?___lwmod                                                 cstackBANK0  0000A8
?___wmul                                                  cstackBANK0  000060
?_rand                                                    cstackBANK0  0000A6
?i2_SwTimersInterrupt                                     cstackCOMRAM 000021
?i2_TMR1_ReadTimer                                        cstackCOMRAM 000001
?i2_TMR_GetDeltaTime                                      cstackCOMRAM 000009
?i2_TMR_SwapTimer                                         cstackCOMRAM 000009
AESCmac@flag                                              cstackBANK1  000162
AESCmac@i                                                 cstackBANK1  000165
AESCmac@input                                             cstackBANK0  0000BD
AESCmac@j                                                 cstackBANK1  000164
AESCmac@k1                                                cstackBANK1  000110
AESCmac@k2                                                cstackBANK1  000100
AESCmac@key                                               cstackBANK0  0000B9
AESCmac@mLast                                             cstackBANK1  000120
AESCmac@n                                                 cstackBANK1  000163
AESCmac@output                                            cstackBANK0  0000BB
AESCmac@padded                                            cstackBANK1  000130
AESCmac@ptr                                               cstackBANK1  000160
AESCmac@size                                              cstackBANK0  0000BF
AESCmac@x                                                 cstackBANK1  000150
AESCmac@y                                                 cstackBANK1  000140
AESEncode@aux                                             cstackBANK0  000078
AESEncode@aux1                                            cstackBANK0  00007A
AESEncode@aux2                                            cstackBANK0  000079
AESEncode@aux3                                            cstackBANK0  00007B
AESEncode@block                                           cstackBANK0  000066
AESEncode@i                                               cstackBANK0  00007C
AESEncode@key                                             cstackBANK0  000068
AESEncodeLoRa@block                                       cstackBANK0  00007D
AESEncodeLoRa@key                                         cstackBANK0  00007F
AESEncodeLoRa@useKey                                      cstackBANK0  000081
AssembleEncryptionBlock@blockId                           cstackBANK0  00006F
AssembleEncryptionBlock@bufferIndex                       cstackBANK0  000073
AssembleEncryptionBlock@dir                               cstackBANK0  000072
AssembleEncryptionBlock@firstByte                         cstackBANK0  000070
AssembleEncryptionBlock@frameCounter                      cstackBANK0  00006B
AssembleEncryptionBlock@multicastStatus                   cstackBANK0  000071
AssemblePacket@buffer                                     cstackBANK0  0000C8
AssemblePacket@bufferIndex                                cstackBANK0  0000D2
AssemblePacket@bufferLength                               cstackBANK0  0000CA
AssemblePacket@confirmed                                  cstackBANK0  0000CE
AssemblePacket@fCtrl                                      cstackBANK0  0000D0
AssemblePacket@macCmdIdx                                  cstackBANK0  0000D1
AssemblePacket@mhdr                                       cstackBANK0  0000CF
AssemblePacket@port                                       cstackBANK0  0000C7
CheckFlags@hdr                                            cstackBANK0  000060
CheckMcastFlags@hdr                                       cstackBANK0  000060
ComputeMic@buffer                                         cstackBANK0  0000C9
ComputeMic@bufferLength                                   cstackBANK0  0000CB
ComputeMic@key                                            cstackBANK0  0000C7
ComputeMic@mic                                            cstackBANK0  0000CC
ComputeSessionKeys@joinAcceptBuffer                       cstackBANK0  000091
ConfigureRadio@dataRate                                   cstackBANK0  000072
ConfigureRadio@freq                                       cstackBANK0  00006E
ConfigureRadioRx@dataRate                                 cstackBANK0  000077
ConfigureRadioRx@freq                                     cstackBANK0  000073
ConfigureRadioTx@dataRate                                 cstackBANK0  000077
ConfigureRadioTx@freq                                     cstackBANK0  000073
ConfigureRadioTx@txPower                                  cstackBANK0  000078
CountfOptsLength@i                                        cstackBANK0  000067
CountfOptsLength@macCommandLength                         cstackBANK0  000066
EnableChannels1@channelIndexMax                           cstackBANK0  000068
EnableChannels1@channelIndexMin                           cstackBANK0  000067
EnableChannels1@channelMask                               cstackBANK0  000064
EnableChannels1@channelMaskCntl                           cstackBANK0  000066
EnableChannels1@i                                         cstackBANK0  00006B
EnableChannels@channelMask                                cstackBANK0  00006C
EnableChannels@channelMaskCntl                            cstackBANK0  00006E
EncKeySchedule@key                                        cstackBANK0  000060
EncodeShiftRow@stateTable                                 cstackBANK0  000060
EncodeShiftRow@temp                                       cstackBANK0  000062
EncryptFRMPayload@buffer                                  cstackBANK0  000091
EncryptFRMPayload@bufferLength                            cstackBANK0  000093
EncryptFRMPayload@bufferToBeEncrypted                     cstackBANK0  00009C
EncryptFRMPayload@dir                                     cstackBANK0  000094
EncryptFRMPayload@frameCounter                            cstackBANK0  000095
EncryptFRMPayload@i                                       cstackBANK0  0000A5
EncryptFRMPayload@j                                       cstackBANK0  0000A6
EncryptFRMPayload@k                                       cstackBANK0  0000A4
EncryptFRMPayload@key                                     cstackBANK0  000099
EncryptFRMPayload@macBufferIndex                          cstackBANK0  00009B
EncryptFRMPayload@multicastStatus                         cstackBANK0  00009E
ExecuteDevStatus@ptr                                      cstackBANK0  000060
ExecuteDutyCycle@maxDCycle                                cstackBANK0  000065
ExecuteDutyCycle@ptr                                      cstackBANK0  000060
ExecuteLinkAdr@channelMask                                cstackBANK0  000073
ExecuteLinkAdr@dataRate                                   cstackBANK0  000078
ExecuteLinkAdr@ptr                                        cstackBANK0  00006F
ExecuteLinkAdr@redundancy                                 cstackBANK0  000076
ExecuteLinkAdr@txPower                                    cstackBANK0  000075
ExecuteLinkCheck@ptr                                      cstackBANK0  000060
ExecuteNewChannel@channelIndex                            cstackBANK0  0000AF
ExecuteNewChannel@drRange                                 cstackBANK0  0000AA
ExecuteNewChannel@frequency                               cstackBANK0  0000AB
ExecuteNewChannel@ptr                                     cstackBANK0  0000A6
ExecuteRxParamSetupReq@dlSettings                         cstackBANK0  0000AE
ExecuteRxParamSetupReq@frequency                          cstackBANK0  0000AA
ExecuteRxParamSetupReq@ptr                                cstackBANK0  0000A6
ExecuteRxTimingSetup@delay                                cstackBANK0  000069
ExecuteRxTimingSetup@ptr                                  cstackBANK0  000067
ExtractMic@buffer                                         cstackBANK0  00006B
ExtractMic@bufferLength                                   cstackBANK0  00006D
ExtractMic@mic                                            cstackBANK0  000073
FillSubKey@carry                                          cstackBANK0  000066
FillSubKey@i                                              cstackBANK0  000067
FillSubKey@key                                            cstackBANK0  000062
FillSubKey@size                                           cstackBANK0  000064
FillSubKey@source                                         cstackBANK0  000060
FindSmallestDataRate@dataRate                             cstackBANK0  000063
FindSmallestDataRate@found                                cstackBANK0  000061
FindSmallestDataRate@i                                    cstackBANK0  000062
GenerateSubkey@F7103                                      dataBANK1    0001C9
GenerateSubkey@const_Rb                                   cstackBANK0  000098
GenerateSubkey@i                                          cstackBANK0  0000B8
GenerateSubkey@k1                                         cstackBANK0  000093
GenerateSubkey@k2                                         cstackBANK0  000095
GenerateSubkey@key                                        cstackBANK0  000091
GenerateSubkey@l                                          cstackBANK0  0000A8
HALResetPinOutputValue@value                              cstackBANK0  000060
HALSPISend@data                                           cstackBANK0  000061
INT1_SetInterruptHandler@InterruptHandler                 cstackBANK0  000060
INT2_SetInterruptHandler@InterruptHandler                 cstackBANK0  000060
INTERRUPT_GetDioStatus@a                                  cstackBANK0  000060
IOCB4_SetInterruptHandler@InterruptHandler                cstackBANK0  000060
IncludeMacCommandsResponse@bIncludeInFopts                cstackBANK0  000064
IncludeMacCommandsResponse@bufferIndex                    cstackBANK0  00006E
IncludeMacCommandsResponse@i                              cstackBANK0  00006D
IncludeMacCommandsResponse@macBuffer                      cstackBANK0  000060
IncludeMacCommandsResponse@pBufferIndex                   cstackBANK0  000062
InitDefault433Channels@i                                  cstackBANK0  00006B
InitDefault868Channels@i                                  cstackBANK0  00006B
LORAWAN_GetMaxPayloadSize@macCommandsLength               cstackBANK0  000069
LORAWAN_GetMaxPayloadSize@result                          cstackBANK0  00006A
LORAWAN_Init@RxJoinResponse                               cstackBANK0  0000B4
LORAWAN_Init@RxPayload                                    cstackBANK0  0000B2
LORAWAN_Join@activationTypeNew                            cstackBANK0  0000DD
LORAWAN_Join@bufferIndex                                  cstackBANK0  0000DB
LORAWAN_Join@result                                       cstackBANK0  0000DC
LORAWAN_LinkCheckConfigure@iCtr                           cstackBANK0  0000B0
LORAWAN_LinkCheckConfigure@period                         cstackBANK0  0000A6
LORAWAN_Reset@ismBandNew                                  cstackBANK0  0000B1
LORAWAN_RxDone@buffer                                     cstackBANK1  000166
LORAWAN_RxDone@bufferIndex                                cstackBANK0  0000E6
LORAWAN_RxDone@bufferLength                               cstackBANK1  000168
LORAWAN_RxDone@channelIndex                               cstackBANK0  0000E0
LORAWAN_RxDone@computedMic                                cstackBANK0  0000EA
LORAWAN_RxDone@extractedMic                               cstackBANK0  0000E2
LORAWAN_RxDone@fPort                                      cstackBANK0  0000DF
LORAWAN_RxDone@frmPayloadLength                           cstackBANK0  0000F0
LORAWAN_RxDone@hdr                                        cstackBANK0  0000F1
LORAWAN_RxDone@joinAccept                                 cstackBANK0  0000EE
LORAWAN_RxDone@mhdr                                       cstackBANK0  0000E1
LORAWAN_RxDone@packet                                     cstackBANK0  0000E8
LORAWAN_RxDone@temp                                       cstackBANK0  0000E7
LORAWAN_RxTimeout@i                                       cstackBANK0  0000CA
LORAWAN_RxTimeout@minim                                   cstackBANK0  0000C6
LORAWAN_Send@buffer                                       cstackBANK0  0000D4
LORAWAN_Send@bufferLength                                 cstackBANK0  0000D6
LORAWAN_Send@confirmed                                    cstackBANK0  0000D9
LORAWAN_Send@port                                         cstackBANK0  0000D3
LORAWAN_Send@result                                       cstackBANK0  0000D8
LORAWAN_SetApplicationEui@applicationEuiNew               cstackBANK0  00006B
LORAWAN_SetApplicationKey@applicationKeyNew               cstackBANK0  00006B
LORAWAN_SetApplicationSessionKey@applicationSessionKeyNew cstackBANK0  00006B
LORAWAN_SetChannelIdStatus@channelId                      cstackBANK0  000066
LORAWAN_SetChannelIdStatus@result                         cstackBANK0  000065
LORAWAN_SetChannelIdStatus@statusNew                      cstackBANK0  000064
LORAWAN_SetDeviceAddress@deviceAddressNew                 cstackBANK0  000060
LORAWAN_SetDeviceEui@deviceEuiNew                         cstackBANK0  00006B
LORAWAN_SetNetworkSessionKey@networkSessionKeyNew         cstackBANK0  00006B
LORAWAN_TxDone@delta                                      cstackBANK0  0000D2
LORAWAN_TxDone@found                                      cstackBANK0  0000D1
LORAWAN_TxDone@i                                          cstackBANK0  0000E2
LORAWAN_TxDone@minim                                      cstackBANK0  0000DE
LORAWAN_TxDone@ticks                                      cstackBANK0  0000DA
LORAWAN_TxDone@timeOnAir                                  cstackBANK0  0000BB
MacExecuteCommands@buffer                                 cstackBANK0  0000B0
MacExecuteCommands@done                                   cstackBANK0  0000B5
MacExecuteCommands@fOptsLen                               cstackBANK0  0000B2
MacExecuteCommands@ptr                                    cstackBANK0  0000B6
PrepareJoinRequestFrame@bufferIndex                       cstackBANK0  0000DA
PrepareJoinRequestFrame@iCtr                              cstackBANK0  0000D9
PrepareJoinRequestFrame@mhdr                              cstackBANK0  0000D8
PrepareJoinRequestFrame@mic                               cstackBANK0  0000D4
PrepareSessionKeys@appNonce                               cstackBANK0  00006D
PrepareSessionKeys@index                                  cstackBANK0  000071
PrepareSessionKeys@networkId                              cstackBANK0  00006F
PrepareSessionKeys@sessionKey                             cstackBANK0  00006B
RADIO_DIO0@dioMapping                                     cstackBANK0  0000F7
RADIO_DIO0@opMode                                         cstackBANK0  0000F8
RADIO_DIO1@dioMapping                                     cstackBANK0  0000CC
RADIO_DIO2@dioMapping                                     cstackBANK0  00007C
RADIO_DIO2@opMode                                         cstackBANK0  00007B
RADIO_DIO3@dioMapping                                     cstackBANK0  000066
RADIO_DIO4@dioMapping                                     cstackBANK0  000067
RADIO_DIO5@dioMapping                                     cstackBANK0  000066
RADIO_FHSSChangeChannel@irqFlags                          cstackBANK0  000079
RADIO_FSKPacketSent@irqFlags                              cstackBANK0  0000EF
RADIO_FSKPacketSent@timeOnAir                             cstackBANK0  0000E7
RADIO_FSKPayloadReady@i                                   cstackBANK0  0000F4
RADIO_FSKPayloadReady@irqFlags                            cstackBANK0  0000F3
RADIO_Init@frequency                                      cstackBANK0  00007B
RADIO_Init@radioBuffer                                    cstackBANK0  000079
RADIO_ReadRandom@i                                        cstackBANK0  000071
RADIO_ReadRandom@retVal                                   cstackBANK0  00006F
RADIO_ReceiveStart@rxWindowSize                           cstackBANK0  0000B1
RADIO_RegisterRead@readValue                              cstackBANK0  000063
RADIO_RegisterRead@reg                                    cstackBANK0  000062
RADIO_RegisterWrite@reg                                   cstackBANK0  000063
RADIO_RegisterWrite@value                                 cstackBANK0  000062
RADIO_RxDone@i                                            cstackBANK0  0000F4
RADIO_RxDone@irqFlags                                     cstackBANK0  0000F3
RADIO_SetBandwidth@bandwidth                              cstackBANK0  000060
RADIO_SetCRC@crc                                          cstackBANK0  000060
RADIO_SetChannelFrequency@frequency                       cstackBANK0  000060
RADIO_SetFSKSyncWord@syncWord                             cstackBANK0  00006B
RADIO_SetFSKSyncWord@syncWordLen                          cstackBANK0  00006D
RADIO_SetFrequencyHopPeriod@frequencyHopPeriod            cstackBANK0  000060
RADIO_SetIQInverted@iqInverted                            cstackBANK0  000060
RADIO_SetLoRaSyncWord@syncWord                            cstackBANK0  000060
RADIO_SetModulation@modulation                            cstackBANK0  000060
RADIO_SetOutputPower@power                                cstackBANK0  000060
RADIO_SetSpreadingFactor@spreadingFactor                  cstackBANK0  000060
RADIO_Transmit@buffer                                     cstackBANK0  0000B1
RADIO_Transmit@bufferLen                                  cstackBANK0  0000B3
RADIO_Transmit@i                                          cstackBANK0  0000C1
RADIO_Transmit@regValue                                   cstackBANK0  0000C0
RADIO_TxDone@timeOnAir                                    cstackBANK0  0000E7
RADIO_UnhandledInterrupt@modulation                       cstackBANK0  000064
RADIO_WriteConfiguration@i                                cstackBANK0  0000AB
RADIO_WriteConfiguration@regValue                         cstackBANK0  0000B0
RADIO_WriteConfiguration@symbolTimeout                    cstackBANK0  0000A6
RADIO_WriteConfiguration@tempValue                        cstackBANK0  0000AC
RADIO_WriteFSKBitRate@bitRate                             cstackBANK0  00006D
RADIO_WriteFSKBitRate@num                                 cstackBANK0  000071
RADIO_WriteFSKFrequencyDeviation@frequencyDeviation       cstackBANK0  00006D
RADIO_WriteFSKFrequencyDeviation@num                      cstackBANK0  000071
RADIO_WriteFrequency@frequency                            cstackBANK0  00006D
RADIO_WriteFrequency@num                                  cstackBANK0  000075
RADIO_WriteFrequency@num_mod                              cstackBANK0  000071
RADIO_WriteMode@blocking                                  cstackBANK0  000066
RADIO_WriteMode@currentMode                               cstackBANK0  000069
RADIO_WriteMode@currentModulation                         cstackBANK0  000067
RADIO_WriteMode@dioMapping                                cstackBANK0  000068
RADIO_WriteMode@newMode                                   cstackBANK0  00006A
RADIO_WriteMode@newModulation                             cstackBANK0  000065
RADIO_WriteMode@opMode                                    cstackBANK0  00006B
RADIO_WritePower@ocp                                      cstackBANK0  000064
RADIO_WritePower@paDac                                    cstackBANK0  000065
RADIO_WritePower@power                                    cstackBANK0  000066
Random@max                                                cstackBANK0  0000AD
RxData@dataLength                                         cstackBANK0  000062
RxData@pData                                              cstackBANK0  000060
RxData@status                                             cstackBANK0  000063
SPI2_Exchange8bit@data                                    cstackBANK0  000060
SearchAvailableChannel@channelIndex                       cstackBANK0  0000B0
SearchAvailableChannel@i                                  cstackBANK0  0000BA
SearchAvailableChannel@maxChannels                        cstackBANK0  0000B8
SearchAvailableChannel@randomNumber                       cstackBANK0  0000B9
SearchAvailableChannel@randomNumberCopy                   cstackBANK0  0000B6
SearchAvailableChannel@result                             cstackBANK0  0000B7
SearchAvailableChannel@transmissionType                   cstackBANK0  0000AF
SelectChannelForTransmission@channelIndex                 cstackBANK0  0000BD
SelectChannelForTransmission@result                       cstackBANK0  0000BC
SelectChannelForTransmission@transmissionType             cstackBANK0  0000BB
StartReTxTimer@i                                          cstackBANK0  0000A2
StartReTxTimer@minim                                      cstackBANK0  00009E
SwTimerCreate@retVal                                      cstackBANK0  000060
SwTimerIsRunning@isRunning                                cstackBANK0  000061
SwTimerIsRunning@timerId                                  cstackBANK0  000060
SwTimerReadValue@ticksCount                               cstackBANK0  000095
SwTimerReadValue@timerId                                  cstackBANK0  000099
SwTimerSetCallback@callback                               cstackBANK0  000060
SwTimerSetCallback@callbackParameter                      cstackBANK0  000062
SwTimerSetCallback@timerId                                cstackBANK0  000063
SwTimerSetTimeout@timeout                                 cstackBANK0  00006D
SwTimerSetTimeout@timerId                                 cstackBANK0  000075
SwTimerStart@ticksRemaining                               cstackBANK0  000095
SwTimerStart@timerId                                      cstackBANK0  000099
SwTimerStop@timerId                                       cstackBANK0  000060
SwTimersExecute@i                                         cstackBANK0  0000DE
SwTimersInterrupt@i                                       cstackBANK0  000090
SwTimersInterrupt@ticksToNextTimerEvent                   cstackBANK0  00008C
SwTimersInterrupt@timeElapsed                             cstackBANK0  000088
SystemBlockingWaitMs@ms                                   cstackBANK0  000060
TMR1_ReadTimer@readVal                                    cstackBANK0  000064
TMR1_ReadTimer@readValHigh                                cstackBANK0  000066
TMR1_ReadTimer@readValLow                                 cstackBANK0  000067
TMR1_SetInterruptHandler@InterruptHandler                 cstackBANK0  000060
TMR1_WriteTimer@timerVal                                  cstackBANK0  000060
TMR_GetDeltaTime@retVal                                   bssBANK1     00016D
TMR_GetDeltaTime@tmrVal                                   bssBANK1     000175
TMR_OverrideRemaining@oldReloadVal                        cstackBANK0  000072
TMR_OverrideRemaining@ticksRemaining                      cstackBANK0  00006A
TMR_OverrideRemaining@tmrVal                              cstackBANK0  000070
TMR_SwapTimer@oldVal                                      bssBANK1     000173
TMR_SwapTimer@retVal                                      bssBANK1     000171
TMR_SwapTimer@timerVal                                    cstackBANK0  000068
UpdateCfList@bufferLength                                 cstackBANK0  0000A8
UpdateCfList@channelIndex                                 cstackBANK0  0000AD
UpdateCfList@frequency                                    cstackBANK0  0000A9
UpdateCfList@i                                            cstackBANK0  0000AE
UpdateCfList@joinAccept                                   cstackBANK0  0000A6
UpdateChannelIdStatus@channelId                           cstackBANK0  000062
UpdateChannelIdStatus@i                                   cstackBANK0  000063
UpdateChannelIdStatus@statusNew                           cstackBANK0  000060
UpdateCurrentDataRate@valueNew                            cstackBANK0  000060
UpdateDLSettings@dlRx1DrOffset                            cstackBANK0  000060
UpdateDLSettings@dlRx2Dr                                  cstackBANK0  000061
UpdateDataRange@channelId                                 cstackBANK0  000062
UpdateDataRange@dataRangeNew                              cstackBANK0  000060
UpdateDataRange@i                                         cstackBANK0  000063
UpdateDutyCycle@channelId                                 cstackBANK0  000062
UpdateDutyCycle@dutyCycleNew                              cstackBANK0  000060
UpdateFrequency@channelId                                 cstackBANK0  000064
UpdateFrequency@frequencyNew                              cstackBANK0  000060
UpdateJoinInProgress@state                                cstackBANK0  000060
UpdateMinMaxChDataRate@i                                  cstackBANK0  000061
UpdateReceiveDelays@delay                                 cstackBANK0  000066
UpdateReceiveWindow2Parameters@dataRate                   cstackBANK0  000064
UpdateReceiveWindow2Parameters@frequency                  cstackBANK0  000060
UpdateTxPower@txPowerNew                                  cstackBANK0  000060
ValidateChannelId@allowedForDefaultChannels               cstackBANK0  000060
ValidateChannelId@channelId                               cstackBANK0  000062
ValidateChannelId@result                                  cstackBANK0  000061
ValidateChannelMask@channelMask                           cstackBANK0  000060
ValidateChannelMask@i                                     cstackBANK0  000064
ValidateChannelMaskCntl@channelMaskCntl                   cstackBANK0  000061
ValidateChannelMaskCntl@result                            cstackBANK0  000060
ValidateDataRange@dataRangeNew                            cstackBANK0  000063
ValidateDataRange@dataRateMax                             cstackBANK0  000064
ValidateDataRange@dataRateMin                             cstackBANK0  000065
ValidateDataRange@result                                  cstackBANK0  000062
ValidateDataRate@dataRate                                 cstackBANK0  000060
ValidateDataRate@result                                   cstackBANK0  000061
ValidateFrequency@frequencyNew                            cstackBANK0  000060
ValidateFrequency@result                                  cstackBANK0  000064
ValidateRxOffset@result                                   cstackBANK0  000061
ValidateRxOffset@rxOffset                                 cstackBANK0  000060
ValidateTxPower@result                                    cstackBANK0  000060
ValidateTxPower@txPowerNew                                cstackBANK0  000061
_AESCmac                                                  text144      0021F0
_AESEncode                                                text148      0028FE
_AESEncode$814                                            cstackBANK0  000072
_AESEncode$815                                            cstackBANK0  000074
_AESEncode$816                                            cstackBANK0  000076
_AESEncodeLoRa                                            text147      008350
_ANSELA                                                   (abs)        000F38
_ANSELB                                                   (abs)        000F39
_ANSELC                                                   (abs)        000F3A
_ANSELD                                                   (abs)        000F3B
_ANSELE                                                   (abs)        000F3C
_AckRetransmissionCallback                                text32       005AAE
_AssembleEncryptionBlock                                  text98       005FC6
_AssemblePacket                                           text92       001E40
_AutomaticReplyCallback                                   text31       0087E4
_Channels                                                 bssBANK4     000400
_CheckFlags                                               text104      007B02
_CheckMcastFlags                                          text103      007378
_ComputeMic                                               text143      0078BE
_ComputeSessionKeys                                       text101      00726E
_ConfigureRadio                                           text127      006C12
_ConfigureRadioRx                                         text117      0086CA
_ConfigureRadioTx                                         text123      007E1C
_CountfOptsLength                                         text99       0067CA
_CreateAllSoftwareTimers                                  text192      007EC0
_DIO0_ISR_Lora                                            text214      008CA8
_DIO0_ISR_Lora_Init                                       text16       008B7C
_DIO1_ISR_Lora                                            text210      008CA2
_DIO1_ISR_Lora_Init                                       text15       008B6C
_DIO2_ISR_Lora                                            text206      008C9C
_DIO2_ISR_Lora_Init                                       text13       008B5C
_DIO3_ISR_Lora_Init                                       text12       008CCA
_DIO4_ISR_Lora_Init                                       text11       008CC8
_DIO5_ISR_Lora_Init                                       text10       008CC6
_DefaultChannels433                                       mediumconst  00FFA8
[...]
Total ram usage:        0 bytes
 Hardware stack levels used:    1
 Hardware stack levels required when called:    2
 This function calls:
		_INT1_CallBack
 This function is called by:
		_INTERRUPT_InterruptManager
 This function uses a non-reentrant model


 *************** function _INT1_CallBack *****************
 Defined at:
		line 42 in file "mcc_generated_files/ext_int.c"
 Parameters:    Size  Location     Type
		None
 Auto vars:     Size  Location     Type
		None
 Return value:  Size  Location     Type
                  1    wreg      void 
 Registers used:
		wreg, status,2, status,0, pclath, tosl, cstack
 Tracked objects:
		On entry : 
		On exit  : 
		Unchanged: 
 Data sizes:     COMRAM   BANK0   BANK1   BANK2   BANK3   BANK4   BANK5   BANK6   BANK7   BANK8   BANK9  BANK10  BANK11  BANK12  BANK13  BANK14  BANK15
      Params:         0       0       0       0       0       0       0       0       0       0       0       0       0       0       0       0       0
      Locals:         0       0       0       0       0       0       0       0       0       0       0       0       0       0       0       0       0
      Temps:          0       0       0       0       0       0       0       0       0       0       0       0       0       0       0       0       0
      Totals:         0       0       0       0       0       0       0       0       0       0       0       0       0       0       0       0       0
Total ram usage:        0 bytes
 Hardware stack levels used:    1
 Hardware stack levels required when called:    1
 This function calls:
		Absolute function
		_DIO0_ISR_Lora
		_INT1_DefaultInterruptHandler
 This function is called by:
		_INT1_ISR
 This function uses a non-reentrant model


 *************** function _DIO0_ISR_Lora *****************
 Defined at:
		line 63 in file "mcc_generated_files/LoRaWAN/interrupt_manager_lora_addons.c"
 Parameters:    Size  Location     Type
		None
 Auto vars:     Size  Location     Type
		None
 Return value:  Size  Location     Type
                  1    wreg      void 
 Registers used:
		status,2, status,0
 Tracked objects:
		On entry : 
		On exit  : 
		Unchanged: 
 Data sizes:     COMRAM   BANK0   BANK1   BANK2   BANK3   BANK4   BANK5   BANK6   BANK7   BANK8   BANK9  BANK10  BANK11  BANK12  BANK13  BANK14  BANK15
      Params:         0       0       0       0       0       0       0       0       0       0       0       0       0       0       0       0       0
      Locals:         0       0       0       0       0       0       0       0       0       0       0       0       0       0       0       0       0
      Temps:          0       0       0       0       0       0       0       0       0       0       0       0       0       0       0       0       0
      Totals:         0       0       0       0       0       0       0       0       0       0       0       0       0       0       0       0       0
Total ram usage:        0 bytes
 Hardware stack levels used:    1
 This function calls:
		Nothing
 This function is called by:
		_DIO0_ISR_Lora_Init
		_INT1_CallBack
 This function uses a non-reentrant model


 *************** function _INT1_DefaultInterruptHandler *****************
 Defined at:
		line 55 in file "mcc_generated_files/ext_int.c"
 Parameters:    Size  Location     Type
		None
 Auto vars:     Size  Location     Type
		None
 Return value:  Size  Location     Type
                  1    wreg      void 
 Registers used:
		None
 Tracked objects:
		On entry : 
		On exit  : 
		Unchanged: 
 Data sizes:     COMRAM   BANK0   BANK1   BANK2   BANK3   BANK4   BANK5   BANK6   BANK7   BANK8   BANK9  BANK10  BANK11  BANK12  BANK13  BANK14  BANK15
      Params:         0       0       0       0       0       0       0       0       0       0       0       0       0       0       0       0       0
      Locals:         0       0       0       0       0       0       0       0       0       0       0       0       0       0       0       0       0
      Temps:          0       0       0       0       0       0       0       0       0       0       0       0       0       0       0       0       0
      Totals:         0       0       0       0       0       0       0       0       0       0       0       0       0       0       0       0       0
Total ram usage:        0 bytes
 Hardware stack levels used:    1
 This function calls:
		Nothing
 This function is called by:
		_EXT_INT_Initialize
		_INT1_CallBack
 This function uses a non-reentrant model



MODULE INFORMATION

Module		Function		Class		Link	Load	Size
mcc_generated_files/LoRaWAN/lorawan.c
		_UpdateReceiveWindow2Parameters		CODE           	8AC4	0000	23
		_ExecuteRxTimingSetup		CODE           	8744	0000	41
		_ComputeMic    		CODE           	78BE	0000	99
		_SetReceptionNotOkState		CODE           	73FA	0000	127
		_PrepareJoinRequestFrame		CODE           	47BA	0000	401
		_LORAWAN_ReceiveWindow2Callback		CODE           	6620	0000	217
		_LORAWAN_LinkCheckConfigure		CODE           	51FA	0000	351
		_LORAWAN_SetApplicationSessionKey		CODE           	8568	0000	47
		_CountfOptsLength		CODE           	67CA	0000	203
		_AssembleEncryptionBlock		CODE           	5FC6	0000	245
		_UpdateCurrentDataRate		CODE           	8C04	0000	11
		_UnconfirmedTransmissionCallback		CODE           	74F6	0000	121
		_LORAWAN_SetNetworkSessionKey		CODE           	850C	0000	47
		_MacExecuteCommands		CODE           	2F4E	0000	759
		_IncludeMacCommandsResponse		CODE           	19DE	0000	1123
		_LORAWAN_SetApplicationEui		CODE           	85C4	0000	47
		_LORAWAN_SetDeviceEui		CODE           	853A	0000	47
		_LORAWAN_GetMaxPayloadSize		CODE           	79E4	0000	97
		_CheckMcastFlags		CODE           	7378	0000	131
		_SetJoinFailState		CODE           	844C	0000	49
		_LORAWAN_SetApplicationKey		CODE           	8596	0000	47
		_AckRetransmissionCallback		CODE           	5AAE	0000	287
		_PrepareSessionKeys		CODE           	6B66	0000	173
		_UpdateMinMaxChDataRate		CODE           	5ECC	0000	251
		_EncryptFRMPayload		CODE           	494A	0000	397
		_ResetParametersForUnconfirmedTransmission		CODE           	8ADA	0000	21
		_AutomaticReplyCallback		CODE           	87E4	0000	39
		_ResetParametersForConfirmedTransmission		CODE           	8B28	0000	19
		_FindSmallestDataRate		CODE           	6464	0000	223
		_LORAWAN_SetDeviceAddress		CODE           	8A7C	0000	25
		_UpdateTxPower 		CODE           	8BFA	0000	11
		_CheckFlags    		CODE           	7B02	0000	95
		_ExtractMic    		CODE           	7C16	0000	91
		_LORAWAN_ReceiveWindow1Callback		CODE           	694E	0000	185
		_LORAWAN_Send  		CODE           	66F8	0000	211
		_LORAWAN_Join  		CODE           	6CBA	0000	165
		_ConfigureRadioRx		CODE           	86CA	0000	43
		_UpdateReceiveDelays		CODE           	8214	0000	67
		_ComputeSessionKeys		CODE           	726E	0000	135
		_LORAWAN_LinkCheckCallback		CODE           	4C58	0000	365
		_UpdateJoinSuccessState		CODE           	55F2	0000	319
		_LORAWAN_EnterContinuousReceive		CODE           	7478	0000	127
		_ExecuteLinkCheck		CODE           	83EA	0000	51
		_LORAWAN_Mainloop		CODE           	82D6	0000	63
		_AssemblePacket		CODE           	1E40	0000	945
		_UpdateRetransmissionAckTimeoutState		CODE           	756E	0000	115
		_Random        		CODE           	8872	0000	35
		_LORAWAN_RxDone		CODE           	0086	0000	3239
		_UpdateJoinInProgress		CODE           	8A48	0000	27

mcc_generated_files/LoRaWAN/lorawan.c estimated size: 11957

mcc_generated_files/LoRaWAN/interrupt_manager_lora_addons.c
		_INTERRUPT_GetDioStatus		CODE           	8AEE	0000	21
		_DIO0_ISR_Lora 		CODE           	8CA8	0000	7
		_DIO1_ISR_Lora 		CODE           	8CA2	0000	7
		_DIO2_ISR_Lora 		CODE           	8C9C	0000	7

mcc_generated_files/LoRaWAN/interrupt_manager_lora_addons.c estimated size: 42

mcc_generated_files/LoRaWAN/lorawan_aes.c
		_AESEncodeLoRa 		CODE           	8350	0000	55

mcc_generated_files/LoRaWAN/lorawan_aes.c estimated size: 55

C:\Program Files (x86)\Microchip\xc8\v1.45\sources\common\abdiv.c
		___abdiv       		CODE           	77F2	0000	103

C:\Program Files (x86)\Microchip\xc8\v1.45\sources\common\abdiv.c estimated size: 103

mcc_generated_files/LoRaWAN/sw_timer.c
		_SwTimerStop   		CODE           	87BC	0000	41
		_SwTimerStart  		CODE           	6E02	0000	151
		_TMR_GetDeltaTime		CODE           	4622	0000	409
		_SwTimerReadValue		CODE           	8296	0000	65
		_SwTimerIsRunning		CODE           	86A0	0000	43
		_SwTimerCreate 		CODE           	6FBE	0000	141
		_TMR_OverrideRemaining		CODE           	6E98	0000	151
		_TMR_SwapTimer 		CODE           	7F60	0000	75
		_SwTimerSetCallback		CODE           	8148	0000	69
		_SwTimerSetTimeout		CODE           	818C	0000	69
		_SwTimersInterrupt		CODE           	5BCC	0000	259
		_SystemBlockingWaitMs		CODE           	84AC	0000	49
		_SwTimersExecute		CODE           	629A	0000	231
		_SystemTimerInit		CODE           	8C72	0000	9

mcc_generated_files/LoRaWAN/sw_timer.c estimated size: 1762

mcc_generated_files/interrupt_manager.c
		_INTERRUPT_Initialize		CODE           	8CB2	0000	5
		_INTERRUPT_InterruptManager		CODE           	0008	0000	119

mcc_generated_files/interrupt_manager.c estimated size: 124

C:\Program Files (x86)\Microchip\xc8\v1.45\sources\common\Umul16.c
		___wmul        		CODE           	876C	0000	41

C:\Program Files (x86)\Microchip\xc8\v1.45\sources\common\Umul16.c estimated size: 41

mcc_generated_files/pin_manager.c
		_IOCB4_DefaultInterruptHandler		CODE           	8CD2	0000	3
		_PIN_MANAGER_Initialize		CODE           	7D74	0000	85
		_PIN_MANAGER_IOC		CODE           	8C68	0000	11
		_IOCB4_SetInterruptHandler		CODE           	8BDC	0000	11
		_IOCB4_ISR     		CODE           	8976	0000	33

mcc_generated_files/pin_manager.c estimated size: 143

C:\Program Files (x86)\Microchip\xc8\v1.45\sources\common\memcpy.c
		_memcpy        		CODE           	7A44	0000	97

C:\Program Files (x86)\Microchip\xc8\v1.45\sources\common\memcpy.c estimated size: 97

C:\Program Files (x86)\Microchip\xc8\v1.45\sources\common\lwmod.c
		___lwmod       		CODE           	8104	0000	69

C:\Program Files (x86)\Microchip\xc8\v1.45\sources\common\lwmod.c estimated size: 69

mcc_generated_files/LoRaWAN/lorawan_init.c
		_DIO0_ISR_Lora_Init		CODE           	8B7C	0000	17
		_DIO1_ISR_Lora_Init		CODE           	8B6C	0000	17
		_DIO2_ISR_Lora_Init		CODE           	8B5C	0000	17
		_DIO3_ISR_Lora_Init		CODE           	8CCA	0000	3
		_DIO4_ISR_Lora_Init		CODE           	8CC8	0000	3
		_LORAWAN_PlatformInit		CODE           	882E	0000	35
		_DIO5_ISR_Lora_Init		CODE           	8CC6	0000	3

mcc_generated_files/LoRaWAN/lorawan_init.c estimated size: 95

mcc_generated_files/LoRaWAN/radio_driver_hal.c
		_HALDIO5PinValue		CODE           	8BC6	0000	13
		_HALResetPinMakeInput		CODE           	8CC2	0000	5
		_HALResetPinMakeOutput		CODE           	8CBE	0000	5
		_HALResetPinOutputValue		CODE           	8A62	0000	27
		_HALSPISend    		CODE           	8BB8	0000	15
		_HALSPICSDeassert		CODE           	8CB6	0000	5
		_HALSPICSAssert		CODE           	8CBA	0000	5

mcc_generated_files/LoRaWAN/radio_driver_hal.c estimated size: 75

C:\Program Files (x86)\Microchip\xc8\v1.45\sources\common\llmod.c
		___llmod       		CODE           	778A	0000	105

C:\Program Files (x86)\Microchip\xc8\v1.45\sources\common\llmod.c estimated size: 105

mcc_generated_files/LoRaWAN/lorawan_aes_cmac.c
		_GenerateSubkey		CODE           	54A6	0000	333
		_AESCmac       		CODE           	21F0	0000	939
		_FillSubKey    		CODE           	7920	0000	99

mcc_generated_files/LoRaWAN/lorawan_aes_cmac.c estimated size: 1371

C:\Program Files (x86)\Microchip\xc8\v1.45\sources\common\Umul32.c
		___lmul        		CODE           	7C70	0000	89

C:\Program Files (x86)\Microchip\xc8\v1.45\sources\common\Umul32.c estimated size: 89

C:\Program Files (x86)\Microchip\xc8\v1.45\sources\common\rand.c
		_srand         		CODE           	8B8C	0000	17
		_rand          		CODE           	7B60	0000	93

C:\Program Files (x86)\Microchip\xc8\v1.45\sources\common\rand.c estimated size: 110

mcc_generated_files/LoRaWAN/radio_driver_SX1276.c
		_RADIO_ReceiveStart		CODE           	3C58	0000	561
		_RADIO_Init    		CODE           	4458	0000	459
		_RADIO_SetSpreadingFactor		CODE           	8C36	0000	11
		_RADIO_WriteConfiguration		CODE           	14DE	0000	1281
		_RADIO_RxFSKTimeout		CODE           	8314	0000	61
		_RADIO_WriteFSKBitRate		CODE           	7722	0000	105
		_RADIO_WriteMode		CODE           	5DCE	0000	255
		_RADIO_Reset   		CODE           	8036	0000	71
		_RADIO_GetStatus		CODE           	8C90	0000	7
		_RADIO_RxDone  		CODE           	6380	0000	229
		_RADIO_WriteFSKFrequencyDeviation		CODE           	76B8	0000	107
		_RADIO_GetPacketSnr		CODE           	8C8A	0000	7
		_RADIO_SetModulation		CODE           	8C40	0000	11
		_RADIO_RegisterWrite		CODE           	88F6	0000	33
		_RADIO_ReadRandom		CODE           	6D5E	0000	165
		_RADIO_ReleaseData		CODE           	8C96	0000	7
		_RADIO_FSKPacketSent		CODE           	5730	0000	303
		_RADIO_RegisterRead		CODE           	8794	0000	41
		_RADIO_SetBandwidth		CODE           	8C54	0000	11
		_RADIO_ReceiveStop		CODE           	88D6	0000	33
		_RADIO_DIO0    		CODE           	6F2E	0000	145
		_RADIO_DIO1    		CODE           	7F12	0000	79
		_RADIO_DIO2    		CODE           	7CC8	0000	87
		_RADIO_DIO3    		CODE           	8850	0000	35
		_RADIO_DIO4    		CODE           	8386	0000	51
		_RADIO_DIO5    		CODE           	871C	0000	41
		_RADIO_FHSSChangeChannel		CODE           	8256	0000	65
		_RADIO_TxDone  		CODE           	5988	0000	295
		_RADIO_SetFrequencyHopPeriod		CODE           	8C4A	0000	11
		_RADIO_FSKPayloadReady		CODE           	6A06	0000	181
		_RADIO_SetLoRaSyncWord		CODE           	8C5E	0000	11
		_RADIO_SetIQInverted		CODE           	8C22	0000	11
		_RADIO_SetFSKSyncWord		CODE           	847C	0000	49
		_RADIO_RxTimeout		CODE           	85F2	0000	47
		_RADIO_WritePower		CODE           	60BA	0000	241
		_RADIO_SetOutputPower		CODE           	8C18	0000	11
		_RADIO_WatchdogTimeout		CODE           	7FAA	0000	71
		_RADIO_SetChannelFrequency		CODE           	704A	0000	139
		_RADIO_Transmit		CODE           	3A20	0000	569
		_RADIO_UnhandledInterrupt		CODE           	83B8	0000	51
		_RADIO_SetCRC  		CODE           	8C2C	0000	11
		_RADIO_WriteFrequency		CODE           	61AA	0000	241

mcc_generated_files/LoRaWAN/radio_driver_SX1276.c estimated size: 6200

mcc_generated_files/ext_int.c
		_INT1_SetInterruptHandler		CODE           	8BF0	0000	11
		_EXT_INT_Initialize		CODE           	864C	0000	43
		_INT2_SetInterruptHandler		CODE           	8BE6	0000	11
		_INT1_DefaultInterruptHandler		CODE           	8CD6	0000	3
		_INT1_CallBack 		CODE           	89B6	0000	33
		_INT2_DefaultInterruptHandler		CODE           	8CD4	0000	3
		_INT2_CallBack 		CODE           	8996	0000	33
		_INT1_ISR      		CODE           	8C82	0000	9
		_INT2_ISR      		CODE           	8C7A	0000	9

mcc_generated_files/ext_int.c estimated size: 155

mcc_generated_files/LoRaWAN/tmr_lora_addons.c
		_TMR_ISR_Lora_Init		CODE           	8B4C	0000	17
		_TMR_ISR_lora  		CODE           	7D1E	0000	87

mcc_generated_files/LoRaWAN/tmr_lora_addons.c estimated size: 104

shared
		_spreadingFactor		MEDIUMCONST    	FF95	0000	8
		_maxPayloadSize		MEDIUMCONST    	FF77	0000	9
		_DefaultChannels433		MEDIUMCONST    	FFA8	0000	43
		_FskSyncWordBuff		MEDIUMCONST    	FFFC	0000	4
		_rxWindowSize  		MEDIUMCONST    	FF7F	0000	9
		i2_TMR_SwapTimer		CODE           	81D0	0000	69
		i2_TMR1_ReadTimer		CODE           	8956	0000	33
		_DefaultChannels868		MEDIUMCONST    	FFD2	0000	43
		_macEndDevCmdReplyLen		MEDIUMCONST    	FF87	0000	8
		__initialization		CODE           	6894	0000	181
		_txPower433    		MEDIUMCONST    	0000	0000	0
		_txPower868    		MEDIUMCONST    	FFA2	0000	7
		i2_TMR1_WriteTimer		CODE           	8A2C	0000	29
		_rxWindowOffset		MEDIUMCONST    	FF6F	0000	9
		_STable        		MEDIUMCONST    	FE67	0000	257
		_modulation    		MEDIUMCONST    	FF67	0000	9
		i2_SwTimersInterrupt		CODE           	5CCE	0000	257
		_bandwidth     		MEDIUMCONST    	FF8E	0000	8
		i2_TMR_GetDeltaTime		CODE           	4DC4	0000	365

shared estimated size: 1348

mcc_generated_files/LoRaWAN/lorawan_eu.c
		_ExecuteNewChannel		CODE           	37B0	0000	625
		_ExecuteLinkAdr		CODE           	3244	0000	713
		_UpdateDataRange		CODE           	5358	0000	335
		_UpdateDutyCycle		CODE           	80C0	0000	69
		_ValidateChannelMaskCntl		CODE           	88B6	0000	33
		_LORAWAN_RxTimeout		CODE           	259A	0000	869
		_ValidateChannelId		CODE           	880A	0000	37
		_InitDefault433Channels		CODE           	715E	0000	139
		_DutyCycleCallback		CODE           	2C48	0000	775
		_InitDefault868Channels		CODE           	70D4	0000	139
		_SelectChannelForTransmission		CODE           	764C	0000	109
		_ValidateChannelMask		CODE           	7AA4	0000	95
		_ValidateDataRate		CODE           	8AAC	0000	25
		_ValidateRxOffset		CODE           	8A94	0000	25
		_ValidateDataRange		CODE           	7FF0	0000	71
		_SetCallbackSoftwareTimers		CODE           	6542	0000	223
		_StartReTxTimer		CODE           	4AD6	0000	387
		_SearchAvailableChannel		CODE           	585E	0000	299
		_EnableChannels		CODE           	8A10	0000	29
		_UpdateFrequency		CODE           	807C	0000	69
		_ValidateFrequency		CODE           	7858	0000	103
		_EnableChannels1		CODE           	75E0	0000	109
		_ExecuteRxParamSetupReq		CODE           	3E88	0000	533
		_UpdateDLSettings		CODE           	89F4	0000	29
		_GetRx1Freq    		CODE           	8B16	0000	19
		_ValidateTxPower		CODE           	8676	0000	43
		_LORAWAN_Init  		CODE           	7982	0000	99
		_ConfigureRadioTx		CODE           	7E1C	0000	83
		_LORAWAN_Reset 		CODE           	428A	0000	463
		_ExecuteDutyCycle		CODE           	7DC8	0000	85
		_UpdateCfList  		CODE           	409C	0000	495
		_LORAWAN_SetChannelIdStatus		CODE           	7BBC	0000	91
		_StopAllSoftwareTimers		CODE           	7E6E	0000	83
		_UpdateChannelIdStatus		CODE           	4F30	0000	359
		_ConfigureRadio		CODE           	6C12	0000	169
		_LORAWAN_TxDone		CODE           	0D2C	0000	1971
		_ExecuteDevStatus		CODE           	8C0E	0000	11
		_CreateAllSoftwareTimers		CODE           	7EC0	0000	83

mcc_generated_files/LoRaWAN/lorawan_eu.c estimated size: 9894

mcc_generated_files/mcc.c
		_OSCILLATOR_Initialize		CODE           	8BAA	0000	15
		_SYSTEM_Initialize		CODE           	89D6	0000	31

mcc_generated_files/mcc.c estimated size: 46

mcc_generated_files/tmr1.c
		_TMR1_Initialize		CODE           	8620	0000	45
		_TMR1_SetInterruptHandler		CODE           	8BD2	0000	11
		_TMR1_DefaultInterruptHandler		CODE           	8CD0	0000	3
		_TMR1_CallBack 		CODE           	8936	0000	33
		_TMR1_WriteTimer		CODE           	8916	0000	33
		_TMR1_ReadTimer		CODE           	8894	0000	35
		_TMR1_ISR      		CODE           	8B02	0000	21

mcc_generated_files/tmr1.c estimated size: 181

C:\Program Files (x86)\Microchip\xc8\v1.45\sources\common\awdiv.c
		___awdiv       		CODE           	71E8	0000	135

C:\Program Files (x86)\Microchip\xc8\v1.45\sources\common\awdiv.c estimated size: 135

mcc_generated_files/LoRaWAN/AES.c
		_AESEncode     		CODE           	28FE	0000	843
		_EncKeySchedule		CODE           	350C	0000	677
		_EncodeShiftRow		CODE           	5096	0000	357

mcc_generated_files/LoRaWAN/AES.c estimated size: 1877

C:\Program Files (x86)\Microchip\xc8\v1.45\sources\common\lldiv.c
		___lldiv       		CODE           	72F4	0000	133

C:\Program Files (x86)\Microchip\xc8\v1.45\sources\common\lldiv.c estimated size: 133

mcc_generated_files/spi2.c
		_SPI2_Exchange8bit		CODE           	8B3A	0000	19
		_SPI2_Initialize		CODE           	8B9C	0000	15

mcc_generated_files/spi2.c estimated size: 34

main.c
		_RxData        		CODE           	8CCE	0000	3
		_main          		CODE           	6ABA	0000	173
		_RxJoinResponse		CODE           	8CCC	0000	3

main.c estimated size: 179

C:\Program Files (x86)\Microchip\xc8\v1.45\sources\common\memset.c
		_memset        		CODE           	84DC	0000	49

C:\Program Files (x86)\Microchip\xc8\v1.45\sources\common\memset.c estimated size: 49

