Microchip MPLAB XC8 Compiler V1.45 ()

Linker command line:

-W-3 --edf=C:\Program Files (x86)\Microchip\xc8\v1.45\dat\en_msgs.txt -cs \
  -h+dist/default/production\RN2483_LoRAWAN_v1.00.X.production.sym \
  --cmf=dist/default/production\RN2483_LoRAWAN_v1.00.X.production.cmf -z \
  -Q18LF46K22 -oC:\Users\KAMEN~1.VAL\AppData\Local\Temp\sh70.2 \
  -Mdist/default/production/RN2483_LoRAWAN_v1.00.X.production.map -E1 \
  -ver=XC8 -ASTACK=06FEh-0f37h -pstack=STACK -ACODE=00h-0FFFFh \
  -ACONST=00h-0FFFFh -ASMALLCONST=01000h-010FFhx240 \
  -AMEDIUMCONST=01000h-0FFFFh -ACOMRAM=01h-05Fh -AABS1=00h-0F37h \
  -ABIGRAM=01h-0F37h -ARAM=060h-0FFh,0100h-01FFhx14,0F00h-0F37h \
  -ABANK0=060h-0FFh -ABANK1=0100h-01FFh -ABANK2=0200h-02FFh \
  -ABANK3=0300h-03FFh -ABANK4=0400h-04FFh -ABANK5=0500h-05FFh \
  -ABANK6=0600h-06FFh -ABANK7=0700h-07FFh -ABANK8=0800h-08FFh \
  -ABANK9=0900h-09FFh -ABANK10=0A00h-0AFFh -ABANK11=0B00h-0BFFh \
  -ABANK12=0C00h-0CFFh -ABANK13=0D00h-0DFFh -ABANK14=0E00h-0EFFh \
  -ABANK15=0F00h-0F37h -ASFR=0F38h-0F5Fh,0F60h-0FFFh \
  -preset_vec=00h,intcode=08h,intcodelo,powerup,init -pramtop=01000h \
  -psmallconst=SMALLCONST -pmediumconst=MEDIUMCONST -pconst=CONST \
  -AFARRAM=00h-00h -ACONFIG=0300000h-030000Dh -pconfig=CONFIG \
  -AIDLOC=0200000h-0200007h -pidloc=IDLOC -AEEDATA=0F00000h-0F003FFh \
  -peeprom_data=EEDATA \
  -prdata=COMRAM,nvrram=COMRAM,nvbit=COMRAM,rbss=COMRAM,rbit=COMRAM \
  -pfarbss=FARRAM,fardata=FARRAM,nvFARRAM=FARRAM \
  -pintsave_regs=BIGRAM,bigbss=BIGRAM,bigdata=BIGRAM -pbss=RAM \
  -pidata=CODE,irdata=CODE,ibigdata=CODE,ifardata=CODE -prparam=COMRAM \
  C:\Users\KAMEN~1.VAL\AppData\Local\Temp\sh70.obj \
  dist/default/production\RN2483_LoRAWAN_v1.00.X.production.obj 

Object code version is 3.11

Machine type is 18LF46K22

Call graph: (short form)




                Name                               Link     Load   Length Selector   Space Scale
C:\Users\KAMEN~1.VAL\AppData\Local\Temp\sh70.obj
                stack                               6FE      6FE      83A      6FE       2
                init                                 7E       7E        8        4       0
                reset_vec                             0        0        4        0       0
                idloc                            200000   200000        8   200000       0
                config                           300000   300000        E   300000       0
dist/default/production\RN2483_LoRAWAN_v1.00.X.production.obj
                intcode                               8        8       76        4       0
                temp                                 48       48        C        1       1
                mediumconst                        FE40     FE40      1C0     7F20       0
                text232                            9314     9314        2        4       0
                text231                            92E6     92E6        6        4       0
                text230                            8F6A     8F6A       20        4       0
                text229                            92BA     92BA        8        4       0
                text228                            9312     9312        2        4       0
                text227                            92E0     92E0        6        4       0
                text226                            8F4A     8F4A       20        4       0
                text225                            92B2     92B2        8        4       0
                text224                            9310     9310        2        4       0
                text223                            92DA     92DA        6        4       0
                text222                            8F2A     8F2A       20        4       0
                text221                            9298     9298        A        4       0
                text220                            8F0A     8F0A       20        4       0
                text219                            5046     5046      16C        4       0
                text218                            5F50     5F50      100        4       0
                text217                            8FE0     8FE0       1C        4       0
                text216                            8708     8708       44        4       0
                text215                            8210     8210       56        4       0
                text214                            930E     930E        2        4       0
                text213                            8EEA     8EEA       20        4       0
                text212                            90CC     90CC       14        4       0
                text210                            88FE     88FE       36        4       0
                text209                            7452     7452       8C        4       0
                text208                            83B2     83B2       52        4       0
                text207                            7ED8     7ED8       60        4       0
                text206                            8A8A     8A8A       30        4       0
                text205                            75F2     75F2       8A        4       0
                text204                            7568     7568       8A        4       0
                text203                            86C4     86C4       44        4       0
                text202                            8E48     8E48       22        4       0
                text201                            48A4     48A4      198        4       0
                text200                            5E4E     5E4E      102        4       0
                text199                            8ECA     8ECA       20        4       0
                text198                            8452     8452       4A        4       0
                text197                            732C     732C       96        4       0
                text196                            7296     7296       96        4       0
                text195                            8D70     8D70       28        4       0
                text194                            7788     7788       84        4       0
                text193                            8162     8162       58        4       0
                text192                            547C     547C      15E        4       0
                text191                            9300     9300        4        4       0
                text190                            92FC     92FC        4        4       0
                text189                            9016     9016       1A        4       0
                text188                            8A5A     8A5A       30        4       0
                text187                            856E     856E       46        4       0
                text186                            92F8     92F8        4        4       0
                text185                            92F4     92F4        4        4       0
                text184                            9104     9104       12        4       0
                text183                            91BE     91BE        E        4       0
                text182                            8EAA     8EAA       20        4       0
                text181                            7C1E     7C1E       68        4       0
                text180                            661A     661A       F0        4       0
                text179                            91D8     91D8        C        4       0
                text178                            8D48     8D48       28        4       0
                text177                            6050     6050       FE        4       0
                text176                            8680     8680       44        4       0
                text175                            46DA     46DA      1CA        4       0
                text174                            928E     928E        A        4       0
                text173                            8360     8360       52        4       0
                text172                            614E     614E       FA        4       0
                text171                            450C     450C      1CE        4       0
                text170                            71F2     71F2       A4        4       0
                text169                            69B2     69B2       DE        4       0
                text168                            9176     9176       10        4       0
                text167                            7E16     7E16       62        4       0
                text166                            350C     350C      2A4        4       0
                text165                            5318     5318      164        4       0
                text164                            28FE     28FE      34A        4       0
                text163                            88C8     88C8       36        4       0
                text162                            7DB4     7DB4       62        4       0
                text161                            5728     5728      14C        4       0
                text160                            21F0     21F0      3AA        4       0
                text159                            7D52     7D52       62        4       0
                text158                            863C     863C       44        4       0
                text157                            8052     8052       5C        4       0
                text156                            8E26     8E26       22        4       0
                text155                            4A3C     4A3C      190        4       0
                text154                            7BB6     7BB6       68        4       0
                text153                            7B4C     7B4C       6A        4       0
                text152                            652A     652A       F0        4       0
                text151                            14DE     14DE      500        4       0
                text150                            3CA2     3CA2      238        4       0
                text149                            9284     9284        A        4       0
                text148                            74DE     74DE       8A        4       0
                text147                            8A2A     8A2A       30        4       0
                text146                            927A     927A        A        4       0
                text145                            9270     9270        A        4       0
                text144                            9266     9266        A        4       0
                text143                            70A6     70A6       A8        4       0
                text142                            925C     925C        A        4       0
                text141                            9252     9252        A        4       0
                text140                            9248     9248        A        4       0
                text139                            830E     830E       52        4       0
                text138                            5AE0     5AE0      12A        4       0
                text137                            7AE0     7AE0       6C        4       0
                text136                            8FFC     8FFC       1A        4       0
                text135                            714E     714E       A4        4       0
                text134                            90B8     90B8       14        4       0
                text133                            8CA6     8CA6       2A        4       0
                text132                            3EDA     3EDA      230        4       0
                text131                            8E8A     8E8A       20        4       0
                text130                            92D4     92D4        6        4       0
                text129                            90F2     90F2       12        4       0
                text128                            90A4     90A4       14        4       0
                text127                            930C     930C        2        4       0
                text126                            790C     790C       7E        4       0
                text125                            92CE     92CE        6        4       0
                text124                            8C7C     8C7C       2A        4       0
                text123                            880E     880E       40        4       0
                text122                             D2C      D2C      7B2        4       0
                text121                            59B2     59B2      12E        4       0
                text120                            7FF4     7FF4       5E        4       0
                text119                            780C     780C       82        4       0
                text118                            6FFA     6FFA       AC        4       0
                text117                            7702     7702       86        4       0
                text116                            8108     8108       5A        4       0
                text115                            6D14     6D14       CA        4       0
                text114                            6436     6436       F4        4       0
                text113                            767C     767C       86        4       0
                text112                            4BCC     4BCC      18C        4       0
                text111                            68D4     68D4       DE        4       0
                text110                            92C8     92C8        6        4       0
                text109                            19DE     19DE      462        4       0
                text108                            1E40     1E40      3B0        4       0
                text107                            7E78     7E78       60        4       0
                text106                            6C42     6C42       D2        4       0
                text105                            923E     923E        A        4       0
                text104                            82BA     82BA       54        4       0
                text103                            51B2     51B2      166        4       0
                text102                            7A74     7A74       6C        4       0
                text101                            8FC4     8FC4       1C        4       0
                text100                            9234     9234        A        4       0
                text99                             922A     922A        A        4       0
                text98                             7F96     7F96       5E        4       0
                text97                             8E6A     8E6A       20        4       0
                text96                             9060     9060       18        4       0
                text95                             8C52     8C52       2A        4       0
                text94                             3244     3244      2C8        4       0
                text93                             8998     8998       32        4       0
                text92                             8DBE     8DBE       24        4       0
                text91                             80AE     80AE       5A        4       0
                text90                             55DA     55DA      14E        4       0
                text89                             85F8     85F8       44        4       0
                text88                             85B4     85B4       44        4       0
                text87                             8528     8528       46        4       0
                text86                             7CEC     7CEC       66        4       0
                text85                             3A32     3A32      270        4       0
                text84                             908E     908E       16        4       0
                text83                             9048     9048       18        4       0
                text82                             410A     410A      214        4       0
                text81                             8D20     8D20       28        4       0
                text80                             874C     874C       42        4       0
                text79                             8CF8     8CF8       28        4       0
                text78                             2F4E     2F4E      2F6        4       0
                text77                             930A     930A        2        4       0
                text76                             89FA     89FA       30        4       0
                text75                             788E     788E       7E        4       0
                text74                             4D58     4D58      182        4       0
                text73                             431E     431E      1EE        4       0
                text72                             8FA8     8FA8       1C        4       0
                text71                             7A02     7A02       72        4       0
                text70                               86       86      CA6        4       0
                text69                             259A     259A      364        4       0
                text68                             6E96     6E96       B4        4       0
                text67                             7C86     7C86       66        4       0
                text66                             67F0     67F0       E4        4       0
                text65                             5C0A     5C0A      126        4       0
                text64                             8966     8966       32        4       0
                text63                             73C2     73C2       90        4       0
                text62                             87CE     87CE       40        4       0
                text61                             8BCE     8BCE       2E        4       0
                text60                             8404     8404       4E        4       0
                text59                             81BA     81BA       56        4       0
                text58                             8E04     8E04       22        4       0
                text57                             8934     8934       32        4       0
                text56                             8CD0     8CD0       28        4       0
                text55                             90E0     90E0       12        4       0
                text54                             798A     798A       78        4       0
                text53                             888C     888C       3C        4       0
                text52                             84E2     84E2       46        4       0
                text51                             6B6A     6B6A       D8        4       0
                text50                             6DDE     6DDE       B8        4       0
                text49                             4EDA     4EDA      16C        4       0
                text48                             5D30     5D30      11E        4       0
                text47                             8D98     8D98       26        4       0
                text46                             5874     5874      13E        4       0
                text45                             2C48     2C48      306        4       0
                text44                             670A     670A       E6        4       0
                text43                             884E     884E       3E        4       0
                text42                             8BA0     8BA0       2E        4       0
                text41                             8B72     8B72       2E        4       0
                text40                             8B44     8B44       2E        4       0
                text39                             9030     9030       18        4       0
                text38                             8B16     8B16       2E        4       0
                text37                             8AE8     8AE8       2E        4       0
                text36                             9078     9078       16        4       0
                text35                             9166     9166       10        4       0
                text34                             9220     9220        A        4       0
                text33                             9216     9216        A        4       0
                text32                             920C     920C        A        4       0
                text31                             849C     849C       46        4       0
                text30                             9202     9202        A        4       0
                text29                             91F8     91F8        A        4       0
                text28                             8C28     8C28       2A        4       0
                text27                             92F0     92F0        4        4       0
                text26                             9156     9156       10        4       0
                text25                             9146     9146       10        4       0
                text24                             91EE     91EE        A        4       0
                text23                             9136     9136       10        4       0
                text22                             9308     9308        2        4       0
                text21                             9306     9306        2        4       0
                text20                             9304     9304        2        4       0
                text19                             92AA     92AA        8        4       0
                text18                             91E4     91E4        A        4       0
                text17                             9126     9126       10        4       0
                text16                             8DE2     8DE2       22        4       0
                text15                             91B0     91B0        E        4       0
                text14                             8266     8266       54        4       0
                text13                             91A2     91A2        E        4       0
                text12                             8BFC     8BFC       2C        4       0
                text11                             8F8A     8F8A       1E        4       0
                text10                             8ABA     8ABA       2E        4       0
                text9                              91CC     91CC        C        4       0
                text8                              92C2     92C2        6        4       0
                text7                              6F4A     6F4A       B0        4       0
                text6                              6340     6340       F6        4       0
                text5                              6248     6248       F8        4       0
                text4                              7F38     7F38       5E        4       0
                text3                              9194     9194        E        4       0
                text2                              9186     9186        E        4       0
                text1                              89CA     89CA       30        4       0
                text0                              37B0     37B0      282        4       0
                cstackCOMRAM                          1        1       3B        1       1
                cstackBANK0                          60       60       99       60       1
                cstackBANK1                         173      173       69      100       1
                bssBIGRAM                           4E0      4E0      21E      4E0       1
                bssBANK4                            400      400       E0      400       1
                dataBANK3                           3A0      3A0       40      300       1
                bssBANK3                            300      300       A0      300       1
                dataBANK2                           2F5      2F5        8      200       1
                bssBANK2                            200      200       F5      200       1
                dataBANK1                           1EE      1EE       10      100       1
                bssBANK1                            100      100       73      100       1
                bssBANK0                             F9       F9        1       60       1
                dataCOMRAM                           54       54        4        1       1
                bssCOMRAM                            3C       3C        C        1       1
                cinit                              6A90     6A90       DA        4       0
                nvBANK1                             1DC      1DC       12      100       1
                idataBANK3                         878E     878E       40        4       0
                idataBANK2                         92A2     92A2        8        4       0
                idataBANK1                         9116     9116       10        4       0
                idataCOMRAM                        92EC     92EC        4        4       0

TOTAL           Name                               Link     Load   Length     Space
        CLASS   STACK          
                stack                               6FE      6FE      83A         2

        CLASS   CODE           
                intcode                               8        8       76         0
                init                                 7E       7E        8         0
                reset_vec                             0        0        4         0
                text232                            9314     9314        2         0
                text231                            92E6     92E6        6         0
                text230                            8F6A     8F6A       20         0
                text229                            92BA     92BA        8         0
                text228                            9312     9312        2         0
                text227                            92E0     92E0        6         0
                text226                            8F4A     8F4A       20         0
                text225                            92B2     92B2        8         0
                text224                            9310     9310        2         0
                text223                            92DA     92DA        6         0
                text222                            8F2A     8F2A       20         0
                text221                            9298     9298        A         0
                text220                            8F0A     8F0A       20         0
                text219                            5046     5046      16C         0
                text218                            5F50     5F50      100         0
                text217                            8FE0     8FE0       1C         0
                text216                            8708     8708       44         0
                text215                            8210     8210       56         0
                text214                            930E     930E        2         0
                text213                            8EEA     8EEA       20         0
                text212                            90CC     90CC       14         0
                text210                            88FE     88FE       36         0
                text209                            7452     7452       8C         0
                text208                            83B2     83B2       52         0
                text207                            7ED8     7ED8       60         0
                text206                            8A8A     8A8A       30         0
                text205                            75F2     75F2       8A         0
                text204                            7568     7568       8A         0
                text203                            86C4     86C4       44         0
                text202                            8E48     8E48       22         0
                text201                            48A4     48A4      198         0
                text200                            5E4E     5E4E      102         0
                text199                            8ECA     8ECA       20         0
                text198                            8452     8452       4A         0
                text197                            732C     732C       96         0
                text196                            7296     7296       96         0
                text195                            8D70     8D70       28         0
                text194                            7788     7788       84         0
                text193                            8162     8162       58         0
                text192                            547C     547C      15E         0
                text191                            9300     9300        4         0
                text190                            92FC     92FC        4         0
                text189                            9016     9016       1A         0
                text188                            8A5A     8A5A       30         0
                text187                            856E     856E       46         0
                text186                            92F8     92F8        4         0
                text185                            92F4     92F4        4         0
                text184                            9104     9104       12         0
                text183                            91BE     91BE        E         0
                text182                            8EAA     8EAA       20         0
                text181                            7C1E     7C1E       68         0
                text180                            661A     661A       F0         0
                text179                            91D8     91D8        C         0
                text178                            8D48     8D48       28         0
                text177                            6050     6050       FE         0
                text176                            8680     8680       44         0
                text175                            46DA     46DA      1CA         0
                text174                            928E     928E        A         0
                text173                            8360     8360       52         0
                text172                            614E     614E       FA         0
                text171                            450C     450C      1CE         0
                text170                            71F2     71F2       A4         0
                text169                            69B2     69B2       DE         0
                text168                            9176     9176       10         0
                text167                            7E16     7E16       62         0
                text166                            350C     350C      2A4         0
                text165                            5318     5318      164         0
                text164                            28FE     28FE      34A         0
                text163                            88C8     88C8       36         0
                text162                            7DB4     7DB4       62         0
                text161                            5728     5728      14C         0
                text160                            21F0     21F0      3AA         0
                text159                            7D52     7D52       62         0
                text158                            863C     863C       44         0
                text157                            8052     8052       5C         0
                text156                            8E26     8E26       22         0
                text155                            4A3C     4A3C      190         0
                text154                            7BB6     7BB6       68         0
                text153                            7B4C     7B4C       6A         0
                text152                            652A     652A       F0         0
                text151                            14DE     14DE      500         0
                text150                            3CA2     3CA2      238         0
                text149                            9284     9284        A         0
                text148                            74DE     74DE       8A         0
                text147                            8A2A     8A2A       30         0
                text146                            927A     927A        A         0
                text145                            9270     9270        A         0
                text144                            9266     9266        A         0
                text143                            70A6     70A6       A8         0
                text142                            925C     925C        A         0
                text141                            9252     9252        A         0
                text140                            9248     9248        A         0
                text139                            830E     830E       52         0
                text138                            5AE0     5AE0      12A         0
                text137                            7AE0     7AE0       6C         0
                text136                            8FFC     8FFC       1A         0
                text135                            714E     714E       A4         0
                text134                            90B8     90B8       14         0
                text133                            8CA6     8CA6       2A         0
                text132                            3EDA     3EDA      230         0
                text131                            8E8A     8E8A       20         0
                text130                            92D4     92D4        6         0
                text129                            90F2     90F2       12         0
                text128                            90A4     90A4       14         0
                text127                            930C     930C        2         0
                text126                            790C     790C       7E         0
                text125                            92CE     92CE        6         0
                text124                            8C7C     8C7C       2A         0
                text123                            880E     880E       40         0
                text122                             D2C      D2C      7B2         0
                text121                            59B2     59B2      12E         0
                text120                            7FF4     7FF4       5E         0
                text119                            780C     780C       82         0
                text118                            6FFA     6FFA       AC         0
                text117                            7702     7702       86         0
                text116                            8108     8108       5A         0
                text115                            6D14     6D14       CA         0
                text114                            6436     6436       F4         0
                text113                            767C     767C       86         0
                text112                            4BCC     4BCC      18C         0
                text111                            68D4     68D4       DE         0
                text110                            92C8     92C8        6         0
                text109                            19DE     19DE      462         0
                text108                            1E40     1E40      3B0         0
                text107                            7E78     7E78       60         0
                text106                            6C42     6C42       D2         0
                text105                            923E     923E        A         0
                text104                            82BA     82BA       54         0
                text103                            51B2     51B2      166         0
                text102                            7A74     7A74       6C         0
                text101                            8FC4     8FC4       1C         0
                text100                            9234     9234        A         0
                text99                             922A     922A        A         0
                text98                             7F96     7F96       5E         0
                text97                             8E6A     8E6A       20         0
                text96                             9060     9060       18         0
                text95                             8C52     8C52       2A         0
                text94                             3244     3244      2C8         0
                text93                             8998     8998       32         0
                text92                             8DBE     8DBE       24         0
                text91                             80AE     80AE       5A         0
                text90                             55DA     55DA      14E         0
                text89                             85F8     85F8       44         0
                text88                             85B4     85B4       44         0
                text87                             8528     8528       46         0
                text86                             7CEC     7CEC       66         0
                text85                             3A32     3A32      270         0
                text84                             908E     908E       16         0
                text83                             9048     9048       18         0
                text82                             410A     410A      214         0
                text81                             8D20     8D20       28         0
                text80                             874C     874C       42         0
                text79                             8CF8     8CF8       28         0
                text78                             2F4E     2F4E      2F6         0
                text77                             930A     930A        2         0
                text76                             89FA     89FA       30         0
                text75                             788E     788E       7E         0
                text74                             4D58     4D58      182         0
                text73                             431E     431E      1EE         0
                text72                             8FA8     8FA8       1C         0
                text71                             7A02     7A02       72         0
                text70                               86       86      CA6         0
                text69                             259A     259A      364         0
                text68                             6E96     6E96       B4         0
                text67                             7C86     7C86       66         0
                text66                             67F0     67F0       E4         0
                text65                             5C0A     5C0A      126         0
                text64                             8966     8966       32         0
                text63                             73C2     73C2       90         0
                text62                             87CE     87CE       40         0
                text61                             8BCE     8BCE       2E         0
                text60                             8404     8404       4E         0
                text59                             81BA     81BA       56         0
                text58                             8E04     8E04       22         0
                text57                             8934     8934       32         0
                text56                             8CD0     8CD0       28         0
                text55                             90E0     90E0       12         0
                text54                             798A     798A       78         0
                text53                             888C     888C       3C         0
                text52                             84E2     84E2       46         0
                text51                             6B6A     6B6A       D8         0
                text50                             6DDE     6DDE       B8         0
                text49                             4EDA     4EDA      16C         0
                text48                             5D30     5D30      11E         0
                text47                             8D98     8D98       26         0
                text46                             5874     5874      13E         0
                text45                             2C48     2C48      306         0
                text44                             670A     670A       E6         0
                text43                             884E     884E       3E         0
                text42                             8BA0     8BA0       2E         0
                text41                             8B72     8B72       2E         0
                text40                             8B44     8B44       2E         0
                text39                             9030     9030       18         0
                text38                             8B16     8B16       2E         0
                text37                             8AE8     8AE8       2E         0
                text36                             9078     9078       16         0
                text35                             9166     9166       10         0
                text34                             9220     9220        A         0
                text33                             9216     9216        A         0
                text32                             920C     920C        A         0
                text31                             849C     849C       46         0
                text30                             9202     9202        A         0
                text29                             91F8     91F8        A         0
                text28                             8C28     8C28       2A         0
                text27                             92F0     92F0        4         0
                text26                             9156     9156       10         0
                text25                             9146     9146       10         0
                text24                             91EE     91EE        A         0
                text23                             9136     9136       10         0
                text22                             9308     9308        2         0
                text21                             9306     9306        2         0
                text20                             9304     9304        2         0
                text19                             92AA     92AA        8         0
                text18                             91E4     91E4        A         0
                text17                             9126     9126       10         0
                text16                             8DE2     8DE2       22         0
                text15                             91B0     91B0        E         0
                text14                             8266     8266       54         0
                text13                             91A2     91A2        E         0
                text12                             8BFC     8BFC       2C         0
                text11                             8F8A     8F8A       1E         0
                text10                             8ABA     8ABA       2E         0
                text9                              91CC     91CC        C         0
                text8                              92C2     92C2        6         0
                text7                              6F4A     6F4A       B0         0
                text6                              6340     6340       F6         0
                text5                              6248     6248       F8         0
                text4                              7F38     7F38       5E         0
                text3                              9194     9194        E         0
                text2                              9186     9186        E         0
                text1                              89CA     89CA       30         0
                text0                              37B0     37B0      282         0
                cinit                              6A90     6A90       DA         0
                idataBANK3                         878E     878E       40         0
                idataBANK2                         92A2     92A2        8         0
                idataBANK1                         9116     9116       10         0
                idataCOMRAM                        92EC     92EC        4         0

        CLASS   CONST          

        CLASS   SMALLCONST     

        CLASS   MEDIUMCONST    
                mediumconst                        FE40     FE40      1C0         0

        CLASS   COMRAM         
                temp                                 48       48        C         1
                cstackCOMRAM                          1        1       3B         1
                dataCOMRAM                           54       54        4         1
                bssCOMRAM                            3C       3C        C         1

        CLASS   ABS1           

        CLASS   BIGRAM         
                bssBIGRAM                           4E0      4E0      21E         1

        CLASS   RAM            

        CLASS   BANK0          
                cstackBANK0                          60       60       99         1
                bssBANK0                             F9       F9        1         1

        CLASS   BANK1          
                cstackBANK1                         173      173       69         1
                dataBANK1                           1EE      1EE       10         1
                bssBANK1                            100      100       73         1
                nvBANK1                             1DC      1DC       12         1

        CLASS   BANK2          
                dataBANK2                           2F5      2F5        8         1
                bssBANK2                            200      200       F5         1

        CLASS   BANK3          
                dataBANK3                           3A0      3A0       40         1
                bssBANK3                            300      300       A0         1

        CLASS   BANK4          
                bssBANK4                            400      400       E0         1

        CLASS   BANK5          

        CLASS   BANK6          

        CLASS   BANK7          

        CLASS   BANK8          

        CLASS   BANK9          

        CLASS   BANK10         

        CLASS   BANK11         

        CLASS   BANK12         

        CLASS   BANK13         

        CLASS   BANK14         

        CLASS   BANK15         

        CLASS   SFR            

        CLASS   FARRAM         

        CLASS   CONFIG         
                config                           300000   300000        E         0

        CLASS   IDLOC          
                idloc                            200000   200000        8         0

        CLASS   EEDATA         



SEGMENTS        Name                           Load    Length   Top    Selector   Space  Class

                reset_vec                      000000  000004  000004         0       0  CODE    
                cstackCOMRAM                   000001  000057  000058         1       1  COMRAM  
                intcode                        000008  00930E  009316         4       0  CODE    
                cstackBANK0                    000060  00009A  0000FA        60       1  BANK0   
                bssBANK1                       000100  0000FE  0001FE       100       1  BANK1   
                bssBANK2                       000200  0000FD  0002FD       200       1  BANK2   
                bssBANK3                       000300  0000E0  0003E0       300       1  BANK3   
                bssBANK4                       000400  0000E0  0004E0       400       1  BANK4   
                bssBIGRAM                      0004E0  00021E  0006FE       4E0       1  BIGRAM  
                stack                          0006FE  00083A  000F38       6FE       2  STACK   
                mediumconst                    00FE40  0001C0  010000      7F20       0  MEDIUMCO
                idloc                          200000  000008  200008    200000       0  IDLOC   
                config                         300000  00000E  30000E    300000       0  CONFIG  


UNUSED ADDRESS RANGES

        Name                Unused          Largest block    Delta
        BANK0            0000FA-0000FF                6
        BANK1            0001FE-0001FF                2
        BANK10           000A00-000AFF              100
        BANK11           000B00-000BFF              100
        BANK12           000C00-000CFF              100
        BANK13           000D00-000DFF              100
        BANK14           000E00-000EFF              100
        BANK15           000F00-000F37               38
        BANK2            0002FD-0002FF                3
        BANK3            0003E0-0003FF               20
        BANK6            0006FE-0006FF                2
        BANK7            000700-0007FF              100
        BANK8            000800-0008FF              100
        BANK9            000900-0009FF              100
        BIGRAM           000058-00005F                8
                         0000FA-0000FF                6
                         0001FE-0001FF                2
                         0002FD-0002FF                3
                         0003E0-0003FF               20
                         0006FE-000F37              83A
        CODE             000004-000007                4
                         009316-00FE3F             6B2A
        COMRAM           000058-00005F                8
        CONST            000004-000007                4
                         009316-00FE3F             6B2A
        EEDATA           F00000-F003FF              400
        MEDIUMCONST      009316-00FE3F             6B2A
        RAM              0000FA-0000FF                6
                         0001FE-0001FF                2
                         0002FD-0002FF                3
                         0003E0-0003FF               20
                         0006FE-000F37              100
        SFR              000F38-000FFF               28
        SMALLCONST       009316-00FE3F              100

                                  Symbol Table

?_ADC_GetConversion                                       cstackBANK0  000060
?_ComputeMic                                              cstackBANK0  0000C7
?_ExecuteDevStatus                                        cstackBANK0  000060
?_ExecuteDutyCycle                                        cstackBANK0  000060
?_ExecuteLinkAdr                                          cstackBANK0  00006F
?_ExecuteLinkCheck                                        cstackBANK0  000060
?_ExecuteNewChannel                                       cstackBANK0  0000A6
?_ExecuteRxParamSetupReq                                  cstackBANK0  0000A6
?_ExecuteRxTimingSetup                                    cstackBANK0  000067
?_ExtractMic                                              cstackBANK0  00006B
?_GetRx1Freq                                              cstackBANK0  000060
?_MacExecuteCommands                                      cstackBANK0  0000B0
?_RADIO_ReadRandom                                        cstackBANK0  00006C
?_RADIO_ReceiveStart                                      cstackBANK0  0000B1
?_RADIO_Transmit                                          cstackBANK0  0000B1
?_Random                                                  cstackBANK0  0000AD
?_SwTimerReadValue                                        cstackBANK0  000091
?_SwTimersInterrupt                                       cstackBANK0  000080
?_TMR1_ReadTimer                                          cstackBANK0  000060
?_TMR_GetDeltaTime                                        cstackBANK0  000068
?_TMR_SwapTimer                                           cstackBANK0  000068
?___awdiv                                                 cstackBANK0  000060
?___ftmul                                                 cstackBANK0  000071
?___ftpack                                                cstackBANK0  000060
?___fttol                                                 cstackBANK0  000080
?___lldiv                                                 cstackBANK0  000060
?___llmod                                                 cstackBANK0  000060
?___lltoft                                                cstackBANK0  000068
?___lmul                                                  cstackBANK0  00009A
?___lwmod                                                 cstackBANK0  0000A8
?___wmul                                                  cstackBANK0  000060
?_printf                                                  cstackBANK0  000062
?_rand                                                    cstackBANK0  0000A6
?i2_SwTimersInterrupt                                     cstackCOMRAM 000021
?i2_TMR1_ReadTimer                                        cstackCOMRAM 000001
?i2_TMR_GetDeltaTime                                      cstackCOMRAM 000009
?i2_TMR_SwapTimer                                         cstackCOMRAM 000009
ADC_GetConversion@channel                                 cstackBANK0  000064
AESCmac@flag                                              cstackBANK1  0001D5
AESCmac@i                                                 cstackBANK1  0001D8
AESCmac@input                                             cstackBANK0  0000BD
AESCmac@j                                                 cstackBANK1  0001D7
AESCmac@k1                                                cstackBANK1  000183
AESCmac@k2                                                cstackBANK1  000173
AESCmac@key                                               cstackBANK0  0000B9
AESCmac@mLast                                             cstackBANK1  000193
AESCmac@n                                                 cstackBANK1  0001D6
AESCmac@output                                            cstackBANK0  0000BB
AESCmac@padded                                            cstackBANK1  0001A3
AESCmac@ptr                                               cstackBANK1  0001D3
AESCmac@size                                              cstackBANK0  0000BF
AESCmac@x                                                 cstackBANK1  0001C3
AESCmac@y                                                 cstackBANK1  0001B3
AESEncode@aux                                             cstackBANK0  000078
AESEncode@aux1                                            cstackBANK0  00007A
AESEncode@aux2                                            cstackBANK0  000079
AESEncode@aux3                                            cstackBANK0  00007B
AESEncode@block                                           cstackBANK0  000066
AESEncode@i                                               cstackBANK0  00007C
AESEncode@key                                             cstackBANK0  000068
AESEncodeLoRa@block                                       cstackBANK0  00007D
AESEncodeLoRa@key                                         cstackBANK0  00007F
AESEncodeLoRa@useKey                                      cstackBANK0  000081
AssembleEncryptionBlock@blockId                           cstackBANK0  00006F
AssembleEncryptionBlock@bufferIndex                       cstackBANK0  000073
AssembleEncryptionBlock@dir                               cstackBANK0  000072
AssembleEncryptionBlock@firstByte                         cstackBANK0  000070
AssembleEncryptionBlock@frameCounter                      cstackBANK0  00006B
AssembleEncryptionBlock@multicastStatus                   cstackBANK0  000071
AssemblePacket@buffer                                     cstackBANK0  0000C8
AssemblePacket@bufferIndex                                cstackBANK0  0000D2
AssemblePacket@bufferLength                               cstackBANK0  0000CA
AssemblePacket@confirmed                                  cstackBANK0  0000CE
AssemblePacket@fCtrl                                      cstackBANK0  0000D0
AssemblePacket@macCmdIdx                                  cstackBANK0  0000D1
AssemblePacket@mhdr                                       cstackBANK0  0000CF
AssemblePacket@port                                       cstackBANK0  0000C7
CheckFlags@hdr                                            cstackBANK0  000060
CheckMcastFlags@hdr                                       cstackBANK0  000060
ComputeMic@buffer                                         cstackBANK0  0000C9
ComputeMic@bufferLength                                   cstackBANK0  0000CB
ComputeMic@key                                            cstackBANK0  0000C7
ComputeMic@mic                                            cstackBANK0  0000CC
ComputeSessionKeys@joinAcceptBuffer                       cstackBANK0  000091
ConfigureRadio@dataRate                                   cstackBANK0  000072
ConfigureRadio@freq                                       cstackBANK0  00006E
ConfigureRadioRx@dataRate                                 cstackBANK0  000077
ConfigureRadioRx@freq                                     cstackBANK0  000073
ConfigureRadioTx@dataRate                                 cstackBANK0  000077
ConfigureRadioTx@freq                                     cstackBANK0  000073
ConfigureRadioTx@txPower                                  cstackBANK0  000078
CountfOptsLength@i                                        cstackBANK0  000067
CountfOptsLength@macCommandLength                         cstackBANK0  000066
EUSART1_SetErrorHandler@interruptHandler                  cstackBANK0  000060
EUSART1_SetFramingErrorHandler@interruptHandler           cstackBANK0  000060
EUSART1_SetOverrunErrorHandler@interruptHandler           cstackBANK0  000060
EUSART1_Write@txData                                      cstackBANK0  000060
EnableChannels1@channelIndexMax                           cstackBANK0  000068
EnableChannels1@channelIndexMin                           cstackBANK0  000067
EnableChannels1@channelMask                               cstackBANK0  000064
EnableChannels1@channelMaskCntl                           cstackBANK0  000066
EnableChannels1@i                                         cstackBANK0  00006B
EnableChannels@channelMask                                cstackBANK0  00006C
EnableChannels@channelMaskCntl                            cstackBANK0  00006E
EncKeySchedule@key                                        cstackBANK0  000060
EncodeShiftRow@stateTable                                 cstackBANK0  000060
EncodeShiftRow@temp                                       cstackBANK0  000062
EncryptFRMPayload@buffer                                  cstackBANK0  000091
EncryptFRMPayload@bufferLength                            cstackBANK0  000093
EncryptFRMPayload@bufferToBeEncrypted                     cstackBANK0  00009C
EncryptFRMPayload@dir                                     cstackBANK0  000094
EncryptFRMPayload@frameCounter                            cstackBANK0  000095
EncryptFRMPayload@i                                       cstackBANK0  0000A5
EncryptFRMPayload@j                                       cstackBANK0  0000A6
EncryptFRMPayload@k                                       cstackBANK0  0000A4
EncryptFRMPayload@key                                     cstackBANK0  000099
EncryptFRMPayload@macBufferIndex                          cstackBANK0  00009B
EncryptFRMPayload@multicastStatus                         cstackBANK0  00009E
ExecuteDevStatus@ptr                                      cstackBANK0  000060
ExecuteDutyCycle@maxDCycle                                cstackBANK0  000065
ExecuteDutyCycle@ptr                                      cstackBANK0  000060
ExecuteLinkAdr@channelMask                                cstackBANK0  000073
ExecuteLinkAdr@dataRate                                   cstackBANK0  000078
ExecuteLinkAdr@ptr                                        cstackBANK0  00006F
ExecuteLinkAdr@redundancy                                 cstackBANK0  000076
ExecuteLinkAdr@txPower                                    cstackBANK0  000075
ExecuteLinkCheck@ptr                                      cstackBANK0  000060
ExecuteNewChannel@channelIndex                            cstackBANK0  0000AF
ExecuteNewChannel@drRange                                 cstackBANK0  0000AA
ExecuteNewChannel@frequency                               cstackBANK0  0000AB
ExecuteNewChannel@ptr                                     cstackBANK0  0000A6
ExecuteRxParamSetupReq@dlSettings                         cstackBANK0  0000AE
ExecuteRxParamSetupReq@frequency                          cstackBANK0  0000AA
ExecuteRxParamSetupReq@ptr                                cstackBANK0  0000A6
ExecuteRxTimingSetup@delay                                cstackBANK0  000069
ExecuteRxTimingSetup@ptr                                  cstackBANK0  000067
ExtractMic@buffer                                         cstackBANK0  00006B
ExtractMic@bufferLength                                   cstackBANK0  00006D
ExtractMic@mic                                            cstackBANK0  000073
FillSubKey@carry                                          cstackBANK0  000066
FillSubKey@i                                              cstackBANK0  000067
FillSubKey@key                                            cstackBANK0  000062
FillSubKey@size                                           cstackBANK0  000064
FillSubKey@source                                         cstackBANK0  000060
FindSmallestDataRate@dataRate                             cstackBANK0  000063
FindSmallestDataRate@found                                cstackBANK0  000061
FindSmallestDataRate@i                                    cstackBANK0  000062
GenerateSubkey@F7103                                      dataBANK3    0003A0
GenerateSubkey@const_Rb                                   cstackBANK0  000098
GenerateSubkey@i                                          cstackBANK0  0000B8
GenerateSubkey@k1                                         cstackBANK0  000093
GenerateSubkey@k2                                         cstackBANK0  000095
GenerateSubkey@key                                        cstackBANK0  000091
GenerateSubkey@l                                          cstackBANK0  0000A8
HALResetPinOutputValue@value                              cstackBANK0  000060
HALSPISend@data                                           cstackBANK0  000061
INT1_SetInterruptHandler@InterruptHandler                 cstackBANK0  000060
INT2_SetInterruptHandler@InterruptHandler                 cstackBANK0  000060
INTERRUPT_GetDioStatus@a                                  cstackBANK0  000060
IOCB4_SetInterruptHandler@InterruptHandler                cstackBANK0  000060
IncludeMacCommandsResponse@bIncludeInFopts                cstackBANK0  000064
IncludeMacCommandsResponse@bufferIndex                    cstackBANK0  00006E
IncludeMacCommandsResponse@i                              cstackBANK0  00006D
IncludeMacCommandsResponse@macBuffer                      cstackBANK0  000060
IncludeMacCommandsResponse@pBufferIndex                   cstackBANK0  000062
InitDefault433Channels@i                                  cstackBANK0  00006B
InitDefault868Channels@i                                  cstackBANK0  00006B
LORAWAN_GetMaxPayloadSize@macCommandsLength               cstackBANK0  000069
LORAWAN_GetMaxPayloadSize@result                          cstackBANK0  00006A
LORAWAN_Init@RxJoinResponse                               cstackBANK0  0000B4
LORAWAN_Init@RxPayload                                    cstackBANK0  0000B2
LORAWAN_Join@activationTypeNew                            cstackBANK0  0000DD
LORAWAN_Join@bufferIndex                                  cstackBANK0  0000DB
LORAWAN_Join@result                                       cstackBANK0  0000DC
LORAWAN_LinkCheckConfigure@iCtr                           cstackBANK0  0000B0
LORAWAN_LinkCheckConfigure@period                         cstackBANK0  0000A6
LORAWAN_Reset@ismBandNew                                  cstackBANK0  0000B1
LORAWAN_RxDone@buffer                                     cstackBANK1  0001D9
LORAWAN_RxDone@bufferIndex                                cstackBANK0  0000E6
LORAWAN_RxDone@bufferLength                               cstackBANK1  0001DB
LORAWAN_RxDone@channelIndex                               cstackBANK0  0000E0
LORAWAN_RxDone@computedMic                                cstackBANK0  0000EA
LORAWAN_RxDone@extractedMic                               cstackBANK0  0000E2
LORAWAN_RxDone@fPort                                      cstackBANK0  0000DF
LORAWAN_RxDone@frmPayloadLength                           cstackBANK0  0000F0
LORAWAN_RxDone@hdr                                        cstackBANK0  0000F1
LORAWAN_RxDone@joinAccept                                 cstackBANK0  0000EE
LORAWAN_RxDone@mhdr                                       cstackBANK0  0000E1
LORAWAN_RxDone@packet                                     cstackBANK0  0000E8
LORAWAN_RxDone@temp                                       cstackBANK0  0000E7
LORAWAN_RxTimeout@i                                       cstackBANK0  0000CA
LORAWAN_RxTimeout@minim                                   cstackBANK0  0000C6
LORAWAN_Send@buffer                                       cstackBANK0  0000D4
LORAWAN_Send@bufferLength                                 cstackBANK0  0000D6
LORAWAN_Send@confirmed                                    cstackBANK0  0000D9
LORAWAN_Send@port                                         cstackBANK0  0000D3
LORAWAN_Send@result                                       cstackBANK0  0000D8
LORAWAN_SetApplicationEui@applicationEuiNew               cstackBANK0  00006B
LORAWAN_SetApplicationKey@applicationKeyNew               cstackBANK0  00006B
LORAWAN_SetApplicationSessionKey@applicationSessionKeyNew cstackBANK0  00006B
LORAWAN_SetChannelIdStatus@channelId                      cstackBANK0  000066
LORAWAN_SetChannelIdStatus@result                         cstackBANK0  000065
LORAWAN_SetChannelIdStatus@statusNew                      cstackBANK0  000064
LORAWAN_SetDeviceAddress@deviceAddressNew                 cstackBANK0  000060
LORAWAN_SetDeviceEui@deviceEuiNew                         cstackBANK0  00006B
LORAWAN_SetNetworkSessionKey@networkSessionKeyNew         cstackBANK0  00006B
LORAWAN_TxDone@delta                                      cstackBANK0  0000D2
LORAWAN_TxDone@found                                      cstackBANK0  0000D1
LORAWAN_TxDone@i                                          cstackBANK0  0000E2
LORAWAN_TxDone@minim                                      cstackBANK0  0000DE
LORAWAN_TxDone@ticks                                      cstackBANK0  0000DA
LORAWAN_TxDone@timeOnAir                                  cstackBANK0  0000BB
MacExecuteCommands@buffer                                 cstackBANK0  0000B0
MacExecuteCommands@done                                   cstackBANK0  0000B5
MacExecuteCommands@fOptsLen                               cstackBANK0  0000B2
MacExecuteCommands@ptr                                    cstackBANK0  0000B6
PrepareJoinRequestFrame@bufferIndex                       cstackBANK0  0000DA
PrepareJoinRequestFrame@iCtr                              cstackBANK0  0000D9
PrepareJoinRequestFrame@mhdr                              cstackBANK0  0000D8
PrepareJoinRequestFrame@mic                               cstackBANK0  0000D4
PrepareSessionKeys@appNonce                               cstackBANK0  00006D
PrepareSessionKeys@index                                  cstackBANK0  000071
PrepareSessionKeys@networkId                              cstackBANK0  00006F
PrepareSessionKeys@sessionKey                             cstackBANK0  00006B
RADIO_DIO0@dioMapping                                     cstackBANK0  0000F7
RADIO_DIO0@opMode                                         cstackBANK0  0000F8
RADIO_DIO1@dioMapping                                     cstackBANK0  0000CC
RADIO_DIO2@dioMapping                                     cstackBANK0  00007C
RADIO_DIO2@opMode                                         cstackBANK0  00007B
RADIO_DIO3@dioMapping                                     cstackBANK0  000066
RADIO_DIO4@dioMapping                                     cstackBANK0  000067
RADIO_DIO5@dioMapping                                     cstackBANK0  000066
RADIO_FHSSChangeChannel@irqFlags                          cstackBANK0  000079
RADIO_FSKPacketSent@irqFlags                              cstackBANK0  0000EF
RADIO_FSKPacketSent@timeOnAir                             cstackBANK0  0000E7
RADIO_FSKPayloadReady@i                                   cstackBANK0  0000F4
RADIO_FSKPayloadReady@irqFlags                            cstackBANK0  0000F3
RADIO_Init@frequency                                      cstackBANK0  00007B
RADIO_Init@radioBuffer                                    cstackBANK0  000079
RADIO_ReadRandom@i                                        cstackBANK0  000071
RADIO_ReadRandom@retVal                                   cstackBANK0  00006F
RADIO_ReceiveStart@rxWindowSize                           cstackBANK0  0000B1
RADIO_RegisterRead@readValue                              cstackBANK0  000063
RADIO_RegisterRead@reg                                    cstackBANK0  000062
RADIO_RegisterWrite@reg                                   cstackBANK0  000063
RADIO_RegisterWrite@value                                 cstackBANK0  000062
RADIO_RxDone@i                                            cstackBANK0  0000F4
RADIO_RxDone@irqFlags                                     cstackBANK0  0000F3
RADIO_SetBandwidth@bandwidth                              cstackBANK0  000060
RADIO_SetCRC@crc                                          cstackBANK0  000060
RADIO_SetChannelFrequency@frequency                       cstackBANK0  000060
RADIO_SetFSKSyncWord@syncWord                             cstackBANK0  00006B
RADIO_SetFSKSyncWord@syncWordLen                          cstackBANK0  00006D
RADIO_SetFrequencyHopPeriod@frequencyHopPeriod            cstackBANK0  000060
RADIO_SetIQInverted@iqInverted                            cstackBANK0  000060
RADIO_SetLoRaSyncWord@syncWord                            cstackBANK0  000060
RADIO_SetModulation@modulation                            cstackBANK0  000060
RADIO_SetOutputPower@power                                cstackBANK0  000060
RADIO_SetSpreadingFactor@spreadingFactor                  cstackBANK0  000060
RADIO_Transmit@buffer                                     cstackBANK0  0000B1
RADIO_Transmit@bufferLen                                  cstackBANK0  0000B3
RADIO_Transmit@i                                          cstackBANK0  0000C1
RADIO_Transmit@regValue                                   cstackBANK0  0000C0
RADIO_TxDone@timeOnAir                                    cstackBANK0  0000E7
RADIO_UnhandledInterrupt@modulation                       cstackBANK0  000064
RADIO_WriteConfiguration@i                                cstackBANK0  0000AB
RADIO_WriteConfiguration@regValue                         cstackBANK0  0000B0
RADIO_WriteConfiguration@symbolTimeout                    cstackBANK0  0000A6
RADIO_WriteConfiguration@tempValue                        cstackBANK0  0000AC
RADIO_WriteFSKBitRate@bitRate                             cstackBANK0  00006D
RADIO_WriteFSKBitRate@num                                 cstackBANK0  000071
RADIO_WriteFSKFrequencyDeviation@frequencyDeviation       cstackBANK0  00006D
RADIO_WriteFSKFrequencyDeviation@num                      cstackBANK0  000071
RADIO_WriteFrequency@frequency                            cstackBANK0  00006D
RADIO_WriteFrequency@num                                  cstackBANK0  000075
RADIO_WriteFrequency@num_mod                              cstackBANK0  000071
RADIO_WriteMode@blocking                                  cstackBANK0  000066
RADIO_WriteMode@currentMode                               cstackBANK0  000069
RADIO_WriteMode@currentModulation                         cstackBANK0  000067
RADIO_WriteMode@dioMapping                                cstackBANK0  000068
RADIO_WriteMode@newMode                                   cstackBANK0  00006A
RADIO_WriteMode@newModulation                             cstackBANK0  000065
RADIO_WriteMode@opMode                                    cstackBANK0  00006B
RADIO_WritePower@ocp                                      cstackBANK0  000064
RADIO_WritePower@paDac                                    cstackBANK0  000065
RADIO_WritePower@power                                    cstackBANK0  000066
Random@max                                                cstackBANK0  0000AD
RxData@dataLength                                         cstackBANK0  000062
RxData@pData                                              cstackBANK0  000060
RxData@status                                             cstackBANK0  000063
SPI2_Exchange8bit@data                                    cstackBANK0  000060
SearchAvailableChannel@channelIndex                       cstackBANK0  0000B0
SearchAvailableChannel@i                                  cstackBANK0  0000BA
SearchAvailableChannel@maxChannels                        cstackBANK0  0000B8
SearchAvailableChannel@randomNumber                       cstackBANK0  0000B9
SearchAvailableChannel@randomNumberCopy                   cstackBANK0  0000B6
SearchAvailableChannel@result                             cstackBANK0  0000B7
SearchAvailableChannel@transmissionType                   cstackBANK0  0000AF
SelectChannelForTransmission@channelIndex                 cstackBANK0  0000BD
SelectChannelForTransmission@result                       cstackBANK0  0000BC
SelectChannelForTransmission@transmissionType             cstackBANK0  0000BB
StartReTxTimer@i                                          cstackBANK0  0000A2
StartReTxTimer@minim                                      cstackBANK0  00009E
SwTimerCreate@retVal                                      cstackBANK0  000060
SwTimerIsRunning@isRunning                                cstackBANK0  000061
SwTimerIsRunning@timerId                                  cstackBANK0  000060
SwTimerReadValue@ticksCount                               cstackBANK0  000095
SwTimerReadValue@timerId                                  cstackBANK0  000099
SwTimerSetCallback@callback                               cstackBANK0  000060
SwTimerSetCallback@callbackParameter                      cstackBANK0  000062
SwTimerSetCallback@timerId                                cstackBANK0  000063
SwTimerSetTimeout@timeout                                 cstackBANK0  00006D
SwTimerSetTimeout@timerId                                 cstackBANK0  000075
SwTimerStart@ticksRemaining                               cstackBANK0  000095
SwTimerStart@timerId                                      cstackBANK0  000099
SwTimerStop@timerId                                       cstackBANK0  000060
SwTimersExecute@i                                         cstackBANK0  0000DE
SwTimersInterrupt@i                                       cstackBANK0  000090
SwTimersInterrupt@ticksToNextTimerEvent                   cstackBANK0  00008C
SwTimersInterrupt@timeElapsed                             cstackBANK0  000088
SystemBlockingWaitMs@ms                                   cstackBANK0  000060
TMR1_ReadTimer@readVal                                    cstackBANK0  000064
TMR1_ReadTimer@readValHigh                                cstackBANK0  000066
TMR1_ReadTimer@readValLow                                 cstackBANK0  000067
TMR1_SetInterruptHandler@InterruptHandler                 cstackBANK0  000060
TMR1_WriteTimer@timerVal                                  cstackBANK0  000060
TMR_GetDeltaTime@retVal                                   bssBANK1     000108
TMR_GetDeltaTime@tmrVal                                   bssBANK1     000119
TMR_OverrideRemaining@oldReloadVal                        cstackBANK0  000072
TMR_OverrideRemaining@ticksRemaining                      cstackBANK0  00006A
TMR_OverrideRemaining@tmrVal                              cstackBANK0  000070
TMR_SwapTimer@oldVal                                      bssBANK1     000117
TMR_SwapTimer@retVal                                      bssBANK1     000115
TMR_SwapTimer@timerVal                                    cstackBANK0  000068
UpdateCfList@bufferLength                                 cstackBANK0  0000A8
UpdateCfList@channelIndex                                 cstackBANK0  0000AD
UpdateCfList@frequency                                    cstackBANK0  0000A9
UpdateCfList@i                                            cstackBANK0  0000AE
UpdateCfList@joinAccept                                   cstackBANK0  0000A6
UpdateChannelIdStatus@channelId                           cstackBANK0  000062
UpdateChannelIdStatus@i                                   cstackBANK0  000063
UpdateChannelIdStatus@statusNew                           cstackBANK0  000060
UpdateCurrentDataRate@valueNew                            cstackBANK0  000060
UpdateDLSettings@dlRx1DrOffset                            cstackBANK0  000060
UpdateDLSettings@dlRx2Dr                                  cstackBANK0  000061
UpdateDataRange@channelId                                 cstackBANK0  000062
UpdateDataRange@dataRangeNew                              cstackBANK0  000060
UpdateDataRange@i                                         cstackBANK0  000063
UpdateDutyCycle@channelId                                 cstackBANK0  000062
UpdateDutyCycle@dutyCycleNew                              cstackBANK0  000060
UpdateFrequency@channelId                                 cstackBANK0  000064
UpdateFrequency@frequencyNew                              cstackBANK0  000060
UpdateJoinInProgress@state                                cstackBANK0  000060
UpdateMinMaxChDataRate@i                                  cstackBANK0  000061
UpdateReceiveDelays@delay                                 cstackBANK0  000066
UpdateReceiveWindow2Parameters@dataRate                   cstackBANK0  000064
UpdateReceiveWindow2Parameters@frequency                  cstackBANK0  000060
UpdateTxPower@txPowerNew                                  cstackBANK0  000060
[...]
		None
 Auto vars:     Size  Location     Type
		None
 Return value:  Size  Location     Type
                  1    wreg      void 
 Registers used:
		status,2, status,0
 Tracked objects:
		On entry : 
		On exit  : 
		Unchanged: 
 Data sizes:     COMRAM   BANK0   BANK1   BANK2   BANK3   BANK4   BANK5   BANK6   BANK7   BANK8   BANK9  BANK10  BANK11  BANK12  BANK13  BANK14  BANK15
      Params:         0       0       0       0       0       0       0       0       0       0       0       0       0       0       0       0       0
      Locals:         0       0       0       0       0       0       0       0       0       0       0       0       0       0       0       0       0
      Temps:          0       0       0       0       0       0       0       0       0       0       0       0       0       0       0       0       0
      Totals:         0       0       0       0       0       0       0       0       0       0       0       0       0       0       0       0       0
Total ram usage:        0 bytes
 Hardware stack levels used:    1
 This function calls:
		Nothing
 This function is called by:
		_DIO0_ISR_Lora_Init
		_INT1_CallBack
 This function uses a non-reentrant model


 *************** function _INT1_DefaultInterruptHandler *****************
 Defined at:
		line 55 in file "mcc_generated_files/ext_int.c"
 Parameters:    Size  Location     Type
		None
 Auto vars:     Size  Location     Type
		None
 Return value:  Size  Location     Type
                  1    wreg      void 
 Registers used:
		None
 Tracked objects:
		On entry : 
		On exit  : 
		Unchanged: 
 Data sizes:     COMRAM   BANK0   BANK1   BANK2   BANK3   BANK4   BANK5   BANK6   BANK7   BANK8   BANK9  BANK10  BANK11  BANK12  BANK13  BANK14  BANK15
      Params:         0       0       0       0       0       0       0       0       0       0       0       0       0       0       0       0       0
      Locals:         0       0       0       0       0       0       0       0       0       0       0       0       0       0       0       0       0
      Temps:          0       0       0       0       0       0       0       0       0       0       0       0       0       0       0       0       0
      Totals:         0       0       0       0       0       0       0       0       0       0       0       0       0       0       0       0       0
Total ram usage:        0 bytes
 Hardware stack levels used:    1
 This function calls:
		Nothing
 This function is called by:
		_EXT_INT_Initialize
		_INT1_CallBack
 This function uses a non-reentrant model



MODULE INFORMATION

Module		Function		Class		Link	Load	Size
mcc_generated_files/LoRaWAN/lorawan.c
		_UpdateReceiveWindow2Parameters		CODE           	908E	0000	23
		_ExecuteRxTimingSetup		CODE           	8CF8	0000	41
		_ComputeMic    		CODE           	7D52	0000	99
		_SetReceptionNotOkState		CODE           	788E	0000	127
		_PrepareJoinRequestFrame		CODE           	4A3C	0000	401
		_LORAWAN_ReceiveWindow2Callback		CODE           	6B6A	0000	217
		_LORAWAN_LinkCheckConfigure		CODE           	547C	0000	351
		_LORAWAN_SetApplicationSessionKey		CODE           	8B44	0000	47
		_CountfOptsLength		CODE           	6D14	0000	203
		_AssembleEncryptionBlock		CODE           	6436	0000	245
		_UpdateCurrentDataRate		CODE           	9234	0000	11
		_UnconfirmedTransmissionCallback		CODE           	798A	0000	121
		_LORAWAN_SetNetworkSessionKey		CODE           	8AE8	0000	47
		_MacExecuteCommands		CODE           	2F4E	0000	759
		_IncludeMacCommandsResponse		CODE           	19DE	0000	1123
		_LORAWAN_SetApplicationEui		CODE           	8BA0	0000	47
		_LORAWAN_SetDeviceEui		CODE           	8B16	0000	47
		_LORAWAN_GetMaxPayloadSize		CODE           	7E78	0000	97
		_CheckMcastFlags		CODE           	780C	0000	131
		_SetJoinFailState		CODE           	89FA	0000	49
		_LORAWAN_SetApplicationKey		CODE           	8B72	0000	47
		_AckRetransmissionCallback		CODE           	5D30	0000	287
		_PrepareSessionKeys		CODE           	6FFA	0000	173
		_UpdateMinMaxChDataRate		CODE           	614E	0000	251
		_EncryptFRMPayload		CODE           	4BCC	0000	397
		_ResetParametersForUnconfirmedTransmission		CODE           	90A4	0000	21
		_AutomaticReplyCallback		CODE           	8D98	0000	39
		_ResetParametersForConfirmedTransmission		CODE           	90F2	0000	19
		_FindSmallestDataRate		CODE           	68D4	0000	223
		_LORAWAN_SetDeviceAddress		CODE           	9030	0000	25
		_UpdateTxPower 		CODE           	922A	0000	11
		_CheckFlags    		CODE           	7FF4	0000	95
		_ExtractMic    		CODE           	8108	0000	91
		_LORAWAN_ReceiveWindow1Callback		CODE           	6DDE	0000	185
		_LORAWAN_Send  		CODE           	6C42	0000	211
		_LORAWAN_Join  		CODE           	714E	0000	165
		_ConfigureRadioRx		CODE           	8CA6	0000	43
		_UpdateReceiveDelays		CODE           	874C	0000	67
		_ComputeSessionKeys		CODE           	7702	0000	135
		_LORAWAN_LinkCheckCallback		CODE           	4EDA	0000	365
		_UpdateJoinSuccessState		CODE           	5874	0000	319
		_LORAWAN_EnterContinuousReceive		CODE           	790C	0000	127
		_ExecuteLinkCheck		CODE           	8998	0000	51
		_LORAWAN_Mainloop		CODE           	884E	0000	63
		_AssemblePacket		CODE           	1E40	0000	945
		_UpdateRetransmissionAckTimeoutState		CODE           	7A02	0000	115
		_Random        		CODE           	8E26	0000	35
		_LORAWAN_RxDone		CODE           	0086	0000	3239
		_UpdateJoinInProgress		CODE           	8FFC	0000	27

mcc_generated_files/LoRaWAN/lorawan.c estimated size: 11957

mcc_generated_files/LoRaWAN/interrupt_manager_lora_addons.c
		_INTERRUPT_GetDioStatus		CODE           	90B8	0000	21
		_DIO0_ISR_Lora 		CODE           	92E6	0000	7
		_DIO1_ISR_Lora 		CODE           	92E0	0000	7
		_DIO2_ISR_Lora 		CODE           	92DA	0000	7

mcc_generated_files/LoRaWAN/interrupt_manager_lora_addons.c estimated size: 42

mcc_generated_files/LoRaWAN/lorawan_aes.c
		_AESEncodeLoRa 		CODE           	88C8	0000	55

mcc_generated_files/LoRaWAN/lorawan_aes.c estimated size: 55

C:\Program Files (x86)\Microchip\xc8\v1.45\sources\common\float.c
		___ftpack      		CODE           	6F4A	0000	177

C:\Program Files (x86)\Microchip\xc8\v1.45\sources\common\float.c estimated size: 177

C:\Program Files (x86)\Microchip\xc8\v1.45\sources\common\doprnt.c
		_printf        		CODE           	89CA	0000	49

C:\Program Files (x86)\Microchip\xc8\v1.45\sources\common\doprnt.c estimated size: 49

C:\Program Files (x86)\Microchip\xc8\v1.45\sources\common\lltoft.c
		___lltoft      		CODE           	7F38	0000	95

C:\Program Files (x86)\Microchip\xc8\v1.45\sources\common\lltoft.c estimated size: 95

C:\Program Files (x86)\Microchip\xc8\v1.45\sources\common\abdiv.c
		___abdiv       		CODE           	7C86	0000	103

C:\Program Files (x86)\Microchip\xc8\v1.45\sources\common\abdiv.c estimated size: 103

mcc_generated_files/LoRaWAN/sw_timer.c
		_SwTimerStop   		CODE           	8D70	0000	41
		_SwTimerStart  		CODE           	7296	0000	151
		_TMR_GetDeltaTime		CODE           	48A4	0000	409
		_SwTimerReadValue		CODE           	880E	0000	65
		_SwTimerIsRunning		CODE           	8C7C	0000	43
		_SwTimerCreate 		CODE           	7452	0000	141
		_TMR_OverrideRemaining		CODE           	732C	0000	151
		_TMR_SwapTimer 		CODE           	8452	0000	75
		_SwTimerSetCallback		CODE           	8680	0000	69
		_SwTimerSetTimeout		CODE           	86C4	0000	69
		_SwTimersInterrupt		CODE           	5E4E	0000	259
		_SystemBlockingWaitMs		CODE           	8A5A	0000	49
		_SwTimersExecute		CODE           	670A	0000	231
		_SystemTimerInit		CODE           	92AA	0000	9

mcc_generated_files/LoRaWAN/sw_timer.c estimated size: 1762

mcc_generated_files/interrupt_manager.c
		_INTERRUPT_Initialize		CODE           	92F0	0000	5
		_INTERRUPT_InterruptManager		CODE           	0008	0000	119

mcc_generated_files/interrupt_manager.c estimated size: 124

C:\Program Files (x86)\Microchip\xc8\v1.45\sources\common\Umul16.c
		___wmul        		CODE           	8D20	0000	41

C:\Program Files (x86)\Microchip\xc8\v1.45\sources\common\Umul16.c estimated size: 41

mcc_generated_files/pin_manager.c
		_IOCB4_DefaultInterruptHandler		CODE           	9310	0000	3
		_PIN_MANAGER_Initialize		CODE           	8266	0000	85
		_PIN_MANAGER_IOC		CODE           	9298	0000	11
		_IOCB4_SetInterruptHandler		CODE           	91EE	0000	11
		_IOCB4_ISR     		CODE           	8F2A	0000	33

mcc_generated_files/pin_manager.c estimated size: 143

C:\Program Files (x86)\Microchip\xc8\v1.45\sources\common\memcpy.c
		_memcpy        		CODE           	7ED8	0000	97

C:\Program Files (x86)\Microchip\xc8\v1.45\sources\common\memcpy.c estimated size: 97

C:\Program Files (x86)\Microchip\xc8\v1.45\sources\common\lwmod.c
		___lwmod       		CODE           	863C	0000	69

C:\Program Files (x86)\Microchip\xc8\v1.45\sources\common\lwmod.c estimated size: 69

C:\Program Files (x86)\Microchip\xc8\v1.45\sources\common\ftmul.c
		___ftmul       		CODE           	6340	0000	247

C:\Program Files (x86)\Microchip\xc8\v1.45\sources\common\ftmul.c estimated size: 247

mcc_generated_files/adc.c
		_ADC_Initialize		CODE           	9078	0000	23
		_ADC_GetConversion		CODE           	88FE	0000	55

mcc_generated_files/adc.c estimated size: 78

mcc_generated_files/LoRaWAN/lorawan_init.c
		_DIO0_ISR_Lora_Init		CODE           	9156	0000	17
		_DIO1_ISR_Lora_Init		CODE           	9146	0000	17
		_DIO2_ISR_Lora_Init		CODE           	9136	0000	17
		_DIO3_ISR_Lora_Init		CODE           	9308	0000	3
		_DIO4_ISR_Lora_Init		CODE           	9306	0000	3
		_LORAWAN_PlatformInit		CODE           	8DE2	0000	35
		_DIO5_ISR_Lora_Init		CODE           	9304	0000	3

mcc_generated_files/LoRaWAN/lorawan_init.c estimated size: 95

mcc_generated_files/LoRaWAN/radio_driver_hal.c
		_HALDIO5PinValue		CODE           	91D8	0000	13
		_HALResetPinMakeInput		CODE           	9300	0000	5
		_HALResetPinMakeOutput		CODE           	92FC	0000	5
		_HALResetPinOutputValue		CODE           	9016	0000	27
		_HALSPISend    		CODE           	91BE	0000	15
		_HALSPICSDeassert		CODE           	92F4	0000	5
		_HALSPICSAssert		CODE           	92F8	0000	5

mcc_generated_files/LoRaWAN/radio_driver_hal.c estimated size: 75

C:\Program Files (x86)\Microchip\xc8\v1.45\sources\common\llmod.c
		___llmod       		CODE           	7C1E	0000	105

C:\Program Files (x86)\Microchip\xc8\v1.45\sources\common\llmod.c estimated size: 105

mcc_generated_files/LoRaWAN/lorawan_aes_cmac.c
		_GenerateSubkey		CODE           	5728	0000	333
		_AESCmac       		CODE           	21F0	0000	939
		_FillSubKey    		CODE           	7DB4	0000	99

mcc_generated_files/LoRaWAN/lorawan_aes_cmac.c estimated size: 1371

C:\Program Files (x86)\Microchip\xc8\v1.45\sources\common\Umul32.c
		___lmul        		CODE           	8162	0000	89

C:\Program Files (x86)\Microchip\xc8\v1.45\sources\common\Umul32.c estimated size: 89

C:\Program Files (x86)\Microchip\xc8\v1.45\sources\common\rand.c
		_srand         		CODE           	9176	0000	17
		_rand          		CODE           	8052	0000	93

C:\Program Files (x86)\Microchip\xc8\v1.45\sources\common\rand.c estimated size: 110

mcc_generated_files/LoRaWAN/radio_driver_SX1276.c
		_RADIO_ReceiveStart		CODE           	3EDA	0000	561
		_RADIO_Init    		CODE           	46DA	0000	459
		_RADIO_SetSpreadingFactor		CODE           	9266	0000	11
		_RADIO_WriteConfiguration		CODE           	14DE	0000	1281
		_RADIO_RxFSKTimeout		CODE           	888C	0000	61
		_RADIO_WriteFSKBitRate		CODE           	7BB6	0000	105
		_RADIO_WriteMode		CODE           	6050	0000	255
		_RADIO_Reset   		CODE           	856E	0000	71
		_RADIO_GetStatus		CODE           	92CE	0000	7
		_RADIO_RxDone  		CODE           	67F0	0000	229
		_RADIO_WriteFSKFrequencyDeviation		CODE           	7B4C	0000	107
		_RADIO_GetPacketSnr		CODE           	92C8	0000	7
		_RADIO_SetModulation		CODE           	9270	0000	11
		_RADIO_RegisterWrite		CODE           	8EAA	0000	33
		_RADIO_ReadRandom		CODE           	71F2	0000	165
		_RADIO_ReleaseData		CODE           	92D4	0000	7
		_RADIO_FSKPacketSent		CODE           	59B2	0000	303
		_RADIO_RegisterRead		CODE           	8D48	0000	41
		_RADIO_SetBandwidth		CODE           	9284	0000	11
		_RADIO_ReceiveStop		CODE           	8E8A	0000	33
		_RADIO_DIO0    		CODE           	73C2	0000	145
		_RADIO_DIO1    		CODE           	8404	0000	79
		_RADIO_DIO2    		CODE           	81BA	0000	87
		_RADIO_DIO3    		CODE           	8E04	0000	35
		_RADIO_DIO4    		CODE           	8934	0000	51
		_RADIO_DIO5    		CODE           	8CD0	0000	41
		_RADIO_FHSSChangeChannel		CODE           	87CE	0000	65
		_RADIO_TxDone  		CODE           	5C0A	0000	295
		_RADIO_SetFrequencyHopPeriod		CODE           	927A	0000	11
		_RADIO_FSKPayloadReady		CODE           	6E96	0000	181
		_RADIO_SetLoRaSyncWord		CODE           	928E	0000	11
		_RADIO_SetIQInverted		CODE           	9252	0000	11
		_RADIO_SetFSKSyncWord		CODE           	8A2A	0000	49
		_RADIO_RxTimeout		CODE           	8BCE	0000	47
		_RADIO_WritePower		CODE           	652A	0000	241
		_RADIO_SetOutputPower		CODE           	9248	0000	11
		_RADIO_WatchdogTimeout		CODE           	84E2	0000	71
		_RADIO_SetChannelFrequency		CODE           	74DE	0000	139
		_RADIO_Transmit		CODE           	3CA2	0000	569
		_RADIO_UnhandledInterrupt		CODE           	8966	0000	51
		_RADIO_SetCRC  		CODE           	925C	0000	11
		_RADIO_WriteFrequency		CODE           	661A	0000	241

mcc_generated_files/LoRaWAN/radio_driver_SX1276.c estimated size: 6200

mcc_generated_files/ext_int.c
		_INT1_SetInterruptHandler		CODE           	9202	0000	11
		_EXT_INT_Initialize		CODE           	8C28	0000	43
		_INT2_SetInterruptHandler		CODE           	91F8	0000	11
		_INT1_DefaultInterruptHandler		CODE           	9314	0000	3
		_INT1_CallBack 		CODE           	8F6A	0000	33
		_INT2_DefaultInterruptHandler		CODE           	9312	0000	3
		_INT2_CallBack 		CODE           	8F4A	0000	33
		_INT1_ISR      		CODE           	92BA	0000	9
		_INT2_ISR      		CODE           	92B2	0000	9

mcc_generated_files/ext_int.c estimated size: 155

mcc_generated_files/LoRaWAN/tmr_lora_addons.c
		_TMR_ISR_Lora_Init		CODE           	9126	0000	17
		_TMR_ISR_lora  		CODE           	8210	0000	87

mcc_generated_files/LoRaWAN/tmr_lora_addons.c estimated size: 104

mcc_generated_files/tmr5.c
		_TMR5_HasOverflowOccured		CODE           	91CC	0000	13
		_TMR5_Initialize		CODE           	8F8A	0000	31
		_TMR5_StartTimer		CODE           	92C2	0000	7

mcc_generated_files/tmr5.c estimated size: 51

shared
		_spreadingFactor		MEDIUMCONST    	FF6F	0000	8
		_maxPayloadSize		MEDIUMCONST    	FF51	0000	9
		_DefaultChannels433		MEDIUMCONST    	FF82	0000	43
		_FskSyncWordBuff		MEDIUMCONST    	FFD6	0000	4
		_rxWindowSize  		MEDIUMCONST    	FF59	0000	9
		i2_TMR_SwapTimer		CODE           	8708	0000	69
		i2_TMR1_ReadTimer		CODE           	8F0A	0000	33
		_DefaultChannels868		MEDIUMCONST    	FFAC	0000	43
		_macEndDevCmdReplyLen		MEDIUMCONST    	FF61	0000	8
		__initialization		CODE           	6A90	0000	213
		_txPower433    		MEDIUMCONST    	0000	0000	0
		_txPower868    		MEDIUMCONST    	FF7C	0000	7
		i2_TMR1_WriteTimer		CODE           	8FE0	0000	29
		_rxWindowOffset		MEDIUMCONST    	FF49	0000	9
		_STable        		MEDIUMCONST    	FE41	0000	257
		_modulation    		MEDIUMCONST    	FF41	0000	9
		i2_SwTimersInterrupt		CODE           	5F50	0000	257
		_bandwidth     		MEDIUMCONST    	FF68	0000	8
		i2_TMR_GetDeltaTime		CODE           	5046	0000	365

shared estimated size: 1380

mcc_generated_files/eusart1.c
		_EUSART1_Initialize		CODE           	849C	0000	71
		_putch         		CODE           	9186	0000	15
		_EUSART1_SetFramingErrorHandler		CODE           	9216	0000	11
		_EUSART1_SetOverrunErrorHandler		CODE           	920C	0000	11
		_EUSART1_SetErrorHandler		CODE           	9220	0000	11
		_EUSART1_Write 		CODE           	9194	0000	15

mcc_generated_files/eusart1.c estimated size: 134

mcc_generated_files/LoRaWAN/lorawan_eu.c
		_ExecuteNewChannel		CODE           	3A32	0000	625
		_ExecuteLinkAdr		CODE           	3244	0000	713
		_UpdateDataRange		CODE           	55DA	0000	335
		_UpdateDutyCycle		CODE           	85F8	0000	69
		_ValidateChannelMaskCntl		CODE           	8E6A	0000	33
		_LORAWAN_RxTimeout		CODE           	259A	0000	869
		_ValidateChannelId		CODE           	8DBE	0000	37
		_InitDefault433Channels		CODE           	75F2	0000	139
		_DutyCycleCallback		CODE           	2C48	0000	775
		_InitDefault868Channels		CODE           	7568	0000	139
		_SelectChannelForTransmission		CODE           	7AE0	0000	109
		_ValidateChannelMask		CODE           	7F96	0000	95
		_ValidateDataRate		CODE           	9060	0000	25
		_ValidateRxOffset		CODE           	9048	0000	25
		_ValidateDataRange		CODE           	8528	0000	71
		_SetCallbackSoftwareTimers		CODE           	69B2	0000	223
		_StartReTxTimer		CODE           	4D58	0000	387
		_SearchAvailableChannel		CODE           	5AE0	0000	299
		_EnableChannels		CODE           	8FC4	0000	29
		_UpdateFrequency		CODE           	85B4	0000	69
		_ValidateFrequency		CODE           	7CEC	0000	103
		_EnableChannels1		CODE           	7A74	0000	109
		_ExecuteRxParamSetupReq		CODE           	410A	0000	533
		_UpdateDLSettings		CODE           	8FA8	0000	29
		_GetRx1Freq    		CODE           	90E0	0000	19
		_ValidateTxPower		CODE           	8C52	0000	43
		_LORAWAN_Init  		CODE           	7E16	0000	99
		_ConfigureRadioTx		CODE           	830E	0000	83
		_LORAWAN_Reset 		CODE           	450C	0000	463
		_ExecuteDutyCycle		CODE           	82BA	0000	85
		_UpdateCfList  		CODE           	431E	0000	495
		_LORAWAN_SetChannelIdStatus		CODE           	80AE	0000	91
		_StopAllSoftwareTimers		CODE           	8360	0000	83
		_UpdateChannelIdStatus		CODE           	51B2	0000	359
		_ConfigureRadio		CODE           	70A6	0000	169
		_LORAWAN_TxDone		CODE           	0D2C	0000	1971
		_ExecuteDevStatus		CODE           	923E	0000	11
		_CreateAllSoftwareTimers		CODE           	83B2	0000	83

mcc_generated_files/LoRaWAN/lorawan_eu.c estimated size: 9894

mcc_generated_files/mcc.c
		_OSCILLATOR_Initialize		CODE           	91B0	0000	15
		_SYSTEM_Initialize		CODE           	8ABA	0000	47

mcc_generated_files/mcc.c estimated size: 62

C:\Program Files (x86)\Microchip\xc8\v1.45\sources\common\fttol.c
		___fttol       		CODE           	6248	0000	249

C:\Program Files (x86)\Microchip\xc8\v1.45\sources\common\fttol.c estimated size: 249

mcc_generated_files/tmr1.c
		_TMR1_Initialize		CODE           	8BFC	0000	45
		_TMR1_SetInterruptHandler		CODE           	91E4	0000	11
		_TMR1_DefaultInterruptHandler		CODE           	930E	0000	3
		_TMR1_CallBack 		CODE           	8EEA	0000	33
		_TMR1_WriteTimer		CODE           	8ECA	0000	33
		_TMR1_ReadTimer		CODE           	8E48	0000	35
		_TMR1_ISR      		CODE           	90CC	0000	21

mcc_generated_files/tmr1.c estimated size: 181

C:\Program Files (x86)\Microchip\xc8\v1.45\sources\common\awdiv.c
		___awdiv       		CODE           	767C	0000	135

C:\Program Files (x86)\Microchip\xc8\v1.45\sources\common\awdiv.c estimated size: 135

mcc_generated_files/LoRaWAN/AES.c
		_AESEncode     		CODE           	28FE	0000	843
		_EncKeySchedule		CODE           	350C	0000	677
		_EncodeShiftRow		CODE           	5318	0000	357

mcc_generated_files/LoRaWAN/AES.c estimated size: 1877

C:\Program Files (x86)\Microchip\xc8\v1.45\sources\common\lldiv.c
		___lldiv       		CODE           	7788	0000	133

C:\Program Files (x86)\Microchip\xc8\v1.45\sources\common\lldiv.c estimated size: 133

mcc_generated_files/spi2.c
		_SPI2_Exchange8bit		CODE           	9104	0000	19
		_SPI2_Initialize		CODE           	91A2	0000	15

mcc_generated_files/spi2.c estimated size: 34

mcc_generated_files/ccp5.c
		_CCP5_Initialize		CODE           	9166	0000	17

mcc_generated_files/ccp5.c estimated size: 17

main.c
		_RxData        		CODE           	930C	0000	3
		_main          		CODE           	37B0	0000	643
		_RxJoinResponse		CODE           	930A	0000	3

main.c estimated size: 649

C:\Program Files (x86)\Microchip\xc8\v1.45\sources\common\memset.c
		_memset        		CODE           	8A8A	0000	49

C:\Program Files (x86)\Microchip\xc8\v1.45\sources\common\memset.c estimated size: 49

