Microchip MPLAB XC8 Compiler V1.45 ()

Linker command line:

-W-3 --edf=C:\Program Files (x86)\Microchip\xc8\v1.45\dat\en_msgs.txt -cs \
  -h+dist/default/production\RN2483_LoRAWAN_v1.20.X.production.sym \
  --cmf=dist/default/production\RN2483_LoRAWAN_v1.20.X.production.cmf -z \
  -Q18LF46K22 -oC:\Users\KAMEN~1.VAL\AppData\Local\Temp\sfn8.2 \
  -Mdist/default/production/RN2483_LoRAWAN_v1.20.X.production.map -E1 \
  -ver=XC8 -ASTACK=073Eh-0f37h -pstack=STACK -ACODE=00h-0FFFFh \
  -ACONST=00h-0FFFFh -ASMALLCONST=01000h-010FFhx240 \
  -AMEDIUMCONST=01000h-0FFFFh -ACOMRAM=01h-05Fh -AABS1=00h-0F37h \
  -ABIGRAM=01h-0F37h -ARAM=060h-0FFh,0100h-01FFhx14,0F00h-0F37h \
  -ABANK0=060h-0FFh -ABANK1=0100h-01FFh -ABANK2=0200h-02FFh \
  -ABANK3=0300h-03FFh -ABANK4=0400h-04FFh -ABANK5=0500h-05FFh \
  -ABANK6=0600h-06FFh -ABANK7=0700h-07FFh -ABANK8=0800h-08FFh \
  -ABANK9=0900h-09FFh -ABANK10=0A00h-0AFFh -ABANK11=0B00h-0BFFh \
  -ABANK12=0C00h-0CFFh -ABANK13=0D00h-0DFFh -ABANK14=0E00h-0EFFh \
  -ABANK15=0F00h-0F37h -ASFR=0F38h-0F5Fh,0F60h-0FFFh \
  -preset_vec=00h,intcode=08h,intcodelo,powerup,init -pramtop=01000h \
  -psmallconst=SMALLCONST -pmediumconst=MEDIUMCONST -pconst=CONST \
  -AFARRAM=00h-00h -ACONFIG=0300000h-030000Dh -pconfig=CONFIG \
  -AIDLOC=0200000h-0200007h -pidloc=IDLOC -AEEDATA=0F00000h-0F003FFh \
  -peeprom_data=EEDATA \
  -prdata=COMRAM,nvrram=COMRAM,nvbit=COMRAM,rbss=COMRAM,rbit=COMRAM \
  -pfarbss=FARRAM,fardata=FARRAM,nvFARRAM=FARRAM \
  -pintsave_regs=BIGRAM,bigbss=BIGRAM,bigdata=BIGRAM -pbss=RAM \
  -pidata=CODE,irdata=CODE,ibigdata=CODE,ifardata=CODE -prparam=COMRAM \
  C:\Users\KAMEN~1.VAL\AppData\Local\Temp\sfn8.obj \
  dist/default/production\RN2483_LoRAWAN_v1.20.X.production.obj 

Object code version is 3.11

Machine type is 18LF46K22

Call graph: (short form)




                Name                               Link     Load   Length Selector   Space Scale
C:\Users\KAMEN~1.VAL\AppData\Local\Temp\sfn8.obj
                stack                               73E      73E      7FA      73E       2
                init                                 7E       7E        8        4       0
                reset_vec                             0        0        4        0       0
                idloc                            200000   200000        8   200000       0
                config                           300000   300000        E   300000       0
dist/default/production\RN2483_LoRAWAN_v1.20.X.production.obj
                intcode                               8        8       76        4       0
                temp                                 48       48        C        1       1
                mediumconst                        FD3E     FD3E      2C2     7E9F       0
                text327                            C6EA     C6EA        2        4       0
                text326                            C686     C686        6        4       0
                text325                            C096     C096       20        4       0
                text324                            C654     C654        8        4       0
                text323                            C6E8     C6E8        2        4       0
                text322                            C680     C680        6        4       0
                text321                            C076     C076       20        4       0
                text320                            C64C     C64C        8        4       0
                text319                            C6E6     C6E6        2        4       0
                text318                            C67A     C67A        6        4       0
                text317                            C056     C056       20        4       0
                text316                            C5FA     C5FA        A        4       0
                text315                            C036     C036       20        4       0
                text314                            72F6     72F6      16C        4       0
                text313                            86B8     86B8      100        4       0
                text312                            C182     C182       1C        4       0
                text311                            B5EE     B5EE       44        4       0
                text310                            AEE4     AEE4       56        4       0
                text309                            C6E4     C6E4        2        4       0
                text308                            C016     C016       20        4       0
                text307                            C34A     C34A       14        4       0
                text305                            B822     B822       36        4       0
                text304                            9E26     9E26       8C        4       0
                text303                            B0DA     B0DA       52        4       0
                text302                            AB52     AB52       60        4       0
                text301                            BA3E     BA3E       30        4       0
                text300                            9FC6     9FC6       8A        4       0
                text299                            9F3C     9F3C       8A        4       0
                text298                            B5AA     B5AA       44        4       0
                text297                            BEB4     BEB4       22        4       0
                text296                            6B54     6B54      198        4       0
                text295                            85B6     85B6      102        4       0
                text294                            BFF6     BFF6       20        4       0
                text293                            B26A     B26A       4A        4       0
                text292                            9B4A     9B4A       96        4       0
                text291                            9AB4     9AB4       96        4       0
                text290                            BD4C     BD4C       28        4       0
                text289                            A15C     A15C       84        4       0
                text288                            AE36     AE36       58        4       0
                text287                            772C     772C      15E        4       0
                text286                            C6D4     C6D4        4        4       0
                text285                            C6D0     C6D0        4        4       0
                text284                            C1D2     C1D2       1A        4       0
                text283                            BA0E     BA0E       30        4       0
                text282                            B3CC     B3CC       46        4       0
                text281                            C6CC     C6CC        4        4       0
                text280                            C6C8     C6C8        4        4       0
                text279                            C3CA     C3CA       12        4       0
                text278                            C4E0     C4E0        E        4       0
                text277                            BFD6     BFD6       20        4       0
                text276                            A834     A834       68        4       0
                text275                            8D82     8D82       F0        4       0
                text274                            C512     C512        C        4       0
                text273                            BD24     BD24       28        4       0
                text272                            87B8     87B8       FE        4       0
                text271                            B566     B566       44        4       0
                text270                            67DC     67DC      1CA        4       0
                text269                            C5F0     C5F0        A        4       0
                text268                            B088     B088       52        4       0
                text267                            88B6     88B6       FA        4       0
                text266                            660E     660E      1CE        4       0
                text265                            9A10     9A10       A4        4       0
                text264                            9202     9202       DE        4       0
                text263                            C47C     C47C       10        4       0
                text262                            AA90     AA90       62        4       0
                text261                            541C     541C      2A4        4       0
                text260                            75C8     75C8      164        4       0
                text259                            455C     455C      34A        4       0
                text258                            B7EC     B7EC       36        4       0
                text257                            AA2E     AA2E       62        4       0
                text256                            79D8     79D8      14C        4       0
                text255                            3B00     3B00      3AA        4       0
                text254                            A9CC     A9CC       62        4       0
                text253                            B522     B522       44        4       0
                text252                            ACCC     ACCC       5C        4       0
                text251                            BE92     BE92       22        4       0
                text250                            6CEC     6CEC      190        4       0
                text249                            A7CC     A7CC       68        4       0
                text248                            A762     A762       6A        4       0
                text247                            8C92     8C92       F0        4       0
                text246                            250E     250E      500        4       0
                text245                            5BC4     5BC4      238        4       0
                text244                            C5E6     C5E6        A        4       0
                text243                            9EB2     9EB2       8A        4       0
                text242                            B9DE     B9DE       30        4       0
                text241                            C5DC     C5DC        A        4       0
                text240                            C5D2     C5D2        A        4       0
                text239                            C5C8     C5C8        A        4       0
                text238                            98C4     98C4       A8        4       0
                text237                            C5BE     C5BE        A        4       0
                text236                            C5B4     C5B4        A        4       0
                text235                            C5AA     C5AA        A        4       0
                text234                            B036     B036       52        4       0
                text233                            812E     812E      12A        4       0
                text232                            A6F6     A6F6       6C        4       0
                text231                            C1B8     C1B8       1A        4       0
                text230                            996C     996C       A4        4       0
                text229                            C336     C336       14        4       0
                text228                            BC5A     BC5A       2A        4       0
                text227                            5DFC     5DFC      230        4       0
                text226                            BFB6     BFB6       20        4       0
                text225                            C674     C674        6        4       0
                text224                            C3B8     C3B8       12        4       0
                text223                            C322     C322       14        4       0
                text222                            C6E2     C6E2        2        4       0
                text221                            A2E0     A2E0       7E        4       0
                text220                            C66E     C66E        6        4       0
                text219                            BC30     BC30       2A        4       0
                text218                            B6F6     B6F6       40        4       0
                text217                            16B6     16B6      7B2        4       0
                text216                            7ED6     7ED6      12E        4       0
                text215                            AC6E     AC6E       5E        4       0
                text214                            A1E0     A1E0       82        4       0
                text213                            9770     9770       AC        4       0
                text212                            A0D6     A0D6       86        4       0
                text211                            ADDC     ADDC       5A        4       0
                text210                            948A     948A       CA        4       0
                text209                            8B9E     8B9E       F4        4       0
                text208                            A050     A050       86        4       0
                text207                            6E7C     6E7C      18C        4       0
                text206                            9124     9124       DE        4       0
                text205                            C668     C668        6        4       0
                text204                            2E8E     2E8E      462        4       0
                text203                            3750     3750      3B0        4       0
                text202                            AAF2     AAF2       60        4       0
                text201                            93B8     93B8       D2        4       0
                text200                            C5A0     C5A0        A        4       0
                text199                            AFE2     AFE2       54        4       0
                text198                            7462     7462      166        4       0
                text197                            A68A     A68A       6C        4       0
                text196                            C166     C166       1C        4       0
                text195                            C596     C596        A        4       0
                text194                            C58C     C58C        A        4       0
                text193                            AC10     AC10       5E        4       0
                text192                            BF96     BF96       20        4       0
                text191                            C24C     C24C       18        4       0
                text190                            BC06     BC06       2A        4       0
                text189                            4EA2     4EA2      2C8        4       0
                text188                            B8BC     B8BC       32        4       0
                text187                            BDE6     BDE6       24        4       0
                text186                            AD82     AD82       5A        4       0
                text185                            788A     788A      14E        4       0
                text184                            B4DE     B4DE       44        4       0
                text183                            B49A     B49A       44        4       0
                text182                            B386     B386       46        4       0
                text181                            A902     A902       66        4       0
                text180                            5954     5954      270        4       0
                text179                            C2BC     C2BC       16        4       0
                text178                            C234     C234       18        4       0
                text177                            602C     602C      214        4       0
                text176                            BCFC     BCFC       28        4       0
                text175                            B674     B674       42        4       0
                text174                            BCD4     BCD4       28        4       0
                text173                            4BAC     4BAC      2F6        4       0
                text172                            C6E0     C6E0        2        4       0
                text171                            B9AE     B9AE       30        4       0
                text170                            A262     A262       7E        4       0
                text169                            7008     7008      182        4       0
                text168                            6240     6240      1EE        4       0
                text167                            C14A     C14A       1C        4       0
                text166                            A5A8     A5A8       72        4       0
                text165                              86       86      CA6        4       0
                text164                            3EAA     3EAA      364        4       0
                text163                            960C     960C       B4        4       0
                text162                            A89C     A89C       66        4       0
                text161                            9040     9040       E4        4       0
                text160                            8258     8258      126        4       0
                text159                            B88A     B88A       32        4       0
                text158                            9D96     9D96       90        4       0
                text157                            B6B6     B6B6       40        4       0
                text156                            BB82     BB82       2E        4       0
                text155                            B21C     B21C       4E        4       0
                text154                            AE8E     AE8E       56        4       0
                text153                            BE70     BE70       22        4       0
                text152                            B858     B858       32        4       0
                text151                            BCAC     BCAC       28        4       0
                text150                            C3A6     C3A6       12        4       0
                text149                            A3D8     A3D8       78        4       0
                text148                            B7B0     B7B0       3C        4       0
                text147                            B340     B340       46        4       0
                text146                            92E0     92E0       D8        4       0
                text145                            9554     9554       B8        4       0
                text144                            718A     718A      16C        4       0
                text143                            837E     837E      11E        4       0
                text142                            BDC0     BDC0       26        4       0
                text141                            7C64     7C64      13E        4       0
                text140                            48A6     48A6      306        4       0
                text139                            8F5A     8F5A       E6        4       0
                text138                            B736     B736       3E        4       0
                text137                            BB54     BB54       2E        4       0
                text136                            BB26     BB26       2E        4       0
                text135                            BAF8     BAF8       2E        4       0
                text134                            C21C     C21C       18        4       0
                text133                            BACA     BACA       2E        4       0
                text132                            BA9C     BA9C       2E        4       0
                text131                            C2A6     C2A6       16        4       0
                text130                            C46C     C46C       10        4       0
                text129                            C582     C582        A        4       0
                text128                            C578     C578        A        4       0
                text127                            C56E     C56E        A        4       0
                text126                            B2FA     B2FA       46        4       0
                text125                            C564     C564        A        4       0
                text124                            C55A     C55A        A        4       0
                text123                            BBDC     BBDC       2A        4       0
                text122                            C6C4     C6C4        4        4       0
                text121                            C45C     C45C       10        4       0
                text120                            C44C     C44C       10        4       0
                text119                            C550     C550        A        4       0
                text118                            C43C     C43C       10        4       0
                text117                            C6DE     C6DE        2        4       0
                text116                            C6DC     C6DC        2        4       0
                text115                            C6DA     C6DA        2        4       0
                text114                            C644     C644        8        4       0
                text113                            C546     C546        A        4       0
                text112                            C42C     C42C       10        4       0
                text111                            BE4E     BE4E       22        4       0
                text110                            C4D2     C4D2        E        4       0
                text109                            AF8E     AF8E       54        4       0
                text108                            C4C4     C4C4        E        4       0
                text107                            BBB0     BBB0       2C        4       0
                text106                            C110     C110       1E        4       0
                text105                            BA6E     BA6E       2E        4       0
                text104                            C506     C506        C        4       0
                text103                            32F0     32F0      460        4       0
                text102                            96C0     96C0       B0        4       0
                text101                            8E72     8E72       E8        4       0
                text100                            ABB2     ABB2       5E        4       0
                text99                             B1CC     B1CC       50        4       0
                text98                             C394     C394       12        4       0
                text97                             1E68     1E68      6A6        4       0
                text96                             B17C     B17C       50        4       0
                text95                             C382     C382       12        4       0
                text94                             516A     516A      2B2        4       0
                text93                             A35E     A35E       7A        4       0
                text92                             B12C     B12C       50        4       0
                text91                             C370     C370       12        4       0
                text90                             C6C0     C6C0        4        4       0
                text89                             C6BC     C6BC        4        4       0
                text88                             BE2C     BE2C       22        4       0
                text87                             C6B8     C6B8        4        4       0
                text86                             C662     C662        6        4       0
                text85                             C6B4     C6B4        4        4       0
                text84                             C6B0     C6B0        4        4       0
                text83                             C19E     C19E       1A        4       0
                text82                             A536     A536       72        4       0
                text81                             C204     C204       18        4       0
                text80                             B97E     B97E       30        4       0
                text79                             C6AC     C6AC        4        4       0
                text78                             C6A8     C6A8        4        4       0
                text77                             C6A4     C6A4        4        4       0
                text76                             B94E     B94E       30        4       0
                text75                             B91E     B91E       30        4       0
                text74                             B8EE     B8EE       30        4       0
                text73                             B456     B456       44        4       0
                text72                             C6A0     C6A0        4        4       0
                text71                             C6D8     C6D8        2        4       0
                text70                             C65C     C65C        6        4       0
                text69                             C69C     C69C        4        4       0
                text68                             C53C     C53C        A        4       0
                text67                             C30E     C30E       14        4       0
                text66                             C698     C698        4        4       0
                text65                             AF3A     AF3A       54        4       0
                text64                             C41C     C41C       10        4       0
                text63                             C4FA     C4FA        C        4       0
                text62                             C63C     C63C        8        4       0
                text61                             C634     C634        8        4       0
                text60                             C62C     C62C        8        4       0
                text59                             C624     C624        8        4       0
                text58                             C40C     C40C       10        4       0
                text57                             C3FC     C3FC       10        4       0
                text56                             C4EE     C4EE        C        4       0
                text55                             C61C     C61C        8        4       0
                text54                             C614     C614        8        4       0
                text53                             C60C     C60C        8        4       0
                text52                             B412     B412       44        4       0
                text51                             9D06     9D06       90        4       0
                text50                             A61A     A61A       70        4       0
                text49                             AD28     AD28       5A        4       0
                text48                             C35E     C35E       12        4       0
                text47                             C12E     C12E       1C        4       0
                text46                             C2FA     C2FA       14        4       0
                text45                             B774     B774       3C        4       0
                text44                             C604     C604        8        4       0
                text43                             C290     C290       16        4       0
                text42                             C532     C532        A        4       0
                text41                             C528     C528        A        4       0
                text40                             981C     981C       A8        4       0
                text39                             C1EC     C1EC       18        4       0
                text38                             9BE0     9BE0       94        4       0
                text37                             C3EC     C3EC       10        4       0
                text36                             C4B6     C4B6        E        4       0
                text35                             C2E6     C2E6       14        4       0
                text34                             A450     A450       74        4       0
                text33                             BF76     BF76       20        4       0
                text32                             7B24     7B24      140        4       0
                text31                             A968     A968       64        4       0
                text30                             C2D2     C2D2       14        4       0
                text29                             C27A     C27A       16        4       0
                text28                             BF56     BF56       20        4       0
                text27                             642E     642E      1E0        4       0
                text26                             C4A8     C4A8        E        4       0
                text25                             C0F2     C0F2       1E        4       0
                text24                             C51E     C51E        A        4       0
                text23                             BF36     BF36       20        4       0
                text22                             BF16     BF16       20        4       0
                text21                             C264     C264       16        4       0
                text20                             C0D4     C0D4       1E        4       0
                text19                             BC84     BC84       28        4       0
                text18                             B2B4     B2B4       46        4       0
                text17                             C0B6     C0B6       1E        4       0
                text16                             BD9A     BD9A       26        4       0
                text15                             9C74     9C74       92        4       0
                text14                             BD74     BD74       26        4       0
                text13                             69A6     69A6      1AE        4       0
                text12                             B632     B632       42        4       0
                text11                             89B0     89B0       F8        4       0
                text10                             8004     8004      12A        4       0
                text9                              7DA2     7DA2      134        4       0
                text8                              A4C4     A4C4       72        4       0
                text7                              8AA8     8AA8       F6        4       0
                text6                              56C0     56C0      294        4       0
                text5                              BE0A     BE0A       22        4       0
                text4                              C49A     C49A        E        4       0
                text3                              C48C     C48C        E        4       0
                text2                              2A0E     2A0E      480        4       0
                text1                               D2C      D2C      98A        4       0
                text0                              420E     420E      34E        4       0
                cstackCOMRAM                          1        1       3B        1       1
                cstackBANK0                          60       60       9F       60       1
                cstackBANK1                         18C      18C       69      100       1
                bssBIGRAM                           520      520      21E      520       1
                dataBANK5                           500      500       20      500       1
                dataBANK4                           4E0      4E0       20      400       1
                bssBANK4                            400      400       E0      400       1
                dataBANK3                           3E0      3E0       10      300       1
                bssBANK3                            300      300       E0      300       1
                dataBANK2                           2F9      2F9        4      200       1
                bssBANK2                            200      200       F9      200       1
                dataBANK1                           1F9      1F9        4      100       1
                bssBANK1                            100      100       8C      100       1
                bssBANK0                             FF       FF        1       60       1
                dataCOMRAM                           54       54        4        1       1
                bssCOMRAM                            3C       3C        C        1       1
                cinit                              849C     849C      11A        4       0
                nvBANK3                             3F0      3F0        C      300       1
                nvBANK2                             2FD      2FD        2      200       1
                nvBANK1                             1F5      1F5        4      100       1
                idataBANK5                         BEF6     BEF6       20        4       0
                idataBANK4                         BED6     BED6       20        4       0
                idataBANK3                         C3DC     C3DC       10        4       0
                idataBANK2                         C694     C694        4        4       0
                idataBANK1                         C690     C690        4        4       0
                idataCOMRAM                        C68C     C68C        4        4       0

TOTAL           Name                               Link     Load   Length     Space
        CLASS   STACK          
                stack                               73E      73E      7FA         2

        CLASS   CODE           
                intcode                               8        8       76         0
                init                                 7E       7E        8         0
                reset_vec                             0        0        4         0
                text327                            C6EA     C6EA        2         0
                text326                            C686     C686        6         0
                text325                            C096     C096       20         0
                text324                            C654     C654        8         0
                text323                            C6E8     C6E8        2         0
                text322                            C680     C680        6         0
                text321                            C076     C076       20         0
                text320                            C64C     C64C        8         0
                text319                            C6E6     C6E6        2         0
                text318                            C67A     C67A        6         0
                text317                            C056     C056       20         0
                text316                            C5FA     C5FA        A         0
                text315                            C036     C036       20         0
                text314                            72F6     72F6      16C         0
                text313                            86B8     86B8      100         0
                text312                            C182     C182       1C         0
                text311                            B5EE     B5EE       44         0
                text310                            AEE4     AEE4       56         0
                text309                            C6E4     C6E4        2         0
                text308                            C016     C016       20         0
                text307                            C34A     C34A       14         0
                text305                            B822     B822       36         0
                text304                            9E26     9E26       8C         0
                text303                            B0DA     B0DA       52         0
                text302                            AB52     AB52       60         0
                text301                            BA3E     BA3E       30         0
                text300                            9FC6     9FC6       8A         0
                text299                            9F3C     9F3C       8A         0
                text298                            B5AA     B5AA       44         0
                text297                            BEB4     BEB4       22         0
                text296                            6B54     6B54      198         0
                text295                            85B6     85B6      102         0
                text294                            BFF6     BFF6       20         0
                text293                            B26A     B26A       4A         0
                text292                            9B4A     9B4A       96         0
                text291                            9AB4     9AB4       96         0
                text290                            BD4C     BD4C       28         0
                text289                            A15C     A15C       84         0
                text288                            AE36     AE36       58         0
                text287                            772C     772C      15E         0
                text286                            C6D4     C6D4        4         0
                text285                            C6D0     C6D0        4         0
                text284                            C1D2     C1D2       1A         0
                text283                            BA0E     BA0E       30         0
                text282                            B3CC     B3CC       46         0
                text281                            C6CC     C6CC        4         0
                text280                            C6C8     C6C8        4         0
                text279                            C3CA     C3CA       12         0
                text278                            C4E0     C4E0        E         0
                text277                            BFD6     BFD6       20         0
                text276                            A834     A834       68         0
                text275                            8D82     8D82       F0         0
                text274                            C512     C512        C         0
                text273                            BD24     BD24       28         0
                text272                            87B8     87B8       FE         0
                text271                            B566     B566       44         0
                text270                            67DC     67DC      1CA         0
                text269                            C5F0     C5F0        A         0
                text268                            B088     B088       52         0
                text267                            88B6     88B6       FA         0
                text266                            660E     660E      1CE         0
                text265                            9A10     9A10       A4         0
                text264                            9202     9202       DE         0
                text263                            C47C     C47C       10         0
                text262                            AA90     AA90       62         0
                text261                            541C     541C      2A4         0
                text260                            75C8     75C8      164         0
                text259                            455C     455C      34A         0
                text258                            B7EC     B7EC       36         0
                text257                            AA2E     AA2E       62         0
                text256                            79D8     79D8      14C         0
                text255                            3B00     3B00      3AA         0
                text254                            A9CC     A9CC       62         0
                text253                            B522     B522       44         0
                text252                            ACCC     ACCC       5C         0
                text251                            BE92     BE92       22         0
                text250                            6CEC     6CEC      190         0
                text249                            A7CC     A7CC       68         0
                text248                            A762     A762       6A         0
                text247                            8C92     8C92       F0         0
                text246                            250E     250E      500         0
                text245                            5BC4     5BC4      238         0
                text244                            C5E6     C5E6        A         0
                text243                            9EB2     9EB2       8A         0
                text242                            B9DE     B9DE       30         0
                text241                            C5DC     C5DC        A         0
                text240                            C5D2     C5D2        A         0
                text239                            C5C8     C5C8        A         0
                text238                            98C4     98C4       A8         0
                text237                            C5BE     C5BE        A         0
                text236                            C5B4     C5B4        A         0
                text235                            C5AA     C5AA        A         0
                text234                            B036     B036       52         0
                text233                            812E     812E      12A         0
                text232                            A6F6     A6F6       6C         0
                text231                            C1B8     C1B8       1A         0
                text230                            996C     996C       A4         0
                text229                            C336     C336       14         0
                text228                            BC5A     BC5A       2A         0
                text227                            5DFC     5DFC      230         0
                text226                            BFB6     BFB6       20         0
                text225                            C674     C674        6         0
                text224                            C3B8     C3B8       12         0
                text223                            C322     C322       14         0
                text222                            C6E2     C6E2        2         0
                text221                            A2E0     A2E0       7E         0
                text220                            C66E     C66E        6         0
                text219                            BC30     BC30       2A         0
                text218                            B6F6     B6F6       40         0
                text217                            16B6     16B6      7B2         0
                text216                            7ED6     7ED6      12E         0
                text215                            AC6E     AC6E       5E         0
                text214                            A1E0     A1E0       82         0
                text213                            9770     9770       AC         0
                text212                            A0D6     A0D6       86         0
                text211                            ADDC     ADDC       5A         0
                text210                            948A     948A       CA         0
                text209                            8B9E     8B9E       F4         0
                text208                            A050     A050       86         0
                text207                            6E7C     6E7C      18C         0
                text206                            9124     9124       DE         0
                text205                            C668     C668        6         0
                text204                            2E8E     2E8E      462         0
                text203                            3750     3750      3B0         0
                text202                            AAF2     AAF2       60         0
                text201                            93B8     93B8       D2         0
                text200                            C5A0     C5A0        A         0
                text199                            AFE2     AFE2       54         0
                text198                            7462     7462      166         0
                text197                            A68A     A68A       6C         0
                text196                            C166     C166       1C         0
                text195                            C596     C596        A         0
                text194                            C58C     C58C        A         0
                text193                            AC10     AC10       5E         0
                text192                            BF96     BF96       20         0
                text191                            C24C     C24C       18         0
                text190                            BC06     BC06       2A         0
                text189                            4EA2     4EA2      2C8         0
                text188                            B8BC     B8BC       32         0
                text187                            BDE6     BDE6       24         0
                text186                            AD82     AD82       5A         0
                text185                            788A     788A      14E         0
                text184                            B4DE     B4DE       44         0
                text183                            B49A     B49A       44         0
                text182                            B386     B386       46         0
                text181                            A902     A902       66         0
                text180                            5954     5954      270         0
                text179                            C2BC     C2BC       16         0
                text178                            C234     C234       18         0
                text177                            602C     602C      214         0
                text176                            BCFC     BCFC       28         0
                text175                            B674     B674       42         0
                text174                            BCD4     BCD4       28         0
                text173                            4BAC     4BAC      2F6         0
                text172                            C6E0     C6E0        2         0
                text171                            B9AE     B9AE       30         0
                text170                            A262     A262       7E         0
                text169                            7008     7008      182         0
                text168                            6240     6240      1EE         0
                text167                            C14A     C14A       1C         0
                text166                            A5A8     A5A8       72         0
                text165                              86       86      CA6         0
                text164                            3EAA     3EAA      364         0
                text163                            960C     960C       B4         0
                text162                            A89C     A89C       66         0
                text161                            9040     9040       E4         0
                text160                            8258     8258      126         0
                text159                            B88A     B88A       32         0
                text158                            9D96     9D96       90         0
                text157                            B6B6     B6B6       40         0
                text156                            BB82     BB82       2E         0
                text155                            B21C     B21C       4E         0
                text154                            AE8E     AE8E       56         0
                text153                            BE70     BE70       22         0
                text152                            B858     B858       32         0
                text151                            BCAC     BCAC       28         0
                text150                            C3A6     C3A6       12         0
                text149                            A3D8     A3D8       78         0
                text148                            B7B0     B7B0       3C         0
                text147                            B340     B340       46         0
                text146                            92E0     92E0       D8         0
                text145                            9554     9554       B8         0
                text144                            718A     718A      16C         0
                text143                            837E     837E      11E         0
                text142                            BDC0     BDC0       26         0
                text141                            7C64     7C64      13E         0
                text140                            48A6     48A6      306         0
                text139                            8F5A     8F5A       E6         0
                text138                            B736     B736       3E         0
                text137                            BB54     BB54       2E         0
                text136                            BB26     BB26       2E         0
                text135                            BAF8     BAF8       2E         0
                text134                            C21C     C21C       18         0
                text133                            BACA     BACA       2E         0
                text132                            BA9C     BA9C       2E         0
                text131                            C2A6     C2A6       16         0
                text130                            C46C     C46C       10         0
                text129                            C582     C582        A         0
                text128                            C578     C578        A         0
                text127                            C56E     C56E        A         0
                text126                            B2FA     B2FA       46         0
                text125                            C564     C564        A         0
                text124                            C55A     C55A        A         0
                text123                            BBDC     BBDC       2A         0
                text122                            C6C4     C6C4        4         0
                text121                            C45C     C45C       10         0
                text120                            C44C     C44C       10         0
                text119                            C550     C550        A         0
                text118                            C43C     C43C       10         0
                text117                            C6DE     C6DE        2         0
                text116                            C6DC     C6DC        2         0
                text115                            C6DA     C6DA        2         0
                text114                            C644     C644        8         0
                text113                            C546     C546        A         0
                text112                            C42C     C42C       10         0
                text111                            BE4E     BE4E       22         0
                text110                            C4D2     C4D2        E         0
                text109                            AF8E     AF8E       54         0
                text108                            C4C4     C4C4        E         0
                text107                            BBB0     BBB0       2C         0
                text106                            C110     C110       1E         0
                text105                            BA6E     BA6E       2E         0
                text104                            C506     C506        C         0
                text103                            32F0     32F0      460         0
                text102                            96C0     96C0       B0         0
                text101                            8E72     8E72       E8         0
                text100                            ABB2     ABB2       5E         0
                text99                             B1CC     B1CC       50         0
                text98                             C394     C394       12         0
                text97                             1E68     1E68      6A6         0
                text96                             B17C     B17C       50         0
                text95                             C382     C382       12         0
                text94                             516A     516A      2B2         0
                text93                             A35E     A35E       7A         0
                text92                             B12C     B12C       50         0
                text91                             C370     C370       12         0
                text90                             C6C0     C6C0        4         0
                text89                             C6BC     C6BC        4         0
                text88                             BE2C     BE2C       22         0
                text87                             C6B8     C6B8        4         0
                text86                             C662     C662        6         0
                text85                             C6B4     C6B4        4         0
                text84                             C6B0     C6B0        4         0
                text83                             C19E     C19E       1A         0
                text82                             A536     A536       72         0
                text81                             C204     C204       18         0
                text80                             B97E     B97E       30         0
                text79                             C6AC     C6AC        4         0
                text78                             C6A8     C6A8        4         0
                text77                             C6A4     C6A4        4         0
                text76                             B94E     B94E       30         0
                text75                             B91E     B91E       30         0
                text74                             B8EE     B8EE       30         0
                text73                             B456     B456       44         0
                text72                             C6A0     C6A0        4         0
                text71                             C6D8     C6D8        2         0
                text70                             C65C     C65C        6         0
                text69                             C69C     C69C        4         0
                text68                             C53C     C53C        A         0
                text67                             C30E     C30E       14         0
                text66                             C698     C698        4         0
                text65                             AF3A     AF3A       54         0
                text64                             C41C     C41C       10         0
                text63                             C4FA     C4FA        C         0
                text62                             C63C     C63C        8         0
                text61                             C634     C634        8         0
                text60                             C62C     C62C        8         0
                text59                             C624     C624        8         0
                text58                             C40C     C40C       10         0
                text57                             C3FC     C3FC       10         0
                text56                             C4EE     C4EE        C         0
                text55                             C61C     C61C        8         0
                text54                             C614     C614        8         0
                text53                             C60C     C60C        8         0
                text52                             B412     B412       44         0
                text51                             9D06     9D06       90         0
                text50                             A61A     A61A       70         0
                text49                             AD28     AD28       5A         0
                text48                             C35E     C35E       12         0
                text47                             C12E     C12E       1C         0
                text46                             C2FA     C2FA       14         0
                text45                             B774     B774       3C         0
                text44                             C604     C604        8         0
                text43                             C290     C290       16         0
                text42                             C532     C532        A         0
                text41                             C528     C528        A         0
                text40                             981C     981C       A8         0
                text39                             C1EC     C1EC       18         0
                text38                             9BE0     9BE0       94         0
                text37                             C3EC     C3EC       10         0
                text36                             C4B6     C4B6        E         0
                text35                             C2E6     C2E6       14         0
                text34                             A450     A450       74         0
                text33                             BF76     BF76       20         0
                text32                             7B24     7B24      140         0
                text31                             A968     A968       64         0
                text30                             C2D2     C2D2       14         0
                text29                             C27A     C27A       16         0
                text28                             BF56     BF56       20         0
                text27                             642E     642E      1E0         0
                text26                             C4A8     C4A8        E         0
                text25                             C0F2     C0F2       1E         0
                text24                             C51E     C51E        A         0
                text23                             BF36     BF36       20         0
                text22                             BF16     BF16       20         0
                text21                             C264     C264       16         0
                text20                             C0D4     C0D4       1E         0
                text19                             BC84     BC84       28         0
                text18                             B2B4     B2B4       46         0
                text17                             C0B6     C0B6       1E         0
                text16                             BD9A     BD9A       26         0
                text15                             9C74     9C74       92         0
                text14                             BD74     BD74       26         0
                text13                             69A6     69A6      1AE         0
                text12                             B632     B632       42         0
                text11                             89B0     89B0       F8         0
                text10                             8004     8004      12A         0
                text9                              7DA2     7DA2      134         0
                text8                              A4C4     A4C4       72         0
                text7                              8AA8     8AA8       F6         0
                text6                              56C0     56C0      294         0
                text5                              BE0A     BE0A       22         0
                text4                              C49A     C49A        E         0
                text3                              C48C     C48C        E         0
                text2                              2A0E     2A0E      480         0
                text1                               D2C      D2C      98A         0
                text0                              420E     420E      34E         0
                cinit                              849C     849C      11A         0
                idataBANK5                         BEF6     BEF6       20         0
                idataBANK4                         BED6     BED6       20         0
                idataBANK3                         C3DC     C3DC       10         0
                idataBANK2                         C694     C694        4         0
                idataBANK1                         C690     C690        4         0
                idataCOMRAM                        C68C     C68C        4         0

        CLASS   CONST          

        CLASS   SMALLCONST     

        CLASS   MEDIUMCONST    
                mediumconst                        FD3E     FD3E      2C2         0

        CLASS   COMRAM         
                temp                                 48       48        C         1
                cstackCOMRAM                          1        1       3B         1
                dataCOMRAM                           54       54        4         1
                bssCOMRAM                            3C       3C        C         1

        CLASS   ABS1           

        CLASS   BIGRAM         
                bssBIGRAM                           520      520      21E         1

        CLASS   RAM            

        CLASS   BANK0          
                cstackBANK0                          60       60       9F         1
                bssBANK0                             FF       FF        1         1

        CLASS   BANK1          
                cstackBANK1                         18C      18C       69         1
                dataBANK1                           1F9      1F9        4         1
                bssBANK1                            100      100       8C         1
                nvBANK1                             1F5      1F5        4         1

        CLASS   BANK2          
                dataBANK2                           2F9      2F9        4         1
                bssBANK2                            200      200       F9         1
                nvBANK2                             2FD      2FD        2         1

        CLASS   BANK3          
                dataBANK3                           3E0      3E0       10         1
                bssBANK3                            300      300       E0         1
                nvBANK3                             3F0      3F0        C         1

        CLASS   BANK4          
                dataBANK4                           4E0      4E0       20         1
                bssBANK4                            400      400       E0         1

        CLASS   BANK5          
                dataBANK5                           500      500       20         1

        CLASS   BANK6          

        CLASS   BANK7          

        CLASS   BANK8          

        CLASS   BANK9          

        CLASS   BANK10         

        CLASS   BANK11         

        CLASS   BANK12         

        CLASS   BANK13         

        CLASS   BANK14         

        CLASS   BANK15         

        CLASS   SFR            

        CLASS   FARRAM         

        CLASS   CONFIG         
                config                           300000   300000        E         0

        CLASS   IDLOC          
                idloc                            200000   200000        8         0

        CLASS   EEDATA         



SEGMENTS        Name                           Load    Length   Top    Selector   Space  Class

                reset_vec                      000000  000004  000004         0       0  CODE    
                cstackCOMRAM                   000001  000057  000058         1       1  COMRAM  
                intcode                        000008  00C6E4  00C6EC         4       0  CODE    
                cstackBANK0                    000060  0000A0  000100        60       1  BANK0   
                bssBANK1                       000100  0000FD  0001FD       100       1  BANK1   
                bssBANK2                       000200  0000FF  0002FF       200       1  BANK2   
                bssBANK3                       000300  0000FC  0003FC       300       1  BANK3   
                bssBANK4                       000400  000100  000500       400       1  BANK4   
                dataBANK5                      000500  000020  000520       500       1  BANK5   
                bssBIGRAM                      000520  00021E  00073E       520       1  BIGRAM  
                stack                          00073E  0007FA  000F38       73E       2  STACK   
                mediumconst                    00FD3E  0002C2  010000      7E9F       0  MEDIUMCO
                idloc                          200000  000008  200008    200000       0  IDLOC   
                config                         300000  00000E  30000E    300000       0  CONFIG  


UNUSED ADDRESS RANGES

        Name                Unused          Largest block    Delta
        BANK1            0001FD-0001FF                3
        BANK10           000A00-000AFF              100
        BANK11           000B00-000BFF              100
        BANK12           000C00-000CFF              100
        BANK13           000D00-000DFF              100
        BANK14           000E00-000EFF              100
        BANK15           000F00-000F37               38
        BANK2            0002FF-0002FF                1
        BANK3            0003FC-0003FF                4
        BANK7            00073E-0007FF               C2
        BANK8            000800-0008FF              100
        BANK9            000900-0009FF              100
        BIGRAM           000058-00005F                8
                         0001FD-0001FF                3
                         0002FF-0002FF                1
                         0003FC-0003FF                4
                         00073E-000F37              7FA
        CODE             000004-000007                4
                         00C6EC-00FD3D             3652
        COMRAM           000058-00005F                8
        CONST            000004-000007                4
                         00C6EC-00FD3D             3652
        EEDATA           F00000-F003FF              400
        MEDIUMCONST      00C6EC-00FD3D             3652
        RAM              0001FD-0001FF                3
                         0002FF-0002FF                1
                         0003FC-0003FF                4
                         00073E-000F37              100
        SFR              000F38-000FFF               28
        SMALLCONST       00C6EC-00FD3D              100

                                  Symbol Table

?_ADC_GetConversion                                       cstackBANK0  000060
?_BME280_compensateHumidity                               cstackBANK0  0000A6
?_BME280_compensatePressure                               cstackBANK0  0000A6
?_BME280_compensateTemperature                            cstackBANK0  0000A6
?_BME280_getHumidity                                      cstackBANK0  0000F3
?_BME280_getPressure                                      cstackBANK0  0000F3
?_BME280_getTemperature                                   cstackBANK0  0000F3
?_ComputeMic                                              cstackBANK0  0000C7
?_ExecuteDevStatus                                        cstackBANK0  000060
?_ExecuteDutyCycle                                        cstackBANK0  000060
?_ExecuteLinkAdr                                          cstackBANK0  00006F
?_ExecuteLinkCheck                                        cstackBANK0  000060
?_ExecuteNewChannel                                       cstackBANK0  0000A6
?_ExecuteRxParamSetupReq                                  cstackBANK0  0000A6
?_ExecuteRxTimingSetup                                    cstackBANK0  000075
?_ExtractMic                                              cstackBANK0  00006B
?_GetRx1Freq                                              cstackBANK0  000060
?_MacExecuteCommands                                      cstackBANK0  0000B0
?_RADIO_ReadRandom                                        cstackBANK0  00006C
?_RADIO_ReceiveStart                                      cstackBANK0  0000B1
?_RADIO_Transmit                                          cstackBANK0  0000B1
?_Random                                                  cstackBANK0  0000AD
?_SwTimerReadValue                                        cstackBANK0  000091
?_SwTimersInterrupt                                       cstackBANK0  000080
?_TMR1_ReadTimer                                          cstackBANK0  000060
?_TMR_GetDeltaTime                                        cstackBANK0  000068
?_TMR_SwapTimer                                           cstackBANK0  000068
?_Weather_getHumidityRH                                   cstackBANK1  00018C
?_Weather_getPressureKPa                                  cstackBANK1  00018C
?_Weather_getTemperatureDegC                              cstackBANK1  00018C
?___altoft                                                cstackBANK0  0000CD
?___awdiv                                                 cstackBANK0  000066
?___awmod                                                 cstackBANK0  000060
?___ftadd                                                 cstackBANK0  00008D
?___ftdiv                                                 cstackBANK0  0000E4
?___ftmul                                                 cstackBANK0  000074
?___ftneg                                                 cstackBANK0  000060
?___ftpack                                                cstackBANK0  000060
?___ftsub                                                 cstackBANK0  0000E4
?___fttol                                                 cstackBANK0  000083
?___lldiv                                                 cstackBANK0  000060
?___llmod                                                 cstackBANK0  000060
?___lltoft                                                cstackBANK0  0000DB
?___lmul                                                  cstackBANK0  00009A
?___lwmod                                                 cstackBANK0  0000A8
?___lwtoft                                                cstackBANK0  000068
?___wmul                                                  cstackBANK0  00006E
?__div_to_l_                                              cstackBANK0  000060
?__tdiv_to_l_                                             cstackBANK0  000060
?_fround                                                  cstackBANK0  000083
?_printf                                                  cstackBANK1  00018F
?_rand                                                    cstackBANK0  0000A6
?_scale                                                   cstackBANK0  000083
?i2_SwTimersInterrupt                                     cstackCOMRAM 000021
?i2_TMR1_ReadTimer                                        cstackCOMRAM 000001
?i2_TMR_GetDeltaTime                                      cstackCOMRAM 000009
?i2_TMR_SwapTimer                                         cstackCOMRAM 000009
ADC_GetConversion@channel                                 cstackBANK0  000064
AESCmac@flag                                              cstackBANK1  0001EE
AESCmac@i                                                 cstackBANK1  0001F1
AESCmac@input                                             cstackBANK0  0000BD
AESCmac@j                                                 cstackBANK1  0001F0
AESCmac@k1                                                cstackBANK1  00019C
AESCmac@k2                                                cstackBANK1  00018C
AESCmac@key                                               cstackBANK0  0000B9
AESCmac@mLast                                             cstackBANK1  0001AC
AESCmac@n                                                 cstackBANK1  0001EF
AESCmac@output                                            cstackBANK0  0000BB
AESCmac@padded                                            cstackBANK1  0001BC
AESCmac@ptr                                               cstackBANK1  0001EC
AESCmac@size                                              cstackBANK0  0000BF
AESCmac@x                                                 cstackBANK1  0001DC
AESCmac@y                                                 cstackBANK1  0001CC
AESEncode@aux                                             cstackBANK0  000078
AESEncode@aux1                                            cstackBANK0  00007A
AESEncode@aux2                                            cstackBANK0  000079
AESEncode@aux3                                            cstackBANK0  00007B
AESEncode@block                                           cstackBANK0  000066
AESEncode@i                                               cstackBANK0  00007C
AESEncode@key                                             cstackBANK0  000068
AESEncodeLoRa@block                                       cstackBANK0  00007D
AESEncodeLoRa@key                                         cstackBANK0  00007F
AESEncodeLoRa@useKey                                      cstackBANK0  000081
AssembleEncryptionBlock@blockId                           cstackBANK0  00006F
AssembleEncryptionBlock@bufferIndex                       cstackBANK0  000073
AssembleEncryptionBlock@dir                               cstackBANK0  000072
AssembleEncryptionBlock@firstByte                         cstackBANK0  000070
AssembleEncryptionBlock@frameCounter                      cstackBANK0  00006B
AssembleEncryptionBlock@multicastStatus                   cstackBANK0  000071
AssemblePacket@buffer                                     cstackBANK0  0000C8
AssemblePacket@bufferIndex                                cstackBANK0  0000D2
AssemblePacket@bufferLength                               cstackBANK0  0000CA
AssemblePacket@confirmed                                  cstackBANK0  0000CE
AssemblePacket@fCtrl                                      cstackBANK0  0000D0
AssemblePacket@macCmdIdx                                  cstackBANK0  0000D1
AssemblePacket@mhdr                                       cstackBANK0  0000CF
AssemblePacket@port                                       cstackBANK0  0000C7
BME280_compensateHumidity@h                               cstackBANK0  0000BF
BME280_compensateHumidity@humV                            cstackBANK0  0000D7
BME280_compensatePressure@p                               cstackBANK0  0000BF
BME280_compensatePressure@pressV1                         cstackBANK0  0000C3
BME280_compensatePressure@pressV2                         cstackBANK0  0000BB
BME280_compensateTemperature@t                            cstackBANK0  0000C5
BME280_compensateTemperature@tempV1                       cstackBANK0  0000BD
BME280_compensateTemperature@tempV2                       cstackBANK0  0000C1
BME280_getHumidity@humidity                               cstackBANK0  0000F6
BME280_getPressure@pressure                               cstackBANK0  0000F6
BME280_getTemperature@temperature                         cstackBANK0  0000F6
BME280_readBlock@length                                   cstackBANK0  00007D
BME280_readBlock@read_buff                                cstackBANK0  00007B
BME280_readBlock@reg_addr                                 cstackBANK0  00007E
BME280_readByte@reg_addr                                  cstackBANK0  000077
BME280_readFactoryCalibrationParams@paramBuff             cstackBANK0  000082
BME280_readMeasurements@sensorData                        cstackBANK0  00008C
BME280_setFilterCoefficient@coeff                         cstackBANK0  000061
BME280_setOversamplingHumidity@osrs_h                     cstackBANK0  000060
BME280_setOversamplingPressure@osrs_p                     cstackBANK0  000061
BME280_setOversamplingTemperature@osrs_t                  cstackBANK0  000061
BME280_setSensorMode@mode                                 cstackBANK0  000060
BME280_setStandbyTime@sbtime                              cstackBANK0  000061
BME280_writeByte@data                                     cstackBANK0  000074
BME280_writeByte@reg_addr                                 cstackBANK0  000075
CheckFlags@hdr                                            cstackBANK0  000060
CheckMcastFlags@hdr                                       cstackBANK0  000060
ComputeMic@buffer                                         cstackBANK0  0000C9
ComputeMic@bufferLength                                   cstackBANK0  0000CB
ComputeMic@key                                            cstackBANK0  0000C7
ComputeMic@mic                                            cstackBANK0  0000CC
ComputeSessionKeys@joinAcceptBuffer                       cstackBANK0  000091
ConfigureRadio@dataRate                                   cstackBANK0  000072
ConfigureRadio@freq                                       cstackBANK0  00006E
ConfigureRadioRx@dataRate                                 cstackBANK0  000077
ConfigureRadioRx@freq                                     cstackBANK0  000073
[...]
		___ftsub       		CODE           	B632	0000	67

C:\Program Files (x86)\Microchip\xc8\v1.45\sources\common\ftsub.c estimated size: 67

C:\Program Files (x86)\Microchip\xc8\v1.45\sources\common\float.c
		___ftpack      		CODE           	96C0	0000	177

C:\Program Files (x86)\Microchip\xc8\v1.45\sources\common\float.c estimated size: 177

C:\Program Files (x86)\Microchip\xc8\v1.45\sources\common\doprnt.c
		_scale         		CODE           	2A0E	0000	1153
		_printf        		CODE           	0D2C	0000	2443
		_fround        		CODE           	56C0	0000	661

C:\Program Files (x86)\Microchip\xc8\v1.45\sources\common\doprnt.c estimated size: 4257

C:\Program Files (x86)\Microchip\xc8\v1.45\sources\common\lltoft.c
		___lltoft      		CODE           	ABB2	0000	95

C:\Program Files (x86)\Microchip\xc8\v1.45\sources\common\lltoft.c estimated size: 95

mcc_generated_files/weather.c
		_Weather_getTemperatureDegC		CODE           	C370	0000	19
		_Weather_readSensors		CODE           	C0B6	0000	31
		_Weather_getPressureKPa		CODE           	C382	0000	19
		_Weather_getHumidityRH		CODE           	C394	0000	19
		_Weather_initializeClick		CODE           	B2B4	0000	71

mcc_generated_files/weather.c estimated size: 159

C:\Program Files (x86)\Microchip\xc8\v1.45\sources\common\abdiv.c
		___abdiv       		CODE           	A89C	0000	103

C:\Program Files (x86)\Microchip\xc8\v1.45\sources\common\abdiv.c estimated size: 103

mcc_generated_files/LoRaWAN/sw_timer.c
		_SwTimerStop   		CODE           	BD4C	0000	41
		_SwTimerStart  		CODE           	9AB4	0000	151
		_TMR_GetDeltaTime		CODE           	6B54	0000	409
		_SwTimerReadValue		CODE           	B6F6	0000	65
		_SwTimerIsRunning		CODE           	BC30	0000	43
		_SwTimerCreate 		CODE           	9E26	0000	141
		_TMR_OverrideRemaining		CODE           	9B4A	0000	151
		_TMR_SwapTimer 		CODE           	B26A	0000	75
		_SwTimerSetCallback		CODE           	B566	0000	69
		_SwTimerSetTimeout		CODE           	B5AA	0000	69
		_SwTimersInterrupt		CODE           	85B6	0000	259
		_SystemBlockingWaitMs		CODE           	BA0E	0000	49
		_SwTimersExecute		CODE           	8F5A	0000	231
		_SystemTimerInit		CODE           	C644	0000	9

mcc_generated_files/LoRaWAN/sw_timer.c estimated size: 1762

mcc_generated_files/interrupt_manager.c
		_INTERRUPT_Initialize		CODE           	C6C4	0000	5
		_INTERRUPT_InterruptManager		CODE           	0008	0000	119

mcc_generated_files/interrupt_manager.c estimated size: 124

C:\Program Files (x86)\Microchip\xc8\v1.45\sources\common\Umul16.c
		___wmul        		CODE           	BCFC	0000	41

C:\Program Files (x86)\Microchip\xc8\v1.45\sources\common\Umul16.c estimated size: 41

C:\Program Files (x86)\Microchip\xc8\v1.45\sources\common\ftge.c
		___ftge        		CODE           	9C74	0000	147

C:\Program Files (x86)\Microchip\xc8\v1.45\sources\common\ftge.c estimated size: 147

mcc_generated_files/pin_manager.c
		_IOCB4_DefaultInterruptHandler		CODE           	C6E6	0000	3
		_PIN_MANAGER_Initialize		CODE           	AF8E	0000	85
		_PIN_MANAGER_IOC		CODE           	C5FA	0000	11
		_IOCB4_SetInterruptHandler		CODE           	C550	0000	11
		_IOCB4_ISR     		CODE           	C056	0000	33

mcc_generated_files/pin_manager.c estimated size: 143

C:\Program Files (x86)\Microchip\xc8\v1.45\sources\common\isdigit.c
		_isdigit       		CODE           	BE0A	0000	35

C:\Program Files (x86)\Microchip\xc8\v1.45\sources\common\isdigit.c estimated size: 35

C:\Program Files (x86)\Microchip\xc8\v1.45\sources\common\memcpy.c
		_memcpy        		CODE           	AB52	0000	97

C:\Program Files (x86)\Microchip\xc8\v1.45\sources\common\memcpy.c estimated size: 97

C:\Program Files (x86)\Microchip\xc8\v1.45\sources\common\ftdivl.c
		__tdiv_to_l_   		CODE           	7DA2	0000	309

C:\Program Files (x86)\Microchip\xc8\v1.45\sources\common\ftdivl.c estimated size: 309

C:\Program Files (x86)\Microchip\xc8\v1.45\sources\common\lwmod.c
		___lwmod       		CODE           	B522	0000	69

C:\Program Files (x86)\Microchip\xc8\v1.45\sources\common\lwmod.c estimated size: 69

C:\Program Files (x86)\Microchip\xc8\v1.45\sources\common\ftmul.c
		___ftmul       		CODE           	8AA8	0000	247

C:\Program Files (x86)\Microchip\xc8\v1.45\sources\common\ftmul.c estimated size: 247

C:\Program Files (x86)\Microchip\xc8\v1.45\sources\common\awmod.c
		___awmod       		CODE           	A4C4	0000	115

C:\Program Files (x86)\Microchip\xc8\v1.45\sources\common\awmod.c estimated size: 115

mcc_generated_files/adc.c
		_ADC_Initialize		CODE           	C2A6	0000	23
		_ADC_GetConversion		CODE           	B822	0000	55

mcc_generated_files/adc.c estimated size: 78

C:\Program Files (x86)\Microchip\xc8\v1.45\sources\common\ftdiv.c
		___ftdiv       		CODE           	8E72	0000	233

C:\Program Files (x86)\Microchip\xc8\v1.45\sources\common\ftdiv.c estimated size: 233

mcc_generated_files/LoRaWAN/lorawan_init.c
		_DIO0_ISR_Lora_Init		CODE           	C45C	0000	17
		_DIO1_ISR_Lora_Init		CODE           	C44C	0000	17
		_DIO2_ISR_Lora_Init		CODE           	C43C	0000	17
		_DIO3_ISR_Lora_Init		CODE           	C6DE	0000	3
		_DIO4_ISR_Lora_Init		CODE           	C6DC	0000	3
		_LORAWAN_PlatformInit		CODE           	BE4E	0000	35
		_DIO5_ISR_Lora_Init		CODE           	C6DA	0000	3

mcc_generated_files/LoRaWAN/lorawan_init.c estimated size: 95

mcc_generated_files/LoRaWAN/radio_driver_hal.c
		_HALDIO5PinValue		CODE           	C512	0000	13
		_HALResetPinMakeInput		CODE           	C6D4	0000	5
		_HALResetPinMakeOutput		CODE           	C6D0	0000	5
		_HALResetPinOutputValue		CODE           	C1D2	0000	27
		_HALSPISend    		CODE           	C4E0	0000	15
		_HALSPICSDeassert		CODE           	C6C8	0000	5
		_HALSPICSAssert		CODE           	C6CC	0000	5

mcc_generated_files/LoRaWAN/radio_driver_hal.c estimated size: 75

C:\Program Files (x86)\Microchip\xc8\v1.45\sources\common\llmod.c
		___llmod       		CODE           	A834	0000	105

C:\Program Files (x86)\Microchip\xc8\v1.45\sources\common\llmod.c estimated size: 105

mcc_generated_files/drivers/i2c_simple_master.c
		_i2c_readDataBlock		CODE           	A450	0000	117
		_wr1RegCompleteHandler		CODE           	B94E	0000	49
		_wr2RegCompleteHandler		CODE           	B97E	0000	49
		_i2c_write1ByteRegister		CODE           	A968	0000	101
		_rdBlkRegCompleteHandler		CODE           	B456	0000	69
		_i2c_read1ByteRegister		CODE           	9BE0	0000	149
		_rd1RegCompleteHandler		CODE           	B91E	0000	49
		_rd2RegCompleteHandler		CODE           	B8EE	0000	49

mcc_generated_files/drivers/i2c_simple_master.c estimated size: 632

mcc_generated_files/LoRaWAN/lorawan_aes_cmac.c
		_GenerateSubkey		CODE           	79D8	0000	333
		_AESCmac       		CODE           	3B00	0000	939
		_FillSubKey    		CODE           	AA2E	0000	99

mcc_generated_files/LoRaWAN/lorawan_aes_cmac.c estimated size: 1371

C:\Program Files (x86)\Microchip\xc8\v1.45\sources\common\Umul32.c
		___lmul        		CODE           	AE36	0000	89

C:\Program Files (x86)\Microchip\xc8\v1.45\sources\common\Umul32.c estimated size: 89

C:\Program Files (x86)\Microchip\xc8\v1.45\sources\common\rand.c
		_srand         		CODE           	C47C	0000	17
		_rand          		CODE           	ACCC	0000	93

C:\Program Files (x86)\Microchip\xc8\v1.45\sources\common\rand.c estimated size: 110

C:\Program Files (x86)\Microchip\xc8\v1.45\sources\common\fldivl.c
		__div_to_l_    		CODE           	8004	0000	299

C:\Program Files (x86)\Microchip\xc8\v1.45\sources\common\fldivl.c estimated size: 299

mcc_generated_files/LoRaWAN/radio_driver_SX1276.c
		_RADIO_ReceiveStart		CODE           	5DFC	0000	561
		_RADIO_Init    		CODE           	67DC	0000	459
		_RADIO_SetSpreadingFactor		CODE           	C5C8	0000	11
		_RADIO_WriteConfiguration		CODE           	250E	0000	1281
		_RADIO_RxFSKTimeout		CODE           	B7B0	0000	61
		_RADIO_WriteFSKBitRate		CODE           	A7CC	0000	105
		_RADIO_WriteMode		CODE           	87B8	0000	255
		_RADIO_Reset   		CODE           	B3CC	0000	71
		_RADIO_GetStatus		CODE           	C66E	0000	7
		_RADIO_RxDone  		CODE           	9040	0000	229
		_RADIO_WriteFSKFrequencyDeviation		CODE           	A762	0000	107
		_RADIO_GetPacketSnr		CODE           	C668	0000	7
		_RADIO_SetModulation		CODE           	C5D2	0000	11
		_RADIO_RegisterWrite		CODE           	BFD6	0000	33
		_RADIO_ReadRandom		CODE           	9A10	0000	165
		_RADIO_ReleaseData		CODE           	C674	0000	7
		_RADIO_FSKPacketSent		CODE           	7ED6	0000	303
		_RADIO_RegisterRead		CODE           	BD24	0000	41
		_RADIO_SetBandwidth		CODE           	C5E6	0000	11
		_RADIO_ReceiveStop		CODE           	BFB6	0000	33
		_RADIO_DIO0    		CODE           	9D96	0000	145
		_RADIO_DIO1    		CODE           	B21C	0000	79
		_RADIO_DIO2    		CODE           	AE8E	0000	87
		_RADIO_DIO3    		CODE           	BE70	0000	35
		_RADIO_DIO4    		CODE           	B858	0000	51
		_RADIO_DIO5    		CODE           	BCAC	0000	41
		_RADIO_FHSSChangeChannel		CODE           	B6B6	0000	65
		_RADIO_TxDone  		CODE           	8258	0000	295
		_RADIO_SetFrequencyHopPeriod		CODE           	C5DC	0000	11
		_RADIO_FSKPayloadReady		CODE           	960C	0000	181
		_RADIO_SetLoRaSyncWord		CODE           	C5F0	0000	11
		_RADIO_SetIQInverted		CODE           	C5B4	0000	11
		_RADIO_SetFSKSyncWord		CODE           	B9DE	0000	49
		_RADIO_RxTimeout		CODE           	BB82	0000	47
		_RADIO_WritePower		CODE           	8C92	0000	241
		_RADIO_SetOutputPower		CODE           	C5AA	0000	11
		_RADIO_WatchdogTimeout		CODE           	B340	0000	71
		_RADIO_SetChannelFrequency		CODE           	9EB2	0000	139
		_RADIO_Transmit		CODE           	5BC4	0000	569
		_RADIO_UnhandledInterrupt		CODE           	B88A	0000	51
		_RADIO_SetCRC  		CODE           	C5BE	0000	11
		_RADIO_WriteFrequency		CODE           	8D82	0000	241

mcc_generated_files/LoRaWAN/radio_driver_SX1276.c estimated size: 6200

mcc_generated_files/ext_int.c
		_INT1_SetInterruptHandler		CODE           	C564	0000	11
		_EXT_INT_Initialize		CODE           	BBDC	0000	43
		_INT2_SetInterruptHandler		CODE           	C55A	0000	11
		_INT1_DefaultInterruptHandler		CODE           	C6EA	0000	3
		_INT1_CallBack 		CODE           	C096	0000	33
		_INT2_DefaultInterruptHandler		CODE           	C6E8	0000	3
		_INT2_CallBack 		CODE           	C076	0000	33
		_INT1_ISR      		CODE           	C654	0000	9
		_INT2_ISR      		CODE           	C64C	0000	9

mcc_generated_files/ext_int.c estimated size: 155

mcc_generated_files/LoRaWAN/tmr_lora_addons.c
		_TMR_ISR_Lora_Init		CODE           	C42C	0000	17
		_TMR_ISR_lora  		CODE           	AEE4	0000	87

mcc_generated_files/LoRaWAN/tmr_lora_addons.c estimated size: 104

mcc_generated_files/tmr5.c
		_TMR5_HasOverflowOccured		CODE           	C506	0000	13
		_TMR5_Initialize		CODE           	C110	0000	31

mcc_generated_files/tmr5.c estimated size: 44

shared
		__powers_      		MEDIUMCONST    	FE67	0000	40
		_spreadingFactor		MEDIUMCONST    	FF03	0000	8
		_maxPayloadSize		MEDIUMCONST    	FEE5	0000	9
		_dpowers       		MEDIUMCONST    	FE3F	0000	41
		_DefaultChannels433		MEDIUMCONST    	FF16	0000	43
		_FskSyncWordBuff		MEDIUMCONST    	FF6A	0000	4
		_rxWindowSize  		MEDIUMCONST    	FEED	0000	9
		i2_TMR_SwapTimer		CODE           	B5EE	0000	69
		i2_TMR1_ReadTimer		CODE           	C036	0000	33
		_DefaultChannels868		MEDIUMCONST    	FF40	0000	43
		__npowers_     		MEDIUMCONST    	FE8E	0000	40
		_macEndDevCmdReplyLen		MEDIUMCONST    	FEF5	0000	8
		__initialization		CODE           	849C	0000	277
		_txPower433    		MEDIUMCONST    	0000	0000	0
		_txPower868    		MEDIUMCONST    	FF10	0000	7
		i2_TMR1_WriteTimer		CODE           	C182	0000	29
		_rxWindowOffset		MEDIUMCONST    	FEDD	0000	9
		_STable        		MEDIUMCONST    	FD3F	0000	257
		_fsmStateTable 		MEDIUMCONST    	FEB5	0000	33
		_modulation    		MEDIUMCONST    	FED5	0000	9
		i2_SwTimersInterrupt		CODE           	86B8	0000	257
		_bandwidth     		MEDIUMCONST    	FEFC	0000	8
		i2_TMR_GetDeltaTime		CODE           	72F6	0000	365

shared estimated size: 1598

mcc_generated_files/eusart1.c
		_EUSART1_Initialize		CODE           	B2FA	0000	71
		_putch         		CODE           	C48C	0000	15
		_EUSART1_SetFramingErrorHandler		CODE           	C578	0000	11
		_EUSART1_SetOverrunErrorHandler		CODE           	C56E	0000	11
		_EUSART1_SetErrorHandler		CODE           	C582	0000	11
		_EUSART1_Write 		CODE           	C49A	0000	15

mcc_generated_files/eusart1.c estimated size: 134

mcc_generated_files/LoRaWAN/lorawan_eu.c
		_ExecuteNewChannel		CODE           	5954	0000	625
		_ExecuteLinkAdr		CODE           	4EA2	0000	713
		_UpdateDataRange		CODE           	788A	0000	335
		_UpdateDutyCycle		CODE           	B4DE	0000	69
		_ValidateChannelMaskCntl		CODE           	BF96	0000	33
		_LORAWAN_RxTimeout		CODE           	3EAA	0000	869
		_ValidateChannelId		CODE           	BDE6	0000	37
		_InitDefault433Channels		CODE           	9FC6	0000	139
		_DutyCycleCallback		CODE           	48A6	0000	775
		_InitDefault868Channels		CODE           	9F3C	0000	139
		_SelectChannelForTransmission		CODE           	A6F6	0000	109
		_ValidateChannelMask		CODE           	AC10	0000	95
		_ValidateDataRate		CODE           	C24C	0000	25
		_ValidateRxOffset		CODE           	C234	0000	25
		_ValidateDataRange		CODE           	B386	0000	71
		_SetCallbackSoftwareTimers		CODE           	9202	0000	223
		_StartReTxTimer		CODE           	7008	0000	387
		_SearchAvailableChannel		CODE           	812E	0000	299
		_EnableChannels		CODE           	C166	0000	29
		_UpdateFrequency		CODE           	B49A	0000	69
		_ValidateFrequency		CODE           	A902	0000	103
		_EnableChannels1		CODE           	A68A	0000	109
		_ExecuteRxParamSetupReq		CODE           	602C	0000	533
		_UpdateDLSettings		CODE           	C14A	0000	29
		_GetRx1Freq    		CODE           	C3A6	0000	19
		_ValidateTxPower		CODE           	BC06	0000	43
		_LORAWAN_Init  		CODE           	AA90	0000	99
		_ConfigureRadioTx		CODE           	B036	0000	83
		_LORAWAN_Reset 		CODE           	660E	0000	463
		_ExecuteDutyCycle		CODE           	AFE2	0000	85
		_UpdateCfList  		CODE           	6240	0000	495
		_LORAWAN_SetChannelIdStatus		CODE           	AD82	0000	91
		_StopAllSoftwareTimers		CODE           	B088	0000	83
		_UpdateChannelIdStatus		CODE           	7462	0000	359
		_ConfigureRadio		CODE           	98C4	0000	169
		_LORAWAN_TxDone		CODE           	16B6	0000	1971
		_ExecuteDevStatus		CODE           	C5A0	0000	11
		_CreateAllSoftwareTimers		CODE           	B0DA	0000	83

mcc_generated_files/LoRaWAN/lorawan_eu.c estimated size: 9894

mcc_generated_files/mcc.c
		_OSCILLATOR_Initialize		CODE           	C4D2	0000	15
		_SYSTEM_Initialize		CODE           	BA6E	0000	47

mcc_generated_files/mcc.c estimated size: 62

C:\Program Files (x86)\Microchip\xc8\v1.45\sources\common\fttol.c
		___fttol       		CODE           	89B0	0000	249

C:\Program Files (x86)\Microchip\xc8\v1.45\sources\common\fttol.c estimated size: 249

mcc_generated_files/drivers/i2c_master.c
		_i2c_setDataCompleteCallback		CODE           	C204	0000	25
		_returnStop    		CODE           	C6A8	0000	5
		_i2c_setBuffer 		CODE           	C19E	0000	27
		_i2c_ISR       		CODE           	AD28	0000	91
		_i2c_close     		CODE           	BE2C	0000	35
		_i2c_masterOperation		CODE           	B774	0000	61
		_do_I2C_TX_EMPTY		CODE           	AF3A	0000	85
		_setCallBack   		CODE           	A536	0000	115
		_returnReset   		CODE           	C6A4	0000	5
		_do_I2C_SEND_RESTART_WRITE		CODE           	C634	0000	9
		_i2c_poller    		CODE           	C12E	0000	29
		_i2c_masterWrite		CODE           	C604	0000	9
		_do_I2C_DO_NACK_RESTART		CODE           	C60C	0000	9
		_do_I2C_SEND_RESTART_READ		CODE           	C63C	0000	9
		_i2c_setAddressNACKCallback		CODE           	C1EC	0000	25
		_do_I2C_SEND_ADR_WRITE		CODE           	C3FC	0000	17
		_do_I2C_SEND_STOP		CODE           	C624	0000	9
		_i2c_open      		CODE           	981C	0000	169
		_do_I2C_SEND_ADR_READ		CODE           	C40C	0000	17
		_do_I2C_DO_NACK_STOP		CODE           	C614	0000	9
		_do_I2C_SEND_RESTART		CODE           	C62C	0000	9
		_do_I2C_RX     		CODE           	A61A	0000	113
		_do_I2C_TX     		CODE           	9D06	0000	145
		_do_I2C_IDLE   		CODE           	C4FA	0000	13
		_do_I2C_RCEN   		CODE           	C4EE	0000	13
		_do_I2C_DO_ADDRESS_NACK		CODE           	B412	0000	69
		_do_I2C_RESET  		CODE           	C41C	0000	17
		_do_I2C_DO_ACK 		CODE           	C61C	0000	9

mcc_generated_files/drivers/i2c_master.c estimated size: 1148

mcc_generated_files/tmr1.c
		_TMR1_Initialize		CODE           	BBB0	0000	45
		_TMR1_SetInterruptHandler		CODE           	C546	0000	11
		_TMR1_DefaultInterruptHandler		CODE           	C6E4	0000	3
		_TMR1_CallBack 		CODE           	C016	0000	33
		_TMR1_WriteTimer		CODE           	BFF6	0000	33
		_TMR1_ReadTimer		CODE           	BEB4	0000	35
		_TMR1_ISR      		CODE           	C34A	0000	21

mcc_generated_files/tmr1.c estimated size: 181

mcc_generated_files/drivers/i2c_types.c
		_i2c_restartWrite		CODE           	C6AC	0000	5

mcc_generated_files/drivers/i2c_types.c estimated size: 5

C:\Program Files (x86)\Microchip\xc8\v1.45\sources\common\awdiv.c
		___awdiv       		CODE           	A050	0000	135

C:\Program Files (x86)\Microchip\xc8\v1.45\sources\common\awdiv.c estimated size: 135

C:\Program Files (x86)\Microchip\xc8\v1.45\sources\common\ftadd.c
		___ftadd       		CODE           	69A6	0000	431

C:\Program Files (x86)\Microchip\xc8\v1.45\sources\common\ftadd.c estimated size: 431

mcc_generated_files/delay.c
		_DELAY_milliseconds		CODE           	BC84	0000	41

mcc_generated_files/delay.c estimated size: 41

mcc_generated_files/i2c1_driver.c
		_mssp1_waitForEvent		CODE           	C35E	0000	19
		_i2c1_driver_open		CODE           	C290	0000	23
		_mssp1_disableIRQ		CODE           	C6BC	0000	5
		_i2c1_driver_isNACK		CODE           	C30E	0000	21
		_i2c1_driver_stop		CODE           	C6B0	0000	5
		_i2c1_driver_getRXData		CODE           	C69C	0000	5
		_i2c1_driver_TXData		CODE           	C53C	0000	11
		_i2c1_driver_setBusCollisionISR		CODE           	C532	0000	11
		_i2c1_driver_start		CODE           	C6B8	0000	5
		_i2c1_driver_sendACK		CODE           	C662	0000	7
		_mssp1_setIRQ  		CODE           	C698	0000	5
		_i2c1_driver_sendNACK		CODE           	C65C	0000	7
		_i2c1_driver_restart		CODE           	C6B4	0000	5
		_i2c1_driver_resetBus		CODE           	C6D8	0000	3
		_mssp1_clearIRQ		CODE           	C6C0	0000	5
		_i2c1_driver_startRX		CODE           	C6A0	0000	5
		_i2c1_driver_setI2cISR		CODE           	C528	0000	11
		_mssp1_IRQisEnabled		CODE           	C2FA	0000	21

mcc_generated_files/i2c1_driver.c estimated size: 174

mcc_generated_files/LoRaWAN/AES.c
		_AESEncode     		CODE           	455C	0000	843
		_EncKeySchedule		CODE           	541C	0000	677
		_EncodeShiftRow		CODE           	75C8	0000	357

mcc_generated_files/LoRaWAN/AES.c estimated size: 1877

C:\Program Files (x86)\Microchip\xc8\v1.45\sources\common\lldiv.c
		___lldiv       		CODE           	A15C	0000	133

C:\Program Files (x86)\Microchip\xc8\v1.45\sources\common\lldiv.c estimated size: 133

mcc_generated_files/spi2.c
		_SPI2_Exchange8bit		CODE           	C3CA	0000	19
		_SPI2_Initialize		CODE           	C4C4	0000	15

mcc_generated_files/spi2.c estimated size: 34

mcc_generated_files/ccp5.c
		_CCP5_Initialize		CODE           	C46C	0000	17

mcc_generated_files/ccp5.c estimated size: 17

main.c
		_RxData        		CODE           	C6E2	0000	3
		_main          		CODE           	420E	0000	847
		_RxJoinResponse		CODE           	C6E0	0000	3

main.c estimated size: 853

C:\Program Files (x86)\Microchip\xc8\v1.45\sources\common\lwtoft.c
		___lwtoft      		CODE           	BD9A	0000	39

C:\Program Files (x86)\Microchip\xc8\v1.45\sources\common\lwtoft.c estimated size: 39

C:\Program Files (x86)\Microchip\xc8\v1.45\sources\common\altoft.c
		___altoft      		CODE           	A35E	0000	123

C:\Program Files (x86)\Microchip\xc8\v1.45\sources\common\altoft.c estimated size: 123

C:\Program Files (x86)\Microchip\xc8\v1.45\sources\common\memset.c
		_memset        		CODE           	BA3E	0000	49

C:\Program Files (x86)\Microchip\xc8\v1.45\sources\common\memset.c estimated size: 49

